front/s12_p_bbavza BIN BLUE AT V ZERO AGAIN
front/s12_p_bbbo1p BIN BLUE BY O ONE PLEASE
front/s12_p_bbwa4a BIN BLUE WITH A FOUR AGAIN
front/s12_p_bgwj3a BIN GREEN WITH J THREE AGAIN
front/s12_p_brau1n BIN RED AT U ONE NOW
front/s12_p_brbi3s BIN RED BY I THREE SOON
front/s12_p_bria5s BIN RED IN A FIVE SOON
front/s12_p_brwpza BIN RED WITH P ZERO AGAIN
front/s12_p_bwat9s BIN WHITE AT T NINE SOON
front/s12_p_bwwo4s BIN WHITE WITH O FOUR SOON
front/s12_p_lbas9a LAY BLUE AT S NINE AGAIN
front/s12_p_lbbs9a LAY BLUE BY S NINE AGAIN
front/s12_p_lbiz8s LAY BLUE IN Z EIGHT SOON
front/s12_p_lbwf9a LAY BLUE WITH F NINE AGAIN
front/s12_p_lgat6s LAY GREEN AT T SIX SOON
front/s12_p_lgbbzp LAY GREEN BY B ZERO PLEASE
front/s12_p_lgbi2n LAY GREEN BY I TWO NOW
front/s12_p_lgwp3n LAY GREEN WITH P THREE NOW
front/s12_p_lrag5a LAY RED AT G FIVE AGAIN
front/s12_p_lril4p LAY RED IN L FOUR PLEASE
front/s12_p_lrwn8n LAY RED WITH N EIGHT NOW
front/s12_p_lrwu3a LAY RED WITH U THREE AGAIN
front/s12_p_lwamzn LAY WHITE AT M ZERO NOW
front/s12_p_lwbm4s LAY WHITE BY M FOUR SOON
front/s12_p_lwwh7p LAY WHITE WITH H SEVEN PLEASE
front/s12_p_pbbf5a PLACE BLUE BY F FIVE AGAIN
front/s12_p_pbbq7n PLACE BLUE BY Q SEVEN NOW
front/s12_p_pbie8a PLACE BLUE IN E EIGHT AGAIN
front/s12_p_pgaz5a PLACE GREEN AT Z FIVE AGAIN
front/s12_p_pgiq7n PLACE GREEN IN Q SEVEN NOW
front/s12_p_pgir6s PLACE GREEN IN R SIX SOON
front/s12_p_pgwb2s PLACE GREEN WITH B TWO SOON
front/s12_p_pgwn2p PLACE GREEN WITH N TWO PLEASE
front/s12_p_prwrzp PLACE RED WITH R ZERO PLEASE
front/s12_p_pwak7p PLACE WHITE AT K SEVEN PLEASE
front/s12_p_pwbg2s PLACE WHITE BY G TWO SOON
front/s12_p_sbax1a SET BLUE AT X ONE AGAIN
front/s12_p_sbbc2s SET BLUE BY C TWO SOON
front/s12_p_sbwd1a SET BLUE WITH D ONE AGAIN
front/s12_p_sgaj3p SET GREEN AT J THREE PLEASE
front/s12_p_sgax6s SET GREEN AT X SIX SOON
front/s12_p_sgwd7p SET GREEN WITH D SEVEN PLEASE
front/s12_p_srby5p SET RED BY Y FIVE PLEASE
front/s12_p_srih9p SET RED IN H NINE PLEASE
front/s12_p_srwe4n SET RED WITH E FOUR NOW
front/s12_p_srwk8a SET RED WITH K EIGHT AGAIN
front/s12_p_swac6p SET WHITE AT C SIX PLEASE
front/s12_p_swby8s SET WHITE BY Y EIGHT SOON
front/s12_p_swiv6s SET WHITE IN V SIX SOON
front/s12_p_swwl1n SET WHITE WITH L ONE NOW
front/s13_p_bbah3p BIN BLUE AT H THREE PLEASE
front/s13_p_bbbm6s BIN BLUE BY M SIX SOON
front/s13_p_bbbt3s BIN BLUE BY T THREE SOON
front/s13_p_bbbtzp BIN BLUE BY T ZERO PLEASE
front/s13_p_bbwn8n BIN BLUE WITH N EIGHT NOW
front/s13_p_bgan6s BIN GREEN AT N SIX SOON
front/s13_p_bgap4p BIN GREEN AT P FOUR PLEASE
front/s13_p_bgau9n BIN GREEN AT U NINE NOW
front/s13_p_bgwezp BIN GREEN WITH E ZERO PLEASE
front/s13_p_brav6s BIN RED AT V SIX SOON
front/s13_p_brbi5a BIN RED BY I FIVE AGAIN
front/s13_p_brbm9n BIN RED BY M NINE NOW
front/s13_p_brwxzs BIN RED WITH X ZERO SOON
front/s13_p_bwah5p BIN WHITE AT H FIVE PLEASE
front/s13_p_bwbd4a BIN WHITE BY D FOUR AGAIN
front/s13_p_bwic1a BIN WHITE IN C ONE AGAIN
front/s13_p_bwwx8a BIN WHITE WITH X EIGHT AGAIN
front/s13_p_lbbf7p LAY BLUE BY F SEVEN PLEASE
front/s13_p_lbbgzs LAY BLUE BY G ZERO SOON
front/s13_p_lbbr2n LAY BLUE BY R TWO NOW
front/s13_p_lgab1a LAY GREEN AT B ONE AGAIN
front/s13_p_lgia7s LAY GREEN IN A SEVEN SOON
front/s13_p_lgwj1p LAY GREEN WITH J ONE PLEASE
front/s13_p_lgwo9a LAY GREEN WITH O NINE AGAIN
front/s13_p_lrba8a LAY RED BY A EIGHT AGAIN
front/s13_p_lrif7s LAY RED IN F SEVEN SOON
front/s13_p_lris2p LAY RED IN S TWO PLEASE
front/s13_p_lwbb6p LAY WHITE BY B SIX PLEASE
front/s13_p_lwby6s LAY WHITE BY Y SIX SOON
front/s13_p_lwig9p LAY WHITE IN G NINE PLEASE
front/s13_p_pbip1p PLACE BLUE IN P ONE PLEASE
front/s13_p_pbwr4s PLACE BLUE WITH R FOUR SOON
front/s13_p_pgak3n PLACE GREEN AT K THREE NOW
front/s13_p_prik2a PLACE RED IN K TWO AGAIN
front/s13_p_pway1a PLACE WHITE AT Y ONE AGAIN
front/s13_p_pwiszs PLACE WHITE IN S ZERO SOON
front/s13_p_pwwl2s PLACE WHITE WITH L TWO SOON
front/s13_p_sbbd5p SET BLUE BY D FIVE PLEASE
front/s13_p_sbbu4n SET BLUE BY U FOUR NOW
front/s13_p_sgbq7s SET GREEN BY Q SEVEN SOON
front/s13_p_sgbz7s SET GREEN BY Z SEVEN SOON
front/s13_p_sgij8a SET GREEN IN J EIGHT AGAIN
front/s13_p_srai5p SET RED AT I FIVE PLEASE
front/s13_p_srao3p SET RED AT O THREE PLEASE
front/s13_p_srbq4a SET RED BY Q FOUR AGAIN
front/s13_p_sric3n SET RED IN C THREE NOW
front/s13_p_sriv8a SET RED IN V EIGHT AGAIN
front/s13_p_swbe9n SET WHITE BY E NINE NOW
front/s13_p_swwl2n SET WHITE WITH L TWO NOW
front/s13_p_swwz5n SET WHITE WITH Z FIVE NOW
front/s24_p_bbbv5p BIN BLUE BY V FIVE PLEASE
front/s24_p_bbwu4a BIN BLUE WITH U FOUR AGAIN
front/s24_p_bgac3p BIN GREEN AT C THREE PLEASE
front/s24_p_bgbx6s BIN GREEN BY X SIX SOON
front/s24_p_bgwi2p BIN GREEN WITH I TWO PLEASE
front/s24_p_brbpzn BIN RED BY P ZERO NOW
front/s24_p_brim6a BIN RED IN M SIX AGAIN
front/s24_p_briozp BIN RED IN O ZERO PLEASE
front/s24_p_bwin3n BIN WHITE IN N THREE NOW
front/s24_p_lbad9n LAY BLUE AT D NINE NOW
front/s24_p_lbaf9a LAY BLUE AT F NINE AGAIN
front/s24_p_lbwg8s LAY BLUE WITH G EIGHT SOON
front/s24_p_lbws4p LAY BLUE WITH S FOUR PLEASE
front/s24_p_lgib2n LAY GREEN IN B TWO NOW
front/s24_p_lgiu9p LAY GREEN IN U NINE PLEASE
front/s24_p_lgwx1p LAY GREEN WITH X ONE PLEASE
front/s24_p_lrbh3n LAY RED BY H THREE NOW
front/s24_p_lrif9p LAY RED IN F NINE PLEASE
front/s24_p_lriz2p LAY RED IN Z TWO PLEASE
front/s24_p_lwat7p LAY WHITE AT T SEVEN PLEASE
front/s24_p_lwaz4a LAY WHITE AT Z FOUR AGAIN
front/s24_p_lwba4s LAY WHITE BY A FOUR SOON
front/s24_p_lwih3p LAY WHITE IN H THREE PLEASE
front/s24_p_lwit8s LAY WHITE IN T EIGHT SOON
front/s24_p_lwwozp LAY WHITE WITH O ZERO PLEASE
front/s24_p_pbaj7s PLACE BLUE AT J SEVEN SOON
front/s24_p_pbar1s PLACE BLUE AT R ONE SOON
front/s24_p_pbbl3p PLACE BLUE BY L THREE PLEASE
front/s24_p_pbbl6p PLACE BLUE BY L SIX PLEASE
front/s24_p_pbip5s PLACE BLUE IN P FIVE SOON
front/s24_p_pgar5a PLACE GREEN AT R FIVE AGAIN
front/s24_p_pgwn7p PLACE GREEN WITH N SEVEN PLEASE
front/s24_p_prby1p PLACE RED BY Y ONE PLEASE
front/s24_p_pwbm6a PLACE WHITE BY M SIX AGAIN
front/s24_p_pwis2p PLACE WHITE IN S TWO PLEASE
front/s24_p_pwwk9a PLACE WHITE WITH K NINE AGAIN
front/s24_p_sbig5n SET BLUE IN G FIVE NOW
front/s24_p_sbwi8a SET BLUE WITH I EIGHT AGAIN
front/s24_p_sgak8n SET GREEN AT K EIGHT NOW
front/s24_p_sgaq6n SET GREEN AT Q SIX NOW
front/s24_p_sgav7s SET GREEN AT V SEVEN SOON
front/s24_p_sgie1n SET GREEN IN E ONE NOW
front/s24_p_sgiqzs SET GREEN IN Q ZERO SOON
front/s24_p_sraa2s SET RED AT A TWO SOON
front/s24_p_srbdzp SET RED BY D ZERO PLEASE
front/s24_p_srbj8n SET RED BY J EIGHT NOW
front/s24_p_srib7n SET RED IN B SEVEN NOW
front/s24_p_sric4n SET RED IN C FOUR NOW
front/s24_p_swbe5n SET WHITE BY E FIVE NOW
front/s24_p_swby1a SET WHITE BY Y ONE AGAIN
front/s30_p_bbbm4a BIN BLUE BY M FOUR AGAIN
front/s30_p_bbil7a BIN BLUE IN L SEVEN AGAIN
front/s30_p_bgbc2s BIN GREEN BY C TWO SOON
front/s30_p_brao4p BIN RED AT O FOUR PLEASE
front/s30_p_brbn4s BIN RED BY N FOUR SOON
front/s30_p_brbu8a BIN RED BY U EIGHT AGAIN
front/s30_p_brwa9s BIN RED WITH A NINE SOON
front/s30_p_brwp1n BIN RED WITH P ONE NOW
front/s30_p_bwavzp BIN WHITE AT V ZERO PLEASE
front/s30_p_bwbx1s BIN WHITE BY X ONE SOON
front/s30_p_bwih1p BIN WHITE IN H ONE PLEASE
front/s30_p_bwwo8n BIN WHITE WITH O EIGHT NOW
front/s30_p_lbay7s LAY BLUE AT Y SEVEN SOON
front/s30_p_lbig4a LAY BLUE IN G FOUR AGAIN
front/s30_p_lbwg1p LAY BLUE WITH G ONE PLEASE
front/s30_p_lbwr7n LAY BLUE WITH R SEVEN NOW
front/s30_p_lbwzzp LAY BLUE WITH Z ZERO PLEASE
front/s30_p_lgab5p LAY GREEN AT B FIVE PLEASE
front/s30_p_lgibzp LAY GREEN IN B ZERO PLEASE
front/s30_p_lrbszs LAY RED BY S ZERO SOON
front/s30_p_lriy5p LAY RED IN Y FIVE PLEASE
front/s30_p_lwbhza LAY WHITE BY H ZERO AGAIN
front/s30_p_lwbn5p LAY WHITE BY N FIVE PLEASE
front/s30_p_pbbk7s PLACE BLUE BY K SEVEN SOON
front/s30_p_pbwr5s PLACE BLUE WITH R FIVE SOON
front/s30_p_pgam3s PLACE GREEN AT M THREE SOON
front/s30_p_pgbt9s PLACE GREEN BY T NINE SOON
front/s30_p_pgis8p PLACE GREEN IN S EIGHT PLEASE
front/s30_p_pgwt4s PLACE GREEN WITH T FOUR SOON
front/s30_p_prap8n PLACE RED AT P EIGHT NOW
front/s30_p_prik6n PLACE RED IN K SIX NOW
front/s30_p_prix6s PLACE RED IN X SIX SOON
front/s30_p_prwz3a PLACE RED WITH Z THREE AGAIN
front/s30_p_pwbf6n PLACE WHITE BY F SIX NOW
front/s30_p_pwbf9a PLACE WHITE BY F NINE AGAIN
front/s30_p_pwie2p PLACE WHITE IN E TWO PLEASE
front/s30_p_sbaj6a SET BLUE AT J SIX AGAIN
front/s30_p_sbau9a SET BLUE AT U NINE AGAIN
front/s30_p_sbwj3s SET BLUE WITH J THREE SOON
front/s30_p_sgbd2p SET GREEN BY D TWO PLEASE
front/s30_p_sgbi2s SET GREEN BY I TWO SOON
front/s30_p_sgwd2s SET GREEN WITH D TWO SOON
front/s30_p_sgwe3a SET GREEN WITH E THREE AGAIN
front/s30_p_sgwl6s SET GREEN WITH L SIX SOON
front/s30_p_srai1a SET RED AT I ONE AGAIN
front/s30_p_swac9a SET WHITE AT C NINE AGAIN
front/s30_p_swbq3a SET WHITE BY Q THREE AGAIN
front/s30_p_swbv5s SET WHITE BY V FIVE SOON
front/s30_p_swwq7a SET WHITE WITH Q SEVEN AGAIN
front/s31_p_bbib2p BIN BLUE IN B TWO PLEASE
front/s31_p_bbwg8a BIN BLUE WITH G EIGHT AGAIN
front/s31_p_bgaq1a BIN GREEN AT Q ONE AGAIN
front/s31_p_bgiv1n BIN GREEN IN V ONE NOW
front/s31_p_bgwdzn BIN GREEN WITH D ZERO NOW
front/s31_p_brbc7n BIN RED BY C SEVEN NOW
front/s31_p_brbn3n BIN RED BY N THREE NOW
front/s31_p_brif9n BIN RED IN F NINE NOW
front/s31_p_bwab8p BIN WHITE AT B EIGHT PLEASE
front/s31_p_bwwozp BIN WHITE WITH O ZERO PLEASE
front/s31_p_lbbj7p LAY BLUE BY J SEVEN PLEASE
front/s31_p_lbiy9s LAY BLUE IN Y NINE SOON
front/s31_p_lbwm2n LAY BLUE WITH M TWO NOW
front/s31_p_lgbt7n LAY GREEN BY T SEVEN NOW
front/s31_p_lgim6n LAY GREEN IN M SIX NOW
front/s31_p_lgwh4s LAY GREEN WITH H FOUR SOON
front/s31_p_lrat2n LAY RED AT T TWO NOW
front/s31_p_lrbg3n LAY RED BY G THREE NOW
front/s31_p_lrie4a LAY RED IN E FOUR AGAIN
front/s31_p_lrir7n LAY RED IN R SEVEN NOW
front/s31_p_lwbu9s LAY WHITE BY U NINE SOON
front/s31_p_lwiuza LAY WHITE IN U ZERO AGAIN
front/s31_p_pbay5a PLACE BLUE AT Y FIVE AGAIN
front/s31_p_pbbj8s PLACE BLUE BY J EIGHT SOON
front/s31_p_pbbr3s PLACE BLUE BY R THREE SOON
front/s31_p_pgiaza PLACE GREEN IN A ZERO AGAIN
front/s31_p_pgwa5p PLACE GREEN WITH A FIVE PLEASE
front/s31_p_pgwh6p PLACE GREEN WITH H SIX PLEASE
front/s31_p_prax2n PLACE RED AT X TWO NOW
front/s31_p_prie9s PLACE RED IN E NINE SOON
front/s31_p_prws1n PLACE RED WITH S ONE NOW
front/s31_p_prwz1p PLACE RED WITH Z ONE PLEASE
front/s31_p_pwbf8n PLACE WHITE BY F EIGHT NOW
front/s31_p_pwil3s PLACE WHITE IN L THREE SOON
front/s31_p_pwiq9p PLACE WHITE IN Q NINE PLEASE
front/s31_p_pwws5s PLACE WHITE WITH S FIVE SOON
front/s31_p_sbai5s SET BLUE AT I FIVE SOON
front/s31_p_sbao6a SET BLUE AT O SIX AGAIN
front/s31_p_sbbv6s SET BLUE BY V SIX SOON
front/s31_p_sbwc4p SET BLUE WITH C FOUR PLEASE
front/s31_p_sgap6p SET GREEN AT P SIX PLEASE
front/s31_p_sgbk5n SET GREEN BY K FIVE NOW
front/s31_p_sgix8s SET GREEN IN X EIGHT SOON
front/s31_p_srai4a SET RED AT I FOUR AGAIN
front/s31_p_swadzp SET WHITE AT D ZERO PLEASE
front/s31_p_swbk4n SET WHITE BY K FOUR NOW
front/s31_p_swbl2a SET WHITE BY L TWO AGAIN
front/s31_p_swbp7s SET WHITE BY P SEVEN SOON
front/s31_p_swwz1a SET WHITE WITH Z ONE AGAIN
front/s45_p_bbwc6s BIN BLUE WITH C SIX SOON
front/s45_p_bgaj9a BIN GREEN AT J NINE AGAIN
front/s45_p_bgbv2p BIN GREEN BY V TWO PLEASE
front/s45_p_bgwd3p BIN GREEN WITH D THREE PLEASE
front/s45_p_bgwk7n BIN GREEN WITH K SEVEN NOW
front/s45_p_bgwx7n BIN GREEN WITH X SEVEN NOW
front/s45_p_brao1n BIN RED AT O ONE NOW
front/s45_p_brbo3s BIN RED BY O THREE SOON
front/s45_p_brif8p BIN RED IN F EIGHT PLEASE
front/s45_p_brwi2p BIN RED WITH I TWO PLEASE
front/s45_p_bwabzs BIN WHITE AT B ZERO SOON
front/s45_p_bwia9n BIN WHITE IN A NINE NOW
front/s45_p_lbae1n LAY BLUE AT E ONE NOW
front/s45_p_lbas9p LAY BLUE AT S NINE PLEASE
front/s45_p_lbbl5p LAY BLUE BY L FIVE PLEASE
front/s45_p_lbwgzp LAY BLUE WITH G ZERO PLEASE
front/s45_p_lbwt4p LAY BLUE WITH T FOUR PLEASE
front/s45_p_lgih7s LAY GREEN IN H SEVEN SOON
front/s45_p_lgit9p LAY GREEN IN T NINE PLEASE
front/s45_p_lraz6a LAY RED AT Z SIX AGAIN
front/s45_p_lrbn9s LAY RED BY N NINE SOON
front/s45_p_lrwazn LAY RED WITH A ZERO NOW
front/s45_p_lwam8p LAY WHITE AT M EIGHT PLEASE
front/s45_p_lwbg7a LAY WHITE BY G SEVEN AGAIN
front/s45_p_lwbh5n LAY WHITE BY H FIVE NOW
front/s45_p_pbap7n PLACE BLUE AT P SEVEN NOW
front/s45_p_pbiq6s PLACE BLUE IN Q SIX SOON
front/s45_p_pbwx4p PLACE BLUE WITH X FOUR PLEASE
front/s45_p_pgae2p PLACE GREEN AT E TWO PLEASE
front/s45_p_pgal4a PLACE GREEN AT L FOUR AGAIN
front/s45_p_pgwb3a PLACE GREEN WITH B THREE AGAIN
front/s45_p_prbf1p PLACE RED BY F ONE PLEASE
front/s45_p_prbr3p PLACE RED BY R THREE PLEASE
front/s45_p_prws2p PLACE RED WITH S TWO PLEASE
front/s45_p_pwiq5n PLACE WHITE IN Q FIVE NOW
front/s45_p_pwiz5a PLACE WHITE IN Z FIVE AGAIN
front/s45_p_pwwm6p PLACE WHITE WITH M SIX PLEASE
front/s45_p_sbav4p SET BLUE AT V FOUR PLEASE
front/s45_p_sbbd5a SET BLUE BY D FIVE AGAIN
front/s45_p_sbiu4a SET BLUE IN U FOUR AGAIN
front/s45_p_sbwi6p SET BLUE WITH I SIX PLEASE
front/s45_p_sgaj8a SET GREEN AT J EIGHT AGAIN
front/s45_p_sgic8n SET GREEN IN C EIGHT NOW
front/s45_p_sgwk3a SET GREEN WITH K THREE AGAIN
front/s45_p_srbp8p SET RED BY P EIGHT PLEASE
front/s45_p_sriuzn SET RED IN U ZERO NOW
front/s45_p_swar1n SET WHITE AT R ONE NOW
front/s45_p_swayzs SET WHITE AT Y ZERO SOON
front/s45_p_swby2n SET WHITE BY Y TWO NOW
front/s45_p_swin1n SET WHITE IN N ONE NOW
front/s49_p_bban7a BIN BLUE AT N SEVEN AGAIN
front/s49_p_bbas5n BIN BLUE AT S FIVE NOW
front/s49_p_bbwo3n BIN BLUE WITH O THREE NOW
front/s49_p_bgak2a BIN GREEN AT K TWO AGAIN
front/s49_p_bgax4n BIN GREEN AT X FOUR NOW
front/s49_p_bgiv8s BIN GREEN IN V EIGHT SOON
front/s49_p_brbp4a BIN RED BY P FOUR AGAIN
front/s49_p_brbu4s BIN RED BY U FOUR SOON
front/s49_p_brim1s BIN RED IN M ONE SOON
front/s49_p_brwu6p BIN RED WITH U SIX PLEASE
front/s49_p_brwv2s BIN RED WITH V TWO SOON
front/s49_p_bwbb2p BIN WHITE BY B TWO PLEASE
front/s49_p_lbig1s LAY BLUE IN G ONE SOON
front/s49_p_lgin1n LAY GREEN IN N ONE NOW
front/s49_p_lraa5a LAY RED AT A FIVE AGAIN
front/s49_p_lrir8s LAY RED IN R EIGHT SOON
front/s49_p_lrit7a LAY RED IN T SEVEN AGAIN
front/s49_p_lwbg4a LAY WHITE BY G FOUR AGAIN
front/s49_p_lwie7s LAY WHITE IN E SEVEN SOON
front/s49_p_lwwi5s LAY WHITE WITH I FIVE SOON
front/s49_p_pbblzn PLACE BLUE BY L ZERO NOW
front/s49_p_pbby9a PLACE BLUE BY Y NINE AGAIN
front/s49_p_pbir2n PLACE BLUE IN R TWO NOW
front/s49_p_pbixza PLACE BLUE IN X ZERO AGAIN
front/s49_p_pgae6s PLACE GREEN AT E SIX SOON
front/s49_p_pgat3a PLACE GREEN AT T THREE AGAIN
front/s49_p_pgay7s PLACE GREEN AT Y SEVEN SOON
front/s49_p_pgim1a PLACE GREEN IN M ONE AGAIN
front/s49_p_pgwz6a PLACE GREEN WITH Z SIX AGAIN
front/s49_p_prbf8p PLACE RED BY F EIGHT PLEASE
front/s49_p_prwf9s PLACE RED WITH F NINE SOON
front/s49_p_pwbj3p PLACE WHITE BY J THREE PLEASE
front/s49_p_pwbz1n PLACE WHITE BY Z ONE NOW
front/s49_p_pwid2s PLACE WHITE IN D TWO SOON
front/s49_p_pwws9s PLACE WHITE WITH S NINE SOON
front/s49_p_sbaa8n SET BLUE AT A EIGHT NOW
front/s49_p_sbbo6a SET BLUE BY O SIX AGAIN
front/s49_p_sbib6s SET BLUE IN B SIX SOON
front/s49_p_sbwiza SET BLUE WITH I ZERO AGAIN
front/s49_p_sbwqzp SET BLUE WITH Q ZERO PLEASE
front/s49_p_sgah9p SET GREEN AT H NINE PLEASE
front/s49_p_sgap4p SET GREEN AT P FOUR PLEASE
front/s49_p_sgblzp SET GREEN BY L ZERO PLEASE
front/s49_p_sgwd8s SET GREEN WITH D EIGHT SOON
front/s49_p_srac5n SET RED AT C FIVE NOW
front/s49_p_srah7s SET RED AT H SEVEN SOON
front/s49_p_sric9a SET RED IN C NINE AGAIN
front/s49_p_swbk3n SET WHITE BY K THREE NOW
front/s49_p_swwj3n SET WHITE WITH J THREE NOW
front/s49_p_swwq5s SET WHITE WITH Q FIVE SOON
front/s4_p_bbai2p BIN BLUE AT I TWO PLEASE
front/s4_p_bbwp3a BIN BLUE WITH P THREE AGAIN
front/s4_p_bbwt4s BIN BLUE WITH T FOUR SOON
front/s4_p_brbb6p BIN RED BY B SIX PLEASE
front/s4_p_brbizp BIN RED BY I ZERO PLEASE
front/s4_p_brbj1s BIN RED BY J ONE SOON
front/s4_p_brio1n BIN RED IN O ONE NOW
front/s4_p_bris6a BIN RED IN S SIX AGAIN
front/s4_p_bwbg9n BIN WHITE BY G NINE NOW
front/s4_p_bwim9n BIN WHITE IN M NINE NOW
front/s4_p_bwwc7a BIN WHITE WITH C SEVEN AGAIN
front/s4_p_bwwv6s BIN WHITE WITH V SIX SOON
front/s4_p_lbar3n LAY BLUE AT R THREE NOW
front/s4_p_lbbf2n LAY BLUE BY F TWO NOW
front/s4_p_lbbh2a LAY BLUE BY H TWO AGAIN
front/s4_p_lgas8n LAY GREEN AT S EIGHT NOW
front/s4_p_lgbn4p LAY GREEN BY N FOUR PLEASE
front/s4_p_lgbt1n LAY GREEN BY T ONE NOW
front/s4_p_lgbu4p LAY GREEN BY U FOUR PLEASE
front/s4_p_lgig8p LAY GREEN IN G EIGHT PLEASE
front/s4_p_lrazzp LAY RED AT Z ZERO PLEASE
front/s4_p_lril8p LAY RED IN L EIGHT PLEASE
front/s4_p_lwaf7a LAY WHITE AT F SEVEN AGAIN
front/s4_p_lwah7a LAY WHITE AT H SEVEN AGAIN
front/s4_p_lwau8a LAY WHITE AT U EIGHT AGAIN
front/s4_p_lwwa9p LAY WHITE WITH A NINE PLEASE
front/s4_p_pbic3a PLACE BLUE IN C THREE AGAIN
front/s4_p_pbik5n PLACE BLUE IN K FIVE NOW
front/s4_p_pgal7a PLACE GREEN AT L SEVEN AGAIN
front/s4_p_pgbm6n PLACE GREEN BY M SIX NOW
front/s4_p_prbd9a PLACE RED BY D NINE AGAIN
front/s4_p_prid2n PLACE RED IN D TWO NOW
front/s4_p_prijza PLACE RED IN J ZERO AGAIN
front/s4_p_priy3n PLACE RED IN Y THREE NOW
front/s4_p_pwiv4a PLACE WHITE IN V FOUR AGAIN
front/s4_p_pwwe5n PLACE WHITE WITH E FIVE NOW
front/s4_p_pwwk6n PLACE WHITE WITH K SIX NOW
front/s4_p_pwwz9p PLACE WHITE WITH Z NINE PLEASE
front/s4_p_sbbq3s SET BLUE BY Q THREE SOON
front/s4_p_sbia5s SET BLUE IN A FIVE SOON
front/s4_p_sbwe1n SET BLUE WITH E ONE NOW
front/s4_p_sbwp4n SET BLUE WITH P FOUR NOW
front/s4_p_sgaqzn SET GREEN AT Q ZERO NOW
front/s4_p_sgar5a SET GREEN AT R FIVE AGAIN
front/s4_p_sgax5p SET GREEN AT X FIVE PLEASE
front/s4_p_sgib1p SET GREEN IN B ONE PLEASE
front/s4_p_sgiy7a SET GREEN IN Y SEVEN AGAIN
front/s4_p_srin8s SET RED IN N EIGHT SOON
front/s4_p_swbo2a SET WHITE BY O TWO AGAIN
front/s4_p_swbxza SET WHITE BY X ZERO AGAIN
front/s51_p_bbbg5s BIN BLUE BY G FIVE SOON
front/s51_p_bbbtzn BIN BLUE BY T ZERO NOW
front/s51_p_bbihzs BIN BLUE IN H ZERO SOON
front/s51_p_bgav1a BIN GREEN AT V ONE AGAIN
front/s51_p_bgavza BIN GREEN AT V ZERO AGAIN
front/s51_p_bgwx9s BIN GREEN WITH X NINE SOON
front/s51_p_brbj4a BIN RED BY J FOUR AGAIN
front/s51_p_bria6n BIN RED IN A SIX NOW
front/s51_p_bricza BIN RED IN C ZERO AGAIN
front/s51_p_brwm4a BIN RED WITH M FOUR AGAIN
front/s51_p_bwab3s BIN WHITE AT B THREE SOON
front/s51_p_bwib1a BIN WHITE IN B ONE AGAIN
front/s51_p_bwwqzp BIN WHITE WITH Q ZERO PLEASE
front/s51_p_lbaz1n LAY BLUE AT Z ONE NOW
front/s51_p_lbie9s LAY BLUE IN E NINE SOON
front/s51_p_lbiz6a LAY BLUE IN Z SIX AGAIN
front/s51_p_lgwp2s LAY GREEN WITH P TWO SOON
front/s51_p_lgws2s LAY GREEN WITH S TWO SOON
front/s51_p_lriy7n LAY RED IN Y SEVEN NOW
front/s51_p_lrwg5p LAY RED WITH G FIVE PLEASE
front/s51_p_lwbu9a LAY WHITE BY U NINE AGAIN
front/s51_p_lwih3a LAY WHITE IN H THREE AGAIN
front/s51_p_lwij9n LAY WHITE IN J NINE NOW
front/s51_p_lwwn8s LAY WHITE WITH N EIGHT SOON
front/s51_p_pbbq2p PLACE BLUE BY Q TWO PLEASE
front/s51_p_pbid8p PLACE BLUE IN D EIGHT PLEASE
front/s51_p_pbio8n PLACE BLUE IN O EIGHT NOW
front/s51_p_pbwf3s PLACE BLUE WITH F THREE SOON
front/s51_p_pgbt4p PLACE GREEN BY T FOUR PLEASE
front/s51_p_pgwl8a PLACE GREEN WITH L EIGHT AGAIN
front/s51_p_prak7p PLACE RED AT K SEVEN PLEASE
front/s51_p_prar8n PLACE RED AT R EIGHT NOW
front/s51_p_prwf4a PLACE RED WITH F FOUR AGAIN
front/s51_p_pwby9a PLACE WHITE BY Y NINE AGAIN
front/s51_p_pwid7p PLACE WHITE IN D SEVEN PLEASE
front/s51_p_sgax1a SET GREEN AT X ONE AGAIN
front/s51_p_srii6n SET RED IN I SIX NOW
front/s51_p_swao5n SET WHITE AT O FIVE NOW
front/s51_p_swbe6p SET WHITE BY E SIX PLEASE
front/s51_p_swii2n SET WHITE IN I TWO NOW
front/s55_p_bbbhzn BIN BLUE BY H ZERO NOW
front/s55_p_bbbu4s BIN BLUE BY U FOUR SOON
front/s55_p_bgbnzs BIN GREEN BY N ZERO SOON
front/s55_p_bgwb9p BIN GREEN WITH B NINE PLEASE
front/s55_p_braa8a BIN RED AT A EIGHT AGAIN
front/s55_p_brah7s BIN RED AT H SEVEN SOON
front/s55_p_brbv6p BIN RED BY V SIX PLEASE
front/s55_p_brwa9p BIN RED WITH A NINE PLEASE
front/s55_p_brwc5n BIN RED WITH C FIVE NOW
front/s55_p_bwav8n BIN WHITE AT V EIGHT NOW
front/s55_p_bwig7p BIN WHITE IN G SEVEN PLEASE
front/s55_p_bwwd2a BIN WHITE WITH D TWO AGAIN
front/s55_p_bwwi3a BIN WHITE WITH I THREE AGAIN
front/s55_p_lbir7a LAY BLUE IN R SEVEN AGAIN
front/s55_p_lbws2s LAY BLUE WITH S TWO SOON
front/s55_p_lgbg3n LAY GREEN BY G THREE NOW
front/s55_p_lgis3s LAY GREEN IN S THREE SOON
front/s55_p_lgwb7p LAY GREEN WITH B SEVEN PLEASE
front/s55_p_lgwt4s LAY GREEN WITH T FOUR SOON
front/s55_p_lraf5p LAY RED AT F FIVE PLEASE
front/s55_p_lril6p LAY RED IN L SIX PLEASE
front/s55_p_lwau3s LAY WHITE AT U THREE SOON
front/s55_p_lwit4n LAY WHITE IN T FOUR NOW
front/s55_p_lwwc1a LAY WHITE WITH C ONE AGAIN
front/s55_p_pbaj8a PLACE BLUE AT J EIGHT AGAIN
front/s55_p_pbaq1p PLACE BLUE AT Q ONE PLEASE
front/s55_p_pbbl2a PLACE BLUE BY L TWO AGAIN
front/s55_p_pbin5n PLACE BLUE IN N FIVE NOW
front/s55_p_pbiy5p PLACE BLUE IN Y FIVE PLEASE
front/s55_p_pbwe9p PLACE BLUE WITH E NINE PLEASE
front/s55_p_pbwj8a PLACE BLUE WITH J EIGHT AGAIN
front/s55_p_pgam3n PLACE GREEN AT M THREE NOW
front/s55_p_pgwm6p PLACE GREEN WITH M SIX PLEASE
front/s55_p_prafzn PLACE RED AT F ZERO NOW
front/s55_p_prar4p PLACE RED AT R FOUR PLEASE
front/s55_p_pwae2a PLACE WHITE AT E TWO AGAIN
front/s55_p_pway5p PLACE WHITE AT Y FIVE PLEASE
front/s55_p_pwiq1n PLACE WHITE IN Q ONE NOW
front/s55_p_pwwz4s PLACE WHITE WITH Z FOUR SOON
front/s55_p_sbip1p SET BLUE IN P ONE PLEASE
front/s55_p_sbwx8s SET BLUE WITH X EIGHT SOON
front/s55_p_sgak6n SET GREEN AT K SIX NOW
front/s55_p_sgbx7a SET GREEN BY X SEVEN AGAIN
front/s55_p_sgizza SET GREEN IN Z ZERO AGAIN
front/s55_p_sgwk9a SET GREEN WITH K NINE AGAIN
front/s55_p_srbd9p SET RED BY D NINE PLEASE
front/s55_p_sriizp SET RED IN I ZERO PLEASE
front/s55_p_srio1a SET RED IN O ONE AGAIN
front/s55_p_srwp2s SET RED WITH P TWO SOON
front/s7_p_bbaf9a BIN BLUE AT F NINE AGAIN
front/s7_p_bbam9a BIN BLUE AT M NINE AGAIN
front/s7_p_bbig3a BIN BLUE IN G THREE AGAIN
front/s7_p_bgap9p BIN GREEN AT P NINE PLEASE
front/s7_p_bgbi4s BIN GREEN BY I FOUR SOON
front/s7_p_brba7n BIN RED BY A SEVEN NOW
front/s7_p_brib1n BIN RED IN B ONE NOW
front/s7_p_brih2p BIN RED IN H TWO PLEASE
front/s7_p_bwaj4s BIN WHITE AT J FOUR SOON
front/s7_p_bwao2n BIN WHITE AT O TWO NOW
front/s7_p_bwbvzs BIN WHITE BY V ZERO SOON
front/s7_p_lbwu4a LAY BLUE WITH U FOUR AGAIN
front/s7_p_lgaa8s LAY GREEN AT A EIGHT SOON
front/s7_p_lgau5a LAY GREEN AT U FIVE AGAIN
front/s7_p_lgbg3a LAY GREEN BY G THREE AGAIN
front/s7_p_lgwb4a LAY GREEN WITH B FOUR AGAIN
front/s7_p_lraf7s LAY RED AT F SEVEN SOON
front/s7_p_lray6n LAY RED AT Y SIX NOW
front/s7_p_lrbs5s LAY RED BY S FIVE SOON
front/s7_p_lrbt1a LAY RED BY T ONE AGAIN
front/s7_p_lrie5s LAY RED IN E FIVE SOON
front/s7_p_lwal6n LAY WHITE AT L SIX NOW
front/s7_p_lwwm7p LAY WHITE WITH M SEVEN PLEASE
front/s7_p_pbad8p PLACE BLUE AT D EIGHT PLEASE
front/s7_p_pbbq9n PLACE BLUE BY Q NINE NOW
front/s7_p_pbby9p PLACE BLUE BY Y NINE PLEASE
front/s7_p_pbwz6n PLACE BLUE WITH Z SIX NOW
front/s7_p_pganzs PLACE GREEN AT N ZERO SOON
front/s7_p_pgbl7s PLACE GREEN BY L SEVEN SOON
front/s7_p_pgbn2p PLACE GREEN BY N TWO PLEASE
front/s7_p_pgir3s PLACE GREEN IN R THREE SOON
front/s7_p_pgixza PLACE GREEN IN X ZERO AGAIN
front/s7_p_prap5n PLACE RED AT P FIVE NOW
front/s7_p_prws7n PLACE RED WITH S SEVEN NOW
front/s7_p_pwwk5n PLACE WHITE WITH K FIVE NOW
front/s7_p_pwwt2a PLACE WHITE WITH T TWO AGAIN
front/s7_p_sbaq4a SET BLUE AT Q FOUR AGAIN
front/s7_p_sbbv6a SET BLUE BY V SIX AGAIN
front/s7_p_sbii8s SET BLUE IN I EIGHT SOON
front/s7_p_sbwxza SET BLUE WITH X ZERO AGAIN
front/s7_p_sgar6p SET GREEN AT R SIX PLEASE
front/s7_p_sgbj3s SET GREEN BY J THREE SOON
front/s7_p_srac1n SET RED AT C ONE NOW
front/s7_p_srad8s SET RED AT D EIGHT SOON
front/s7_p_srao8n SET RED AT O EIGHT NOW
front/s7_p_swah2s SET WHITE AT H TWO SOON
front/s7_p_swbe1p SET WHITE BY E ONE PLEASE
front/s7_p_swbz3a SET WHITE BY Z THREE AGAIN
front/s7_p_swwk1n SET WHITE WITH K ONE NOW
front/s8_p_bbbm9n BIN BLUE BY M NINE NOW
front/s8_p_bbwv5s BIN BLUE WITH V FIVE SOON
front/s8_p_bgbd1n BIN GREEN BY D ONE NOW
front/s8_p_bgic8a BIN GREEN IN C EIGHT AGAIN
front/s8_p_bgwb9a BIN GREEN WITH B NINE AGAIN
front/s8_p_bgwr3p BIN GREEN WITH R THREE PLEASE
front/s8_p_brbbzs BIN RED BY B ZERO SOON
front/s8_p_brbn1p BIN RED BY N ONE PLEASE
front/s8_p_bria4s BIN RED IN A FOUR SOON
front/s8_p_briizs BIN RED IN I ZERO SOON
front/s8_p_bwwh5s BIN WHITE WITH H FIVE SOON
front/s8_p_lbwf3n LAY BLUE WITH F THREE NOW
front/s8_p_lbwg1a LAY BLUE WITH G ONE AGAIN
front/s8_p_lbwl9s LAY BLUE WITH L NINE SOON
front/s8_p_lgao2s LAY GREEN AT O TWO SOON
front/s8_p_lgba4s LAY GREEN BY A FOUR SOON
front/s8_p_lgbn2p LAY GREEN BY N TWO PLEASE
front/s8_p_lgiu8a LAY GREEN IN U EIGHT AGAIN
front/s8_p_lrbs8s LAY RED BY S EIGHT SOON
front/s8_p_lrwz6a LAY RED WITH Z SIX AGAIN
front/s8_p_lwam7s LAY WHITE AT M SEVEN SOON
front/s8_p_lwat6s LAY WHITE AT T SIX SOON
front/s8_p_lwbo5n LAY WHITE BY O FIVE NOW
front/s8_p_pbaq3n PLACE BLUE AT Q THREE NOW
front/s8_p_pbbl4p PLACE BLUE BY L FOUR PLEASE
front/s8_p_pbiu9n PLACE BLUE IN U NINE NOW
front/s8_p_pbwk7n PLACE BLUE WITH K SEVEN NOW
front/s8_p_pgie1a PLACE GREEN IN E ONE AGAIN
front/s8_p_pgwg8s PLACE GREEN WITH G EIGHT SOON
front/s8_p_prwe1s PLACE RED WITH E ONE SOON
front/s8_p_prwz6a PLACE RED WITH Z SIX AGAIN
front/s8_p_pwbp7p PLACE WHITE BY P SEVEN PLEASE
front/s8_p_pwix5s PLACE WHITE IN X FIVE SOON
front/s8_p_pwwt6a PLACE WHITE WITH T SIX AGAIN
front/s8_p_sbah7a SET BLUE AT H SEVEN AGAIN
front/s8_p_sbwv3a SET BLUE WITH V THREE AGAIN
front/s8_p_sbwx2a SET BLUE WITH X TWO AGAIN
front/s8_p_sgip7s SET GREEN IN P SEVEN SOON
front/s8_p_sgwf5p SET GREEN WITH F FIVE PLEASE
front/s8_p_srbjza SET RED BY J ZERO AGAIN
front/s8_p_srid6s SET RED IN D SIX SOON
front/s8_p_srijza SET RED IN J ZERO AGAIN
front/s8_p_swak3a SET WHITE AT K THREE AGAIN
front/s8_p_sway9p SET WHITE AT Y NINE PLEASE
front/s8_p_swby2s SET WHITE BY Y TWO SOON
front/s8_p_swic8s SET WHITE IN C EIGHT SOON
front/s8_p_swwq2s SET WHITE WITH Q TWO SOON
front/s8_p_swwr4s SET WHITE WITH R FOUR SOON
front/s8_p_swws4a SET WHITE WITH S FOUR AGAIN
