spanish/data/SP_B1/Video/09iFrte7U1Q/09iFrte7U1Q_0_0:00:00_0:00:01.189000 hola gente cómo están
spanish/data/SP_B1/Video/09iFrte7U1Q/09iFrte7U1Q_10_0:00:52.488000_0:01:00.079000 me parece que con un paneo nomás de qué trata esta buenisimo para para empezarlo para que se enganchen y que nos sorprenda todo el libro
spanish/data/SP_B1/Video/09iFrte7U1Q/09iFrte7U1Q_11_0:01:00.109000_0:01:02.249000 paso a contarles un poco de que trata
spanish/data/SP_B1/Video/09iFrte7U1Q/09iFrte7U1Q_12_0:01:02.439000_0:01:14.290000 el libro nos habla de ted él es un empresario súper exitoso está casado tiene dos hijas y no sabemos por qué se quiere suicidar ya tiene todo planeado manda su familia de viaje y se queda sólo en el estudio de su casa
spanish/data/SP_B1/Video/09iFrte7U1Q/09iFrte7U1Q_13_0:01:14.659000_0:01:30.261000 de pronto le golpean la puerta él ignora pensando que la persona se va a ir y cuando mira para la mesa encuentra un papel con su letra el cual no recuerda haber escrito que al abrirlo le dice abre la puerta es tu última salida obviamente que termina abriendo la puerta
spanish/data/SP_B1/Video/09iFrte7U1Q/09iFrte7U1Q_14_0:01:30.261000_0:01:31.529000 va y se encuentra con lynch
spanish/data/SP_B1/Video/09iFrte7U1Q/09iFrte7U1Q_15_0:01:31.700000_0:01:39.500000 que es un hombre misterioso que le viene a traer una solución a su deseo de suicidarse pero que a la vez no sea tan tormentoso para su familia
spanish/data/SP_B1/Video/09iFrte7U1Q/09iFrte7U1Q_16_0:01:40.739000_0:01:42.439000 bueno hasta ahí les voy a contar
spanish/data/SP_B1/Video/09iFrte7U1Q/09iFrte7U1Q_17_0:01:42.439000_0:01:45.239000 la verdad es que es un libro que los va súper enganchar
spanish/data/SP_B1/Video/09iFrte7U1Q/09iFrte7U1Q_18_0:01:45.340000_0:01:49.560000 vieron cuando están mirado una serie son las dos de la mañana y decis bueno miro cachito más
spanish/data/SP_B1/Video/09iFrte7U1Q/09iFrte7U1Q_1_0:00:01.189000_0:00:03.891000 yo soy nicolás y les doy la bienvenida a mi canal
spanish/data/SP_B1/Video/09iFrte7U1Q/09iFrte7U1Q_20_0:01:50.980000_0:01:54.609000 bueno a mí con el libro este me pasó más o menos igual me super atrapó
spanish/data/SP_B1/Video/09iFrte7U1Q/09iFrte7U1Q_21_0:01:55.099000_0:01:57.620000 no se si lo leí en dos o tres días nomás
spanish/data/SP_B1/Video/09iFrte7U1Q/09iFrte7U1Q_22_0:01:57.780000_0:02:06.510000 y esta bueno eso algo que a mi me gustó mucho es que por momentos pensaba éste debe ser el culpable aquél debe ser el inocente
spanish/data/SP_B1/Video/09iFrte7U1Q/09iFrte7U1Q_23_0:02:06.688000_0:02:08.818000 cambia el capitulo y te da vuelta toda la historia
spanish/data/SP_B1/Video/09iFrte7U1Q/09iFrte7U1Q_24_0:02:09.819000_0:02:16.620000 todo el tiempo el escritor nos va llevando en un espiral de misterio que nos va a marear si estan buscando una lectura fácil ésta no lo es
spanish/data/SP_B1/Video/09iFrte7U1Q/09iFrte7U1Q_26_0:02:17.659000_0:02:20.460000 pero la verdad es que es muy buena super recomendable
spanish/data/SP_B1/Video/09iFrte7U1Q/09iFrte7U1Q_27_0:02:20.819000_0:02:24 si conocel el libro dejenme sus comentarios si conocen al autor
spanish/data/SP_B1/Video/09iFrte7U1Q/09iFrte7U1Q_28_0:02:24.349000_0:02:25.990000 si tienen para recomendarme algo a mi
spanish/data/SP_B1/Video/09iFrte7U1Q/09iFrte7U1Q_29_0:02:27.120000_0:02:30.560000 si les gustó el video no olviden darle like y no olviden de suscribirse
spanish/data/SP_B1/Video/09iFrte7U1Q/09iFrte7U1Q_2_0:00:04_0:00:11.710000 el primer libro del que les voy a hablar es la última salida de federico axat es un escritor argentino que está teniendo muchísimo éxito
spanish/data/SP_B1/Video/09iFrte7U1Q/09iFrte7U1Q_31_0:02:34.819000_0:02:41.825000 bueno espero que lo disfruten calculo que con el tiempo va a ir mejorando un poco lo de grabar los videos
spanish/data/SP_B1/Video/09iFrte7U1Q/09iFrte7U1Q_32_0:02:41.979000_0:02:44.055000 saludos y hasta la próxima
spanish/data/SP_B1/Video/09iFrte7U1Q/09iFrte7U1Q_4_0:00:17.902000_0:00:20.783000 se vendieron también los derechos para hacer la película en hollywood
spanish/data/SP_B1/Video/09iFrte7U1Q/09iFrte7U1Q_5_0:00:20.783000_0:00:24.449000 y está bueno antes de que salga la película por lo menos ya tener leido el libro
spanish/data/SP_B1/Video/09iFrte7U1Q/09iFrte7U1Q_6_0:00:24.699000_0:00:31.032000 es un thriller psicológico es un trabajo que nos va a enganchar desde la primer página hasta la última
spanish/data/SP_B1/Video/09iFrte7U1Q/09iFrte7U1Q_8_0:00:36.679000_0:00:47.951000 son capítulos cortos tiene letra grande cosas que por lo menos yo agradezco muchisimo y llegó a mis manos por medio una recomendación de valentina abajo en la descripción les voy a dejar el canal
spanish/data/SP_B1/Video/09iFrte7U1Q/09iFrte7U1Q_9_0:00:47.951000_0:00:52.118000 y algo que agradecí fue no tener demasiada información a la hora de empezar a leer el libro
spanish/data/SP_B1/Video/0oJZvlu_CZQ/0oJZvlu_CZQ_1_0:00:04.897000_0:00:13.359000 bueno pues cuando los países piden dinero los inversores cuentan con un termómetro un indicador de confianza que es la prima de riesgo
spanish/data/SP_B1/Video/0oJZvlu_CZQ/0oJZvlu_CZQ_2_0:00:14.800000_0:00:19.670000 ese valor indica qué interés adicional tendrá que pagar el país para financiarse
spanish/data/SP_B1/Video/0oJZvlu_CZQ/0oJZvlu_CZQ_4_0:00:30.368000_0:00:40.359000 hagamos un ejemplo tomemos por un lado el tipo de interés del bono alemán y por otro lado el tipo de interés del bono que estemos analizando y calculemos la diferencia
spanish/data/SP_B1/Video/1A7u1RSEYT4/1A7u1RSEYT4_11_0:00:54.259000_0:01:01.679000 mientras hacemos todo lo posible para prevenir retrasos en nuestros envíos payoneer no tiene el control en los procesamientos o retratos de correo local de cada país
spanish/data/SP_B1/Video/1A7u1RSEYT4/1A7u1RSEYT4_14_0:01:09.420000_0:01:14.150000 la pueden utilizar en puntos de venta en cajeros automáticos y para comprar en internet
spanish/data/SP_B1/Video/1A7u1RSEYT4/1A7u1RSEYT4_16_0:01:34.210000_0:01:42.859000 cuando ustedes inician sesión tienen la pestaña ayuda ahí tendrán la pestaña de precios y tarifas y y verán todas las tarifas que aplican a su plan de tarjeta
spanish/data/SP_B1/Video/1A7u1RSEYT4/1A7u1RSEYT4_19_0:01:52.379000_0:01:57.918000 la respuesta es no ya que la tarjeta de débito prepagada por lo que deben contar con los fondos suficientes previo al uso
spanish/data/SP_B1/Video/1A7u1RSEYT4/1A7u1RSEYT4_1_0:00:01.490000_0:00:08.439000 mi nombre es melody y en esta oportunidad queremos aprovechar para responder algunas preguntas que tienen nuestros usuarios sobre la tarjeta payoneer
spanish/data/SP_B1/Video/1A7u1RSEYT4/1A7u1RSEYT4_3_0:00:17.320000_0:00:22.910000 cuándo su tarjeta es emitida recibiren un correo electrónico automático que incluye la fecha estimada de arribo de la misma
spanish/data/SP_B1/Video/1A7u1RSEYT4/1A7u1RSEYT4_4_0:00:23.109000_0:00:24.160000 no se olviden de leerlo
spanish/data/SP_B1/Video/1A7u1RSEYT4/1A7u1RSEYT4_5_0:00:24.260000_0:00:28.469000 además este correo incluye el método de envío que fue utilizado para su tarjeta
spanish/data/SP_B1/Video/1A7u1RSEYT4/1A7u1RSEYT4_8_0:00:45.260000_0:00:48.189000 pueden encontrarlo en nuestro centro de soporte
spanish/data/SP_B1/Video/1ssYv_bL4d8/1ssYv_bL4d8_2_0:00:16.708000_0:00:23.701000 esta oferta sólo es válida para nuevos clientes por lo que si ya hemos pedido un pedido con esta compañía tendremos que afrontar los intereses habituales
spanish/data/SP_B1/Video/1ssYv_bL4d8/1ssYv_bL4d8_4_0:00:34.850000_0:00:38.039000 si quieres saber más sobre vivus o cualquier otro producto vista
spanish/data/SP_B1/Video/2nU1MusmDjM/2nU1MusmDjM_0_0:00:00.960000_0:00:03.350000 has prestado atención a tu conversación interna
spanish/data/SP_B1/Video/2nU1MusmDjM/2nU1MusmDjM_10_0:01:27.647000_0:01:34.239000 en el caso de los hombres hay hombres que piensan que las mujeres sólo quieren estar con un tipo alto o muy rico
spanish/data/SP_B1/Video/2nU1MusmDjM/2nU1MusmDjM_11_0:01:36.078000_0:01:51.340000 nuestras mentes también pueden evitar cierta información mientras nos enfocamos en lo negativo que sólo nos hace sentir mal y no es raro que nuestras mentes saquen conclusiones sin ninguna evidencia porque sólo estamos funcionando desde el lugar del miedo
spanish/data/SP_B1/Video/2nU1MusmDjM/2nU1MusmDjM_12_0:01:52.689000_0:02:05.071000 esos son sólo algunos ejemplos de todas las cosas diferentes que nuestras mentes nos hacen así que ya sabes la próxima vez que tu mente empiece con un diálogo interno negativo a no te lo tomes tan en serio
spanish/data/SP_B1/Video/2nU1MusmDjM/2nU1MusmDjM_13_0:02:05.159000_0:02:07.498000 b comienza a desafiarlo
spanish/data/SP_B1/Video/2nU1MusmDjM/2nU1MusmDjM_14_0:02:07.519000_0:02:19.780000 para obtener más información sobre cómo puedes entrenar tu mente para ser positivo y tener una auto percepción positiva visita y asegurate que inscribirte a mi boletín de noticias
spanish/data/SP_B1/Video/2nU1MusmDjM/2nU1MusmDjM_1_0:00:03.980000_0:00:10.579000 a la charla que constantemente está pasando dentro de tu cabeza sobre quién eres y tu capacidad para alcanzar metas
spanish/data/SP_B1/Video/2nU1MusmDjM/2nU1MusmDjM_2_0:00:11.288000_0:00:21.879000 esos pensamientos recurrentes son muy reveladores no de la realidad de cómo son las cosas sino de dónde está tu mente enfocada y de la dirección en la que te estás dirigiendo
spanish/data/SP_B1/Video/2nU1MusmDjM/2nU1MusmDjM_3_0:00:22.690000_0:00:33.799000 muchas de las cosas negativas que nos decimos a nosotros mismos son distorsiones subjetivas sin embargo las tomas con si fueran hechos precisos escritos en un libro de ciencia
spanish/data/SP_B1/Video/2nU1MusmDjM/2nU1MusmDjM_4_0:00:34.179000_0:00:43.859000 gran parte nuestro diálogo interno es una mezcla de pensamientos y emociones que están enraizadas en experiencias pasadas que pueden no tener nada que ver con el presente
spanish/data/SP_B1/Video/2nU1MusmDjM/2nU1MusmDjM_5_0:00:44.700000_0:00:50.429000 muchos están desactualizados y otros fueron inexactos desde el momento en que tu mente los creó
spanish/data/SP_B1/Video/2nU1MusmDjM/2nU1MusmDjM_6_0:00:52.950000_0:01:03.140000 especialmente cuando somos muy jóvenes es muy fácil para nuestras mentes extrapolar porque alguien dijo esto o nos hizo eso es que debemos no ser lo suficientemente buenos
spanish/data/SP_B1/Video/2nU1MusmDjM/2nU1MusmDjM_7_0:01:03.170000_0:01:07.549000 muchos adultos continúan viviendo sus vidas basadas en esas experiencias
spanish/data/SP_B1/Video/2nU1MusmDjM/2nU1MusmDjM_8_0:01:08.500000_0:01:18.739000 nuestras mentes también tienen la tendencia a filtrar las cosas buenas y enfocarse sólo en las cosas malas tienden a exagerar distorsionando las cosas de como realmente son
spanish/data/SP_B1/Video/2nU1MusmDjM/2nU1MusmDjM_9_0:01:19.500000_0:01:27.647000 por ejemplo si tuviste dos novios seguidos que te engañaron puede ser que ahora estás pensando que todos los hombres son tramposos y que no sirven
spanish/data/SP_B1/Video/3O6ciOPVDfo/3O6ciOPVDfo_0_0:00:00.620000_0:00:04.919000 buenos días soy jolanda y soy consultora de marketing en inboundcycle
spanish/data/SP_B1/Video/3O6ciOPVDfo/3O6ciOPVDfo_10_0:01:17.079000_0:01:20.680000 esto hace que el cliente se confunda un poco
spanish/data/SP_B1/Video/3O6ciOPVDfo/3O6ciOPVDfo_11_0:01:21.090000_0:01:26.829000 tenemos que entender quién es nuestro interlocutor y qué necesidad puede tener
spanish/data/SP_B1/Video/3O6ciOPVDfo/3O6ciOPVDfo_12_0:01:27.079000_0:01:37.329000 por ejemplo un director de marketing en nuestro caso puede necesitar branding o posicionamiento para su empresa o tener más leads
spanish/data/SP_B1/Video/3O6ciOPVDfo/3O6ciOPVDfo_13_0:01:37.810000_0:01:43.329000 mientras un director de ventas puede estar interesado en obtener leads cualificados
spanish/data/SP_B1/Video/3O6ciOPVDfo/3O6ciOPVDfo_14_0:01:43.609000_0:01:52.250000 pero esto siempre tenemos que comprobarlo con ellos y ver realmente qué resultados se esperan desde este servicio
spanish/data/SP_B1/Video/3O6ciOPVDfo/3O6ciOPVDfo_15_0:01:53.579000_0:01:59.510000 otro consejo que quería daros es establecer resultados claros
spanish/data/SP_B1/Video/3O6ciOPVDfo/3O6ciOPVDfo_16_0:01:59.879000_0:02:15.848000 qué resultados vamos a alcanzar cuando terminemos el servicio y si es posible lo tenemos que poner por contrato y dar un tiempo a cuándo podemos alcanzar estos resultados
spanish/data/SP_B1/Video/3O6ciOPVDfo/3O6ciOPVDfo_17_0:02:16.658000_0:02:34.739000 lo que valoran mucho nuestros clientes es la transparencia que les ofrecemos en el sentido de que siempre invitamos a los potenciales clientes a visitar nuestras oficinas para que conozcan al equipo que llevará a cabo el proyecto y que estará en el día a día con ellos
spanish/data/SP_B1/Video/3O6ciOPVDfo/3O6ciOPVDfo_18_0:02:35.258000_0:02:46.248000 además le proporcionamos nuestra herramienta para que ellos puedan monitorizar cada día los progresos del proyecto y los resultados que estamos alcanzando
spanish/data/SP_B1/Video/3O6ciOPVDfo/3O6ciOPVDfo_19_0:02:47.068000_0:02:53.359000 otra recomendación que os doy es compartir con nuestros potenciales clientes casos de éxito
spanish/data/SP_B1/Video/3O6ciOPVDfo/3O6ciOPVDfo_1_0:00:05.610000_0:00:11.528000 hoy quería daros algunos consejos a las empresas que trabajan en el sector de los servicios
spanish/data/SP_B1/Video/3O6ciOPVDfo/3O6ciOPVDfo_20_0:02:54.139000_0:02:59.699000 para que puedan ver exactamente lo que podemos alcanzar a través del servicio
spanish/data/SP_B1/Video/3O6ciOPVDfo/3O6ciOPVDfo_21_0:03:00.629000_0:03:08.758000 nosotros en inboundcycle acabamos de publicar dos casos de éxito que son muy interesantes y os aconsejo leerlos
spanish/data/SP_B1/Video/3O6ciOPVDfo/3O6ciOPVDfo_2_0:00:11.989000_0:00:17.710000 los servicios son más complejos su venta porque son intangibles
spanish/data/SP_B1/Video/3O6ciOPVDfo/3O6ciOPVDfo_3_0:00:17.789000_0:00:25.260000 entonces esto es un riesgo para el potencial cliente porque no sabe exactamente lo que está contratando
spanish/data/SP_B1/Video/3O6ciOPVDfo/3O6ciOPVDfo_4_0:00:25.690000_0:00:42.329000 sin duda una oferta comercial valiosa puede ayudar mucho al proceso de venta en el sentido de la empatía que puede crear el comercial con el potencial cliente su experiencia en el sector y la seguridad que puede transmitirle
spanish/data/SP_B1/Video/3O6ciOPVDfo/3O6ciOPVDfo_5_0:00:42.799000_0:00:47.636000 pero en la venta de servicios esto no es suficiente
spanish/data/SP_B1/Video/3O6ciOPVDfo/3O6ciOPVDfo_6_0:00:47.636000_0:00:52.127000 necesitamos asegurar más garantías a nuestros potenciales clientes
spanish/data/SP_B1/Video/3O6ciOPVDfo/3O6ciOPVDfo_7_0:00:52.127000_0:00:55.649000 hoy quería explicaros cómo lo hacemos en inboundcycle
spanish/data/SP_B1/Video/3O6ciOPVDfo/3O6ciOPVDfo_8_0:00:55.728000_0:01:08.200000 lo primero que hay que tener en cuenta es cuál es realmente la necesidad de nuestro potencial cliente qué servicio necesita en este momento
spanish/data/SP_B1/Video/3O6ciOPVDfo/3O6ciOPVDfo_9_0:01:08.469000_0:01:16.719000 muchas veces las empresas disponen de un abanico muy amplio de servicios y le vas a proponer al potencial cliente todos los servicios
spanish/data/SP_B1/Video/3QOJR_ESOig/3QOJR_ESOig_1_0:00:19.439000_0:00:26.059000 en un porcentaje de estos casos existirá un desacuerdo con la aseguradora lo que supondrá una reclamación hacia ésta
spanish/data/SP_B1/Video/3QOJR_ESOig/3QOJR_ESOig_3_0:00:33.710000_0:00:42.820000 por esto te transmitimos nuestros conocimientos del mundo del seguro para que sepas qué puedes reclamar cuáles son tus derechos y cómo lo debes hacer
spanish/data/SP_B1/Video/3QOJR_ESOig/3QOJR_ESOig_4_0:00:43.030000_0:00:52.640000 nuestro canal tiene como objetivo informarte de manera clara y transparente toda la diversidad de sucesos que pueden darse y donde tú puedes sentirte identificado
spanish/data/SP_B1/Video/3QOJR_ESOig/3QOJR_ESOig_5_0:00:52.659000_0:00:58.890000 de este modo te informamos cómo puedes hacerlo tú o por el contrario decides que te lo hagamos nosotros
spanish/data/SP_B1/Video/3QOJR_ESOig/3QOJR_ESOig_6_0:00:59.378000_0:01:14.349000 desde hace muchos años en claimcenter venimos dedicándonos a prestar servicios de peritos recobros y reclamaciones en accidentes de tráfico empresas comunidades hogares nabales y un largo etcétera para los usuarios
spanish/data/SP_B1/Video/3QOJR_ESOig/3QOJR_ESOig_7_0:01:15.219000_0:01:18.439000 y nuestro objetivo es que recibas del seguro lo que en derecho te corresponde
spanish/data/SP_B1/Video/3QOJR_ESOig/3QOJR_ESOig_8_0:01:18.578000_0:01:27.109000 si tienes alguna duda o sugerencia de publicación puedes comentarlo en este vídeo o bien enviarnos un correo electrónico a
spanish/data/SP_B1/Video/3QOJR_ESOig/3QOJR_ESOig_9_0:01:29.509000_0:01:36.379000 y para estar al día de nuestras publicaciones puedes suscribirte nuestro canal o seguirnos en las redes sociales
spanish/data/SP_B1/Video/3Ru14Vrh0U0/3Ru14Vrh0U0_0_0:00:03.299000_0:00:11.884000 algo que recomiendo que me funciona a mi es ponerte metas claras y puntuales reales a las que puedas alcanzar y cumplir
spanish/data/SP_B1/Video/3Ru14Vrh0U0/3Ru14Vrh0U0_1_0:00:12.349000_0:00:18.980000 y tratar de hacer todo lo posible para alcanzarlas y si no ir acercandote cada vez más a esa meta
spanish/data/SP_B1/Video/4IyAtSzR5wM/4IyAtSzR5wM_0_0:00:05.278000_0:00:09.509000 entiendo que el primer caso sería saber si mercadona tiene algún proceso de selección abierto
spanish/data/SP_B1/Video/4IyAtSzR5wM/4IyAtSzR5wM_10_0:00:57.509000_0:01:00.429000 y se llamaba busco director de recursos humanos
spanish/data/SP_B1/Video/4IyAtSzR5wM/4IyAtSzR5wM_11_0:01:00.488000_0:01:05.540000 y el director de recursos humanos tenía que cumplir con una serie de requisitos entonces le dio la vuelta a la tortilla
spanish/data/SP_B1/Video/4IyAtSzR5wM/4IyAtSzR5wM_12_0:01:05.950000_0:01:11.209000 por supuesto destacó frente a todo el mundo y creo que tardó tres semanas en encontrar el puesto que ella quería
spanish/data/SP_B1/Video/4IyAtSzR5wM/4IyAtSzR5wM_13_0:01:12.019000_0:01:18.209000 así que sin duda lo que hay que hacer hoy en día es echarle imaginación y hacer cosas un poco distintas
spanish/data/SP_B1/Video/4IyAtSzR5wM/4IyAtSzR5wM_2_0:00:11.759000_0:00:18.329000 pues a través de su propia pagina web a trevés de redes sociales o profesionales como linkedin como bebee
spanish/data/SP_B1/Video/4IyAtSzR5wM/4IyAtSzR5wM_3_0:00:18.410000_0:00:20.550000 realmente buscar si hay algún proceso abierto
spanish/data/SP_B1/Video/4IyAtSzR5wM/4IyAtSzR5wM_4_0:00:20.640000_0:00:25.420000 si hay alguno abierto obviamente saber quien está llevando a cabo este proceso
spanish/data/SP_B1/Video/4IyAtSzR5wM/4IyAtSzR5wM_5_0:00:25.469000_0:00:30.778000 contactar directamente con esas personas a través de las redes sociales y demostrar la valía
spanish/data/SP_B1/Video/4IyAtSzR5wM/4IyAtSzR5wM_6_0:00:31.189000_0:00:34.116000 ósea hacer algo que destaque frente a los demás
spanish/data/SP_B1/Video/4IyAtSzR5wM/4IyAtSzR5wM_7_0:00:34.238000_0:00:43.350000 invéntate un elevator pitch que dure muy poquito pero que realmente digas necesitas contratarme por eso eso y eso
spanish/data/SP_B1/Video/4IyAtSzR5wM/4IyAtSzR5wM_8_0:00:45.079000_0:00:54.039000 recuerdo una campaña espectacular que hizo una buena amiga en el que en lugar de buscar trabajo hizo una campaña muy muy activa
spanish/data/SP_B1/Video/4IyAtSzR5wM/4IyAtSzR5wM_9_0:00:54.600000_0:00:57.149000 creo su pagina web perfiles en redes sociales
spanish/data/SP_B1/Video/4l2V1Gain_0/4l2V1Gain_0_0_0:00:10.038000_0:00:26.539000 una empresa es socialmente responsable cuando cuando dispone de una política efectiva y transversal completa y convencida en este sentido que abarca todos los ámbitos de la responsabilidad social corporativa en la organización tanto internos como externos en aspectos sociales laborales de respeto a los derechos humanos y medioambientales
spanish/data/SP_B1/Video/4l2V1Gain_0/4l2V1Gain_0_1_0:00:29.519000_0:00:36.810000 las principales ventajas de unas políticas adecuadas de rsc es que tenemos mejores organizaciones y empresas por diferentes razones
spanish/data/SP_B1/Video/4l2V1Gain_0/4l2V1Gain_0_2_0:00:37.369000_0:00:53.579000 la primera es que estarán mejor gestionadas ya que los trabajadores y los directivos tendrán una más amplia y mejor visión de las diferentes actuaciones incorporando más habilidades y de este modo podrán dar respuesta a planteamientos que no sólo tengan una visión económica o de cuenta de resultados para la empresa y en consecuencia tomarán mejores decisiones
spanish/data/SP_B1/Video/4l2V1Gain_0/4l2V1Gain_0_3_0:00:54.158000_0:01:04.338000 por otro lado la compañía identificará y gestionará de forma más adecuada las necesidades de sus trabajadores y otros grupos de interés que redundará en una mejor comunicación y actitud positiva hacia la empresa
spanish/data/SP_B1/Video/4l2V1Gain_0/4l2V1Gain_0_5_0:01:17.650000_0:01:28.500000 no obstante las políticas convencidas de rsc siempre irán asociadas a una mejor competitividad e imagen ante la sociedad lo que redundará en un mayor beneficio para la empresa
spanish/data/SP_B1/Video/4l2V1Gain_0/4l2V1Gain_0_7_0:01:36.129000_0:01:44.888000 cualquier situación que suponga un incumplimiento de estos aspectos corre inmediatamente por internet y las redes sociales implicará probablemente una campaña en contra de esta situación
spanish/data/SP_B1/Video/4l2V1Gain_0/4l2V1Gain_0_8_0:01:45.539000_0:01:55.870000 no obstante la responsabilidad final también recae sobre el consumidor ya que es este mediante su actitud quien puede y debe implicarse para corregir estas situaciones siendo coherente con sus decisiones de consumo
spanish/data/SP_B1/Video/4l2V1Gain_0/4l2V1Gain_0_9_0:01:56.239000_0:02:11.747000 en este sentido se ha de discernir entre las empresas que realmente trabajan y actúan sobre sus posibles problemas y las que no tienen una política coherente y actúan sin convencimiento o por una cuestión de apariencia cuya actitud tendrá un efecto de retorno e impacto negativo sobre la empresa
spanish/data/SP_B1/Video/55GMBlGohk0/55GMBlGohk0_0_0:00:01.740000_0:00:08.310000 hola a todos y bienvenidos al blog ganas de hablar el blog especializado para mejorar sus conocimientos de español hablado
spanish/data/SP_B1/Video/55GMBlGohk0/55GMBlGohk0_10_0:01:47.879000_0:01:59.909000 por ejemplo si salgo con mis amigos y al salir de mi casa veo que en el horizonte hay algunas nubes pequeñitas entonces me llevo un paraguas sí
spanish/data/SP_B1/Video/55GMBlGohk0/55GMBlGohk0_11_0:02:00.459000_0:02:05.230000 y mis amigos quizás me puedan preguntar puedan llegar a preguntar pero qué pasa contigo
spanish/data/SP_B1/Video/55GMBlGohk0/55GMBlGohk0_12_0:02:05.230000_0:02:06.299000 para que el paraguas
spanish/data/SP_B1/Video/55GMBlGohk0/55GMBlGohk0_13_0:02:06.299000_0:02:07.519000 mira cómo está el tiempo
spanish/data/SP_B1/Video/55GMBlGohk0/55GMBlGohk0_14_0:02:07.918000_0:02:11.538000 y yo puedo decir sí pero mira esas nubes de allí
spanish/data/SP_B1/Video/55GMBlGohk0/55GMBlGohk0_15_0:02:12.068000_0:02:13.649000 más vale prevenir que curar
spanish/data/SP_B1/Video/55GMBlGohk0/55GMBlGohk0_16_0:02:14.498000_0:02:20.920000 prefiero llevar paraguas entonces soy precavida y no me voy a mojar
spanish/data/SP_B1/Video/55GMBlGohk0/55GMBlGohk0_17_0:02:21.381000_0:02:24.599000 no me voy a mojar no me voy a enfermar sí
spanish/data/SP_B1/Video/55GMBlGohk0/55GMBlGohk0_18_0:02:24.900000_0:02:30.680000 ese es por ejemplo una posible forma de utilizar este dicho
spanish/data/SP_B1/Video/55GMBlGohk0/55GMBlGohk0_19_0:02:31.729000_0:02:46.740000 otro ejemplo tengo un examen mañana y mis amigos esta noche salen a tomar algo a un bar y me invitan y yo digo mejor no porque mañana tengo un examen y quiero repasar
spanish/data/SP_B1/Video/55GMBlGohk0/55GMBlGohk0_1_0:00:08.960000_0:00:25.489000 yo soy cristina y en el vídeo de hoy les quiero explicar un dicho muy usado y muy popular en el mundo hispanohablante y el dicho es más vale prevenir que curar a veces también se usa como más vale prevenir que lamentar
spanish/data/SP_B1/Video/55GMBlGohk0/55GMBlGohk0_20_0:02:47.240000_0:02:52.259000 más vale prevenir que curar y puede ser que me digan pero qué pasa contigo
spanish/data/SP_B1/Video/55GMBlGohk0/55GMBlGohk0_21_0:02:52.259000_0:02:53.659000 hace mucho que nos salimos
spanish/data/SP_B1/Video/55GMBlGohk0/55GMBlGohk0_22_0:02:53.719000_0:03:03.180000 y yo digo prefiero quedarme en casa ser precavida tomar las precauciones necesarias repasar todo el material y por eso no voy a salir
spanish/data/SP_B1/Video/55GMBlGohk0/55GMBlGohk0_23_0:03:04.729000_0:03:09.629000 bueno espero que hayan podido comprender muy bien este dicho porque es fácil creo
spanish/data/SP_B1/Video/55GMBlGohk0/55GMBlGohk0_24_0:03:09.719000_0:03:20.569000 es fácil de entender y además lo van a poder empezar a usar inmediatamente porque se usa en muchas diferentes situaciones del mundo hispanohablante
spanish/data/SP_B1/Video/55GMBlGohk0/55GMBlGohk0_25_0:03:20.590000_0:03:22.416000 hasta pronto y nos vemos en el próximo vídeo
spanish/data/SP_B1/Video/55GMBlGohk0/55GMBlGohk0_2_0:00:26.989000_0:00:35.350000 este dicho está relacionado con la precaución con ser precavidos con tener cuidado sí
spanish/data/SP_B1/Video/55GMBlGohk0/55GMBlGohk0_3_0:00:35.439000_0:00:41.909000 para evitar las situaciones que pueden ser molestas o que pueden ser negativas para nosotros
spanish/data/SP_B1/Video/55GMBlGohk0/55GMBlGohk0_4_0:00:42.490000_0:00:46.899000 es decir el dicho está relacionado con una advertencia
spanish/data/SP_B1/Video/55GMBlGohk0/55GMBlGohk0_5_0:00:47.700000_0:01:05.579000 prevenir significa prepararse para evitar algún daño o prepararse para enfrentarse a alguna situación que puede ser peligrosa quizás o que puede ser dañina o que puede ser un inconveniente o un problema para nosotros
spanish/data/SP_B1/Video/55GMBlGohk0/55GMBlGohk0_6_0:01:05.939000_0:01:07.049000 eso es prevenir
spanish/data/SP_B1/Video/55GMBlGohk0/55GMBlGohk0_7_0:01:07.579000_0:01:17.230000 y curar es devolver la salud a una persona o a un organismo que estaba enfermo es decir sanar sí
spanish/data/SP_B1/Video/55GMBlGohk0/55GMBlGohk0_8_0:01:18.019000_0:01:35.780000 más vale prevenir que curar significa entonces que es mejor y es preferible tomar todas las precauciones necesarias antes de tomar una decisión antes de hacer cualquier cosa sobre todo para evitar cualquier tipo de problemas
spanish/data/SP_B1/Video/55GMBlGohk0/55GMBlGohk0_9_0:01:36.239000_0:01:47.418000 es un dicho muy usado muy popular en el mundo hispanohablante y se usa en un sinfín de diferentes situaciones cotidianas del día a día
spanish/data/SP_B1/Video/6CBY5mjn1Vk/6CBY5mjn1Vk_1_0:00:13.949000_0:00:20.120000 además de ello no cuenta con comisiones ni con productos vinculados obligatorios a la hora de contratarlo
spanish/data/SP_B1/Video/6CBY5mjn1Vk/6CBY5mjn1Vk_2_0:00:20.160000_0:00:27.280000 es importante que elijamos una cuota lo suficientemente elevada como para acortar el plazo pero que no desequilibre nuestra economía personal
spanish/data/SP_B1/Video/6CBY5mjn1Vk/6CBY5mjn1Vk_3_0:00:28.039000_0:00:31.670000 además nunca debemos pedir un importe superior al que necesitamos
spanish/data/SP_B1/Video/6CBY5mjn1Vk/6CBY5mjn1Vk_5_0:00:42.490000_0:00:46.369000 con un coste final inferior a los mil euros en tres años
spanish/data/SP_B1/Video/6CBY5mjn1Vk/6CBY5mjn1Vk_6_0:00:47.369000_0:00:55.759000 si quieres saber más sobre este producto puedes consultar su ficha en o seguirnos en nuestras redes sociales o suscribirte al canal de youtube
spanish/data/SP_B1/Video/6xIULRHV1Vk/6xIULRHV1Vk_0_0:00:05.068000_0:00:07.259000 las cualidades que tiene que tener un emprendedor son
spanish/data/SP_B1/Video/6xIULRHV1Vk/6xIULRHV1Vk_10_0:00:51.558000_0:00:55.548000 y es un rasgo que encontraremos mucho en personas potencialmente emprendedoras
spanish/data/SP_B1/Video/6xIULRHV1Vk/6xIULRHV1Vk_11_0:00:55.570000_0:00:59.909000 es muy importante también tenerlo en cuenta cuando miramos a los jóvenes con esa aptitud
spanish/data/SP_B1/Video/6xIULRHV1Vk/6xIULRHV1Vk_12_0:01:00.439000_0:01:06.659000 aquel que tenga aquella curiosidad esas ganas de saber más si desarrolla el resto de habilidades ampliamente conocidas del emprendedor
spanish/data/SP_B1/Video/6xIULRHV1Vk/6xIULRHV1Vk_13_0:01:07.049000_0:01:08.659000 puede ser el mejor emprendedor de todos
spanish/data/SP_B1/Video/6xIULRHV1Vk/6xIULRHV1Vk_14_0:01:08.829000_0:01:14.359000 si no tenemos esa curiosidad deberíamos preguntarnos porqué y sobretodo buscar cosas que nos despierten esa curiosidad
spanish/data/SP_B1/Video/6xIULRHV1Vk/6xIULRHV1Vk_1_0:00:08.808000_0:00:14.839000 lo lo que realmente es importante que todos sepamos es que podemos desarrollarlas
spanish/data/SP_B1/Video/6xIULRHV1Vk/6xIULRHV1Vk_2_0:00:15.089000_0:00:18.678000 no hace falta nacer con una manera de ser diferente
spanish/data/SP_B1/Video/6xIULRHV1Vk/6xIULRHV1Vk_3_0:00:18.839000_0:00:20.570000 todos podemos acabar emprendiendo no
spanish/data/SP_B1/Video/6xIULRHV1Vk/6xIULRHV1Vk_4_0:00:20.980000_0:00:24.329000 yo creo que esa cualidad que tienen todos los emprendedores
spanish/data/SP_B1/Video/6xIULRHV1Vk/6xIULRHV1Vk_6_0:00:27.280000_0:00:34.843000 la única cosa que veo que siempre tienen en común y que algo muy bueno un rasgo que podemos incluso ayudar a los jóvenes a que lo tengan es la curiosidad
spanish/data/SP_B1/Video/6xIULRHV1Vk/6xIULRHV1Vk_7_0:00:34.939000_0:00:39.049000 no he visto ningún emprendedor que no sea una persona curiosa
spanish/data/SP_B1/Video/6xIULRHV1Vk/6xIULRHV1Vk_8_0:00:39.210000_0:00:45.848000 la curiosidad es esa pasión por aprender mucho más por entrar en algo que no conoce y no tener miedo si no todo lo contrario
spanish/data/SP_B1/Video/6xIULRHV1Vk/6xIULRHV1Vk_9_0:00:45.869000_0:00:50.399000 esa excitación esa ilusión por aprender algo nuevo por descubrir por saber como se hace
spanish/data/SP_B1/Video/7Htw7xRZij0/7Htw7xRZij0_10_0:00:58.450000_0:01:00.049000 para que me sirve un análisis foda
spanish/data/SP_B1/Video/7Htw7xRZij0/7Htw7xRZij0_11_0:01:00.320000_0:01:06.500000 para entender mejor en qué contexto me encuentro para saber a cuál mercado apuntar y quién sería mi público
spanish/data/SP_B1/Video/7Htw7xRZij0/7Htw7xRZij0_12_0:01:06.609000_0:01:08.659000 no se olviden que información es poder
spanish/data/SP_B1/Video/7Htw7xRZij0/7Htw7xRZij0_13_0:01:10.680000_0:01:13.349000 vamos a empezar en orden fortalezas
spanish/data/SP_B1/Video/7Htw7xRZij0/7Htw7xRZij0_14_0:01:13.379000_0:01:15.560000 qué atributo tengo en ventaja a los demás
spanish/data/SP_B1/Video/7Htw7xRZij0/7Htw7xRZij0_15_0:01:15.849000_0:01:17.599000 qué recursos y habilidades
spanish/data/SP_B1/Video/7Htw7xRZij0/7Htw7xRZij0_17_0:01:22.260000_0:01:29.729000 oportunidades qué tendencias detecto en el mercado que pueden favorecer mi negocio inclusive en un mercado tan dinámico como el de hoy en día en internet
spanish/data/SP_B1/Video/7Htw7xRZij0/7Htw7xRZij0_18_0:01:32.019000_0:01:39.760000 debilidades qué cosas sé que tendría que mejorar o pueden llegar a ser un restante y las tengo que controlar o si soy ingenioso inclusive usar a mi favor
spanish/data/SP_B1/Video/7Htw7xRZij0/7Htw7xRZij0_19_0:01:41.719000_0:01:59.780000 amenazas como ser crisis fenómenos climáticos que pueden frenar la economía de un país el poder de negociación de los clientes qué hoy en día tienen bastante acceso a la información y eso les da mayor poder a la hora de negociar un precio o demás o por ejemplo entrada de productos sustitutos como son las aplicaciones de los teléfonos
spanish/data/SP_B1/Video/7Htw7xRZij0/7Htw7xRZij0_1_0:00:02.359000_0:00:08.810000 en vlogs anteriores les hemos hablado por que convertirse en freelancer y que ventajas tiene
spanish/data/SP_B1/Video/7Htw7xRZij0/7Htw7xRZij0_20_0:02:00.239000_0:02:12.860000 una vez que hayan finalizado con su análisis foda qué de hecho les recomiendo buscar ejemplos en google de cómo se realiza tendrán una idea más clara de hacia dónde dirigirse cómo y con qué estrategia
spanish/data/SP_B1/Video/7Htw7xRZij0/7Htw7xRZij0_2_0:00:09.189000_0:00:13.400000 muchos de ustedes ya lo son y muchos de ustedes ahora también se convirtieron en freelancers
spanish/data/SP_B1/Video/7Htw7xRZij0/7Htw7xRZij0_3_0:00:13.609000_0:00:15.140000 pero qué quiere decir ser freelancer
spanish/data/SP_B1/Video/7Htw7xRZij0/7Htw7xRZij0_4_0:00:15.449000_0:00:16.859000 somos freelancers y listo
spanish/data/SP_B1/Video/7Htw7xRZij0/7Htw7xRZij0_7_0:00:29.980000_0:00:40.320000 pero antes de ello necesitamos entender qué análisis debemos hacer para entender quién es nuestra audiencia a qué mercado apuntar y como comunicarnos de forma más efectiva a nuestro publico target
spanish/data/SP_B1/Video/7Htw7xRZij0/7Htw7xRZij0_8_0:00:42.920000_0:00:48.240000 para ello comenzaremos con un análisis foda fortalezas oportunidades debilidades y amenazas
spanish/data/SP_B1/Video/7IkBOBJ7ifY/7IkBOBJ7ifY_0_0:00:02.299000_0:00:06.040000 te gustaría que tu inventario fuera más fácil de encontrar e impulsar tus ventas
spanish/data/SP_B1/Video/7IkBOBJ7ifY/7IkBOBJ7ifY_10_0:01:31_0:01:34.980000 se trata de una tendencia de mercado que los compradores esperan disponer cada vez más
spanish/data/SP_B1/Video/7IkBOBJ7ifY/7IkBOBJ7ifY_11_0:01:35.920000_0:01:40.620000 si ya ofreces envío gratis te recomendamos vivamente que ofrezcas también envío rápido
spanish/data/SP_B1/Video/7IkBOBJ7ifY/7IkBOBJ7ifY_12_0:01:41.400000_0:01:48.920000 si ofreces envío gratis y rápido estarás dando respuesta al mismo tiempo a los dos factores más importantes que los compradores esperan de los vendedores online
spanish/data/SP_B1/Video/7IkBOBJ7ifY/7IkBOBJ7ifY_13_0:01:49.890000_0:01:56.379000 según revela la investigación de mercado esto también hará que inspires más confianza al comprador al ofrecerle un mejor servicio de venta
spanish/data/SP_B1/Video/7IkBOBJ7ifY/7IkBOBJ7ifY_15_0:02:08.189000_0:02:16.229000 además si ofreces envío rápido y gratis en tus anuncios se mostrará el distintivo rápido y gratis lo que ayudará a diferenciarlos de tu competencia
spanish/data/SP_B1/Video/7IkBOBJ7ifY/7IkBOBJ7ifY_17_0:02:36.909000_0:02:48.418000 por último ofrecer información de seguimiento de los artículos que envías ayuda al comprador pero también a ti puesto que permite al comprador saber dónde se encuentra el artículo en todo momento durante el proceso de envío
spanish/data/SP_B1/Video/7IkBOBJ7ifY/7IkBOBJ7ifY_18_0:02:48.629000_0:02:52.069000 esto aporta transparencia al proceso y honestidad a tu relación con el comprador
spanish/data/SP_B1/Video/7IkBOBJ7ifY/7IkBOBJ7ifY_19_0:02:53.250000_0:02:55.669000 aumenta la confianza del comprador en ti como vendedor
spanish/data/SP_B1/Video/7IkBOBJ7ifY/7IkBOBJ7ifY_20_0:02:56.400000_0:03:12.318000 como resultado aumenta la probabilidad de que vuelva a comprarte y puede también ayudarte a evitar disputas y reclamaciones puesto que ambas partes podéis verificar las acciones de la otra así que aprovecha la tendencia del mercado para aumentar las probabilidades de venta de tus artículos
spanish/data/SP_B1/Video/7IkBOBJ7ifY/7IkBOBJ7ifY_2_0:00:22.480000_0:00:30.289000 hoy en día los compradores están acostumbrados a recibir un servicio de gran calidad lo que se traduce en envío no solo gratis sino también rápido
spanish/data/SP_B1/Video/7IkBOBJ7ifY/7IkBOBJ7ifY_3_0:00:30.829000_0:00:41.579000 por eso para que tanto tú como nosotros en ebay sigamos siendo competitivos frente a otros vendedores en internet y otras plataformas te recomendamos encarecidamente ofrecer envío rápido y gratis
spanish/data/SP_B1/Video/7IkBOBJ7ifY/7IkBOBJ7ifY_4_0:00:42.100000_0:00:51.149000 además los anuncios del sitio español que ofrecen envío gratis tienen una tasa de conversión veces mejor que la de los anuncios en los que los gastos de envío se pagan aparte
spanish/data/SP_B1/Video/7IkBOBJ7ifY/7IkBOBJ7ifY_6_0:01:02.808000_0:01:08.530000 por lo tanto si ofreces envío gratis eliminarás uno de los principales obstáculos para los compradores
spanish/data/SP_B1/Video/7IkBOBJ7ifY/7IkBOBJ7ifY_9_0:01:24.780000_0:01:30.510000 por orden de importancia para los compradores después del envío gratis en segundo lugar aparece la rapidez del envío
spanish/data/SP_B1/Video/7LJnSxqrhZA/7LJnSxqrhZA_0_0:00:08.769000_0:00:10.359000 hola hola hola hola hola
spanish/data/SP_B1/Video/7LJnSxqrhZA/7LJnSxqrhZA_2_0:00:17.649000_0:00:19.059000 quieres certificar tu español
spanish/data/SP_B1/Video/7LJnSxqrhZA/7LJnSxqrhZA_36_0:03:25.800000_0:03:28.030000 esperemos que os haya sido de ayuda
spanish/data/SP_B1/Video/7LJnSxqrhZA/7LJnSxqrhZA_37_0:03:28.400000_0:03:29.689000 a que no es tan difícil
spanish/data/SP_B1/Video/7LJnSxqrhZA/7LJnSxqrhZA_38_0:03:29.960000_0:03:32.300000 sólo hace falta un poquito de práctica
spanish/data/SP_B1/Video/7LJnSxqrhZA/7LJnSxqrhZA_39_0:03:32.959000_0:03:37.229000 si os ha gustado muy importante me gusta me gusta me gusta manitas arriba
spanish/data/SP_B1/Video/7LJnSxqrhZA/7LJnSxqrhZA_40_0:03:37.258000_0:03:43.857000 y si tenéis sugerencias de mejora que seguro que tenéis escribid en comentarios y nada más
spanish/data/SP_B1/Video/7LJnSxqrhZA/7LJnSxqrhZA_41_0:03:43.857000_0:03:45.404000 hasta el próximo video
spanish/data/SP_B1/Video/7LJnSxqrhZA/7LJnSxqrhZA_42_0:03:45.404000_0:03:48.579000 y que no se os olvide dale a la lengua
spanish/data/SP_B1/Video/7LJnSxqrhZA/7LJnSxqrhZA_4_0:00:20.530000_0:00:22.219000 te vamos a ayudar un poquito
spanish/data/SP_B1/Video/7LJnSxqrhZA/7LJnSxqrhZA_5_0:00:22.519000_0:00:24.219000 verás cómo está chupao
spanish/data/SP_B1/Video/7LJnSxqrhZA/7LJnSxqrhZA_7_0:00:34.250000_0:00:39.960000 como ya sabes pues esta tarea consiste en describir una fotografía durante dos o tres minutos
spanish/data/SP_B1/Video/7LJnSxqrhZA/7LJnSxqrhZA_9_0:00:51.908000_0:00:53.609000 así que vamos allá
spanish/data/SP_B1/Video/8Vo9IgyJqII/8Vo9IgyJqII_10_0:01:08.930000_0:01:11.170000 esta técnica no es nueva para ti
spanish/data/SP_B1/Video/8Vo9IgyJqII/8Vo9IgyJqII_11_0:01:11.750000_0:01:14.530000 aunque no lo sepas ya la has utilizado antes
spanish/data/SP_B1/Video/8Vo9IgyJqII/8Vo9IgyJqII_12_0:01:16.090000_0:01:18.859000 así es como aprendiste tu idioma materno
spanish/data/SP_B1/Video/8Vo9IgyJqII/8Vo9IgyJqII_13_0:01:20.109000_0:01:26.989000 ten en cuenta que estuviste dos años escuchando tu propio idioma antes de pronunciar tus primeras palabras
spanish/data/SP_B1/Video/8Vo9IgyJqII/8Vo9IgyJqII_14_0:01:29.929000_0:01:38.899000 así es como debería comenzar cualquier método de aprendizaje de idiomas porque en los seres humanos es la forma natural de aprender un idioma
spanish/data/SP_B1/Video/8Vo9IgyJqII/8Vo9IgyJqII_15_0:01:39.980000_0:01:42.730000 te parece difícil utilizar el subjuntivo
spanish/data/SP_B1/Video/8Vo9IgyJqII/8Vo9IgyJqII_16_0:01:43.478000_0:01:48.838000 los nativos españoles utilizamos el subjuntivo desde que somos muy pequeños
spanish/data/SP_B1/Video/8Vo9IgyJqII/8Vo9IgyJqII_17_0:01:49.709000_0:01:53.888000 nadie nos ha explicado qué es el subjuntivo ni para qué se utiliza
spanish/data/SP_B1/Video/8Vo9IgyJqII/8Vo9IgyJqII_18_0:01:55.260000_0:01:58.829000 simplemente aprendemos a utilizarlo de forma automática
spanish/data/SP_B1/Video/8Vo9IgyJqII/8Vo9IgyJqII_19_0:02:00.039000_0:02:07.718000 eso es lo que conseguirás escuchando mucho español utilizar el español de forma automática
spanish/data/SP_B1/Video/8Vo9IgyJqII/8Vo9IgyJqII_1_0:00:18.219000_0:00:19.260000 qué tal estáis
spanish/data/SP_B1/Video/8Vo9IgyJqII/8Vo9IgyJqII_20_0:02:08.998000_0:02:13.848000 utilizar el idioma de forma que no tengas que pensar lo que vas a decir
spanish/data/SP_B1/Video/8Vo9IgyJqII/8Vo9IgyJqII_21_0:02:15.129000_0:02:17.969000 memoriza bien esta palabra escuchar
spanish/data/SP_B1/Video/8Vo9IgyJqII/8Vo9IgyJqII_22_0:02:19.129000_0:02:25.110000 al principio de nuestro primer vídeo dijimos que ya estabas mejorando tu nivel de español
spanish/data/SP_B1/Video/8Vo9IgyJqII/8Vo9IgyJqII_23_0:02:26.019000_0:02:31.748000 este es uno de los motivos ahora estás escuchando español
spanish/data/SP_B1/Video/8Vo9IgyJqII/8Vo9IgyJqII_24_0:02:33.120000_0:02:37.319000 pero cuidado es importante que entiendas lo que escuchas
spanish/data/SP_B1/Video/8Vo9IgyJqII/8Vo9IgyJqII_25_0:02:38.289000_0:02:41.210000 si no entiendes lo que escuchas no te servirá
spanish/data/SP_B1/Video/8Vo9IgyJqII/8Vo9IgyJqII_26_0:02:42.598000_0:02:51.479000 nosotros siempre ponemos las transcripciones es decir el texto de nuestros episodios y vídeos en nuestra página web
spanish/data/SP_B1/Video/8Vo9IgyJqII/8Vo9IgyJqII_27_0:02:53.090000_0:03:02.299000 primero escucha con atención los episodios si hay algo que no entiendes lee el texto busca las palabras que no entiendas
spanish/data/SP_B1/Video/8Vo9IgyJqII/8Vo9IgyJqII_28_0:03:03.019000_0:03:05.318000 después vuelve a escuchar el episodio
spanish/data/SP_B1/Video/8Vo9IgyJqII/8Vo9IgyJqII_29_0:03:07.179000_0:03:22 puedes utilizar esta técnica con nuestro podcast nuestros vídeos otros podcasts la televisión la radio música documentales otras personas o cualquier otra cosa que se te ocurra
spanish/data/SP_B1/Video/8Vo9IgyJqII/8Vo9IgyJqII_2_0:00:20.318000_0:00:27.469000 en el anterior vídeo hablamos de varias técnicas que se pueden utilizar para aprender mejor un idioma
spanish/data/SP_B1/Video/8Vo9IgyJqII/8Vo9IgyJqII_30_0:03:22.060000_0:03:27.810000 lo importante es escuchar español de forma muy habitual y todos los días
spanish/data/SP_B1/Video/8Vo9IgyJqII/8Vo9IgyJqII_31_0:03:29.688000_0:03:37.508000 esto nos llevará a otra magnífica técnica que permitirá que aprendas español de forma fácil y sin esfuerzo
spanish/data/SP_B1/Video/8Vo9IgyJqII/8Vo9IgyJqII_32_0:03:38.430000_0:03:44.340000 la segunda técnica para aprender español hablaremos de ella en el siguiente vídeo
spanish/data/SP_B1/Video/8Vo9IgyJqII/8Vo9IgyJqII_33_0:03:44.759000_0:03:46.360000 un saludo y hasta pronto
spanish/data/SP_B1/Video/8Vo9IgyJqII/8Vo9IgyJqII_3_0:00:28.570000_0:00:31.839000 también os dijimos que son técnicas muy sencillas
spanish/data/SP_B1/Video/8Vo9IgyJqII/8Vo9IgyJqII_4_0:00:33.179000_0:00:36.460000 esta es la primera técnica escuchar
spanish/data/SP_B1/Video/8Vo9IgyJqII/8Vo9IgyJqII_5_0:00:37.429000_0:00:40.289000 repite esta palabra escuchar
spanish/data/SP_B1/Video/8Vo9IgyJqII/8Vo9IgyJqII_6_0:00:41.829000_0:00:44.118000 otra vez escuchar
spanish/data/SP_B1/Video/8Vo9IgyJqII/8Vo9IgyJqII_7_0:00:46.350000_0:00:49.159000 es una técnica muy sencilla escuchar
spanish/data/SP_B1/Video/8Vo9IgyJqII/8Vo9IgyJqII_8_0:00:50.229000_0:00:56.640000 tienes que convertir esta técnica en la base de tu aprendizaje escuchar
spanish/data/SP_B1/Video/8Vo9IgyJqII/8Vo9IgyJqII_9_0:00:57.909000_0:01:07.840000 si quieres aprender a hablar un idioma de forma relativamente sencilla escucha escucha y escucha español siempre que puedas
spanish/data/SP_B1/Video/8iGkSg34750/8iGkSg34750_0_0:00:06.410000_0:00:12.910000 uno de los grandes retos para la mejora de la productividad de américa latina es el desarrollo de su red de transporte por carretera
spanish/data/SP_B1/Video/8iGkSg34750/8iGkSg34750_11_0:01:40.090000_0:01:41.620000 inscríbete te esperamos
spanish/data/SP_B1/Video/8iGkSg34750/8iGkSg34750_2_0:00:20.120000_0:00:23.219000 y que los porcentajes de la región son similares a los de áfrica
spanish/data/SP_B1/Video/8iGkSg34750/8iGkSg34750_3_0:00:24.329000_0:00:31.699000 atender correctamente la red vial es fundamental tanto en la construcción de nuevas infraestructuras como en el mantenimiento de las ya existentes
spanish/data/SP_B1/Video/8iGkSg34750/8iGkSg34750_4_0:00:31.879000_0:00:38.270000 necesitamos que nuestras carreteras estén en la mejor condición posible para lograr el objetivo del desarrollo sostenible
spanish/data/SP_B1/Video/8iGkSg34750/8iGkSg34750_5_0:00:39.149000_0:00:51.479000 en este sentido el pavimento en muchas ocasiones puede sufrir diversas patologías que hacen que el transporte sea más peligroso para los usuarios sea más lento y que se generen nuevos desperfectos aún mayores
spanish/data/SP_B1/Video/8iGkSg34750/8iGkSg34750_6_0:00:52.159000_0:01:01.789000 conocer sus causas y algunas posibles soluciones es imprescindible no solo para llevar a cabo una reparación adecuada sino para evitar que se repita el problema en el futuro
spanish/data/SP_B1/Video/8iGkSg34750/8iGkSg34750_7_0:01:02.780000_0:01:18.530000 de esta forma caf de desarrollo de américa ofrece este curso donde revisaremos las técnicas más adecuadas para prevenir y tratar cada tipología que pueda afectar al pavimento de nuestras carreteras en pro de la seguridad y la reducción de costes a nivel global
spanish/data/SP_B1/Video/8iGkSg34750/8iGkSg34750_8_0:01:19.289000_0:01:23.368000 por eso nuestro punto de vista será siempre el del desarrollo sostenible
spanish/data/SP_B1/Video/8iGkSg34750/8iGkSg34750_9_0:01:23.500000_0:01:29.409000 es decir impulsar el desarrollo desde la sostenibilidad económica social y ambiental
spanish/data/SP_B1/Video/_20ferrO5GY/_20ferrO5GY_1_0:00:39.469000_0:00:47.380000 es decir no se trata de un acto político que decidió pagar las pensiones sobre un acto de obediencia a una orden judicial el marco de una causa
spanish/data/SP_B1/Video/_20ferrO5GY/_20ferrO5GY_2_0:00:48.600000_0:01:01.310000 actualmente nos encontramos con que en primera instancia se dicta una sentencia definitiva que ordena al estado restituir las pensiones desde el momento en que cada suma debió haber sido puesta al cobro
spanish/data/SP_B1/Video/_20ferrO5GY/_20ferrO5GY_3_0:01:02.179000_0:01:09.780000 esta sentencia se fundamenta en que no hubo este ejercicio del derecho de defensa
spanish/data/SP_B1/Video/_20ferrO5GY/_20ferrO5GY_4_0:01:11.129000_0:01:12.370000 qué hace el estado
spanish/data/SP_B1/Video/_20ferrO5GY/_20ferrO5GY_8_0:02:13.289000_0:02:16.090000 debe en primer lugar recurrir a un abogado
spanish/data/SP_B1/Video/_20ferrO5GY/_20ferrO5GY_9_0:02:16.090000_0:02:29.949000 no porque sea necesario que recurra a un abogado sino para que puedan asesorarla en detalle ya que la maniobra tan perversa que se está haciendo por parte del estado hace que se pueda dificultar la defensa
spanish/data/SP_B1/Video/_G7_01NqMuA/_G7_01NqMuA_10_0:01:05.939000_0:01:06.980000 es algo indescriptible
spanish/data/SP_B1/Video/_G7_01NqMuA/_G7_01NqMuA_11_0:01:07.079000_0:01:13.090000 es una realidad que no imaginas del todo cuando tienes un empleo asalariado y crees que eso es lo más sensato
spanish/data/SP_B1/Video/_G7_01NqMuA/_G7_01NqMuA_12_0:01:13.450000_0:01:29.599000 bueno escúchame si hay al menos una pequeñita parte de ti ahí dentro que palpita más rápido cuando imaginas una vida más libre y empoderada una vida independiente y autodiseñada vente conmigo en este viaje empoderador
spanish/data/SP_B1/Video/_G7_01NqMuA/_G7_01NqMuA_13_0:01:29.760000_0:01:31.200000 no pierdes nada de verdad
spanish/data/SP_B1/Video/_G7_01NqMuA/_G7_01NqMuA_14_0:01:31.530000_0:01:45.810000 es totalmente gratis dura sólo una semana y te garantizo que tu tiempo será muy bien invertido porque independientemente de lo que hagas luego con lo que vas a aprender tu vida no será la misma sabiendo lo que vas a saber
spanish/data/SP_B1/Video/_G7_01NqMuA/_G7_01NqMuA_16_0:01:46.879000_0:01:49.709000 te dejo el enlace a tu matrícula gratuita
spanish/data/SP_B1/Video/_G7_01NqMuA/_G7_01NqMuA_17_0:01:49.879000_0:01:56.589000 haz click y deja el email en el que quieres recibir tus accesos a las lecciones durante esa semana de viaje empoderador
spanish/data/SP_B1/Video/_G7_01NqMuA/_G7_01NqMuA_19_0:01:57.659000_0:02:01.198000 y ya me vas a contar cómo te quedas con todo lo que vas a descubrir
spanish/data/SP_B1/Video/_G7_01NqMuA/_G7_01NqMuA_2_0:00:08.789000_0:00:12.109000 y cuando digo que te invito quiero decir que tienes entrada gratis
spanish/data/SP_B1/Video/_G7_01NqMuA/_G7_01NqMuA_3_0:00:12.509000_0:00:22.420000 esta experiencia se llama viaje empoderador y es un programa de formación online extremadamente aplicable e iluminador
spanish/data/SP_B1/Video/_G7_01NqMuA/_G7_01NqMuA_4_0:00:22.609000_0:00:32.770000 es un minicurso intensivo para personas con espíritu emprendedor que saben que emprender en internet sería maravilloso pero no tienen ni idea de por dónde tendrían que empezar
spanish/data/SP_B1/Video/_G7_01NqMuA/_G7_01NqMuA_5_0:00:32.880000_0:00:41.630000 es un tema que me entusiasma porque tomar la decisión de crear un negocio en internet fue una de las mejores decisiones de mi vida
spanish/data/SP_B1/Video/_G7_01NqMuA/_G7_01NqMuA_7_0:00:51.789000_0:00:53.770000 y a día de hoy no lo cambiaría por nada
spanish/data/SP_B1/Video/_G7_01NqMuA/_G7_01NqMuA_8_0:00:53.859000_0:01:04.510000 el poder invertir mi tiempo en lo que quiero con quien quiero donde quiero y sin que ningún jefe me tenga que dar su aprobación o peor aún su permiso
spanish/data/SP_B1/Video/_GtlxpGOEjI/_GtlxpGOEjI_14_0:01:16.939000_0:01:23.719000 en la semana más importante para los católicos en mompox se conserva la tradición de adornar las figuras que desfilan en las procesiones con joyas
spanish/data/SP_B1/Video/_GtlxpGOEjI/_GtlxpGOEjI_15_0:01:24.200000_0:01:27.909000 los peregrinos pueden visitar el cementerio municipal y las iglesias coloniales
spanish/data/SP_B1/Video/_GtlxpGOEjI/_GtlxpGOEjI_16_0:01:29.879000_0:01:30.859000 cuarto ipiales
spanish/data/SP_B1/Video/_GtlxpGOEjI/_GtlxpGOEjI_17_0:01:31.359000_0:01:34.909000 es un destino cultural y religioso por su famoso santuario de las lajas
spanish/data/SP_B1/Video/_GtlxpGOEjI/_GtlxpGOEjI_19_0:01:40.609000_0:01:47.900000 es una iglesia de piedra gris y blanca de estilo neogótico construida en el siglo xx y que sustituyó una capilla del siglo xviii
spanish/data/SP_B1/Video/_GtlxpGOEjI/_GtlxpGOEjI_20_0:01:48.010000_0:02:00.819000 la semana santa en ipiales se celebra con procesiones sacras conciertos de música religiosa y con la tradición de los doce platos y las tres ollas una costumbre en la que los ipialeños reparten en las calles alimentos típicos como cuy asado pan de maíz y champús
spanish/data/SP_B1/Video/_GtlxpGOEjI/_GtlxpGOEjI_23_0:02:08.008000_0:02:16.819000 es uno de los destinos más aclamados por los turistas por la catedral de sal de zipaquirá construida en el interior de una mina de sal y que cuenta con una colección de esculturas de sal y mármol
spanish/data/SP_B1/Video/_GtlxpGOEjI/_GtlxpGOEjI_2_0:00:16.638000_0:00:20.300000 la ciudad cuenta con uno de los centros históricos mejor conservados de latinoamérica
spanish/data/SP_B1/Video/_GtlxpGOEjI/_GtlxpGOEjI_3_0:00:20.670000_0:00:27.030000 en semana santa sus calles coloniales sus iglesias y sus edificaciones blancas se convierten en el lugar predilecto para los fieles
spanish/data/SP_B1/Video/_GtlxpGOEjI/_GtlxpGOEjI_4_0:00:27.269000_0:00:30.899000 puede visitar el parque caldas la torre del reloj y el puente del humilladero
spanish/data/SP_B1/Video/_GtlxpGOEjI/_GtlxpGOEjI_6_0:00:35.079000_0:00:40.219000 ubicada en el departamento del valle del cauca es reconocida a nivel mundial por la basílica del señor de los milagros
spanish/data/SP_B1/Video/_GtlxpGOEjI/_GtlxpGOEjI_7_0:00:40.490000_0:00:45.408000 este templo fue construido a finales del siglo xix y anualmente lo visitan más de un millón de personas
spanish/data/SP_B1/Video/_GtlxpGOEjI/_GtlxpGOEjI_9_0:00:55.359000_0:00:56.409000 tercero mompox
spanish/data/SP_B1/Video/_VpYNgCguKw/_VpYNgCguKw_0_0:00:00.230000_0:00:03.500000 bienvenido de nuevo al diccionario financiero de educa tu bolsillo
spanish/data/SP_B1/Video/_VpYNgCguKw/_VpYNgCguKw_15_0:01:52.129000_0:02:00.489000 como has visto en el ejemplo este es el tipo de ingresos que debes buscar en el futuro si no quieres depender de tu nómina o de tu sueldo
spanish/data/SP_B1/Video/_VpYNgCguKw/_VpYNgCguKw_16_0:02:01.060000_0:02:18.808000 a ver no significa que no vayas a trabajar en el futuro claro que puedes hacerlo nadie te va a decir lo contrario pero sí es cierto que mientras vas construyendo estos ingresos pasivos tu mes a mes se va a ir haciendo un poco más fácil ya que vas a tener tanto la parte del ingreso activo como esta pequeña parte del ingreso pasivo
spanish/data/SP_B1/Video/_VpYNgCguKw/_VpYNgCguKw_17_0:02:19.158000_0:02:38.139000 y no quiero olvidarme decirte que este ingreso no tiene la limitación temporal como tenía el ingreso activo ya que una vez tú consigues generar este ingreso pasivo ya limpio para ti la idea se trata de que después vuelvas a crear otro y otro y otro y otro proyecto
spanish/data/SP_B1/Video/_VpYNgCguKw/_VpYNgCguKw_18_0:02:38.580000_0:02:48.400000 de esa forma y poco a poco irás creando esa base de ingresos pasivos que en el futuro será además la base de tu riqueza o de tu libertad
spanish/data/SP_B1/Video/_VpYNgCguKw/_VpYNgCguKw_19_0:02:49.530000_0:02:55.509000 por cierto qué ocurre cuando los ingresos pasivos superan ya tus gastos mensuales
spanish/data/SP_B1/Video/_VpYNgCguKw/_VpYNgCguKw_1_0:00:04.528000_0:00:06.269000 qué es eso de los ingresos pasivos
spanish/data/SP_B1/Video/_VpYNgCguKw/_VpYNgCguKw_23_0:02:59.610000_0:03:01.889000 no te vayas todavía no te vayas por favooo
spanish/data/SP_B1/Video/_VpYNgCguKw/_VpYNgCguKw_24_0:03:01.889000_0:03:04.610000 no te olvides de comentar todas tus dudas aquí abajo
spanish/data/SP_B1/Video/_VpYNgCguKw/_VpYNgCguKw_25_0:03:04.780000_0:03:06.569000 regálame un like si te ha gustado este vídeo
spanish/data/SP_B1/Video/_VpYNgCguKw/_VpYNgCguKw_26_0:03:06.949000_0:03:10.879000 no olvides suscribirte haciendo clic aquí o viendo el siguiente vídeo aquí
spanish/data/SP_B1/Video/_VpYNgCguKw/_VpYNgCguKw_2_0:00:07.068000_0:00:13.560000 mucha gente habla en internet sobre ingresos pasivos pero sigo sin tener claro qué es o qué significa
spanish/data/SP_B1/Video/_VpYNgCguKw/_VpYNgCguKw_3_0:00:14.439000_0:00:16.129000 pues quédate conmigo y te lo enseño
spanish/data/SP_B1/Video/_VpYNgCguKw/_VpYNgCguKw_5_0:00:29.019000_0:00:40.718000 ya te expliqué en el vídeo anterior que puedes ver aquí que un ingreso activo es aquel dinero que recibes por las horas que empleas en un trabajo es decir por tus horas trabajadas
spanish/data/SP_B1/Video/_VpYNgCguKw/_VpYNgCguKw_6_0:00:40.718000_0:00:47.320000 entonces un ingreso pasivo es aquel dinero que recibo por mis horas no trabajadas
spanish/data/SP_B1/Video/a2xGnFIoyfY/a2xGnFIoyfY_0_0:00:03.419000_0:00:08.319000 hola soy javier galán blanco concejal de derechos humanos y cooperación al desarrollo
spanish/data/SP_B1/Video/a2xGnFIoyfY/a2xGnFIoyfY_10_0:01:15.489000_0:01:24.870000 también durante esta semana se está celebrando la cumbre contra el cambio climático en polonia y en ella probablemente los líderes mundiales firmarán buenos compromisos que no piensan cumplir
spanish/data/SP_B1/Video/a2xGnFIoyfY/a2xGnFIoyfY_11_0:01:24.890000_0:01:28.590000 en alcalá en cambio preferimos poner medidas locales para problemas globales
spanish/data/SP_B1/Video/a2xGnFIoyfY/a2xGnFIoyfY_12_0:01:29.129000_0:01:35.140000 por eso y coincidiendo con la cumbre hemos plantado en colaboración con la comunidad de madrid árboles más en el parque de los cerros
spanish/data/SP_B1/Video/a2xGnFIoyfY/a2xGnFIoyfY_14_0:01:45.978000_0:01:51.489000 también dentro de la actualidad local se ha inaugurado la nueva biblioteca en el barrio de espartales
spanish/data/SP_B1/Video/a2xGnFIoyfY/a2xGnFIoyfY_15_0:01:51.510000_0:01:59.899000 una demanda vecinal histórica que se ve cumplida gracias al compromiso político de este gobierno del cambio y que le da aún más vida al centro cultural galatea y al barrio de espartales
spanish/data/SP_B1/Video/a2xGnFIoyfY/a2xGnFIoyfY_17_0:02:14.530000_0:02:18.110000 también hemos conseguido aumentar las plazas del centro ocupacional el molino
spanish/data/SP_B1/Video/a2xGnFIoyfY/a2xGnFIoyfY_19_0:02:27.949000_0:02:40.379000 para terminar queremos dar nuestra más sincera enhorabuena a las alumnas y alumnos del instituto público isidra de guzmán que han sido galardonados con un premio internacional por su proyecto para mejorar y concienciar sobre la seguridad vial
spanish/data/SP_B1/Video/a2xGnFIoyfY/a2xGnFIoyfY_2_0:00:21.170000_0:00:27.449000 sin embargo esa declaración de derechos universal no nació para hacer discursos sino para hacer realidad un mundo más justo
spanish/data/SP_B1/Video/a2xGnFIoyfY/a2xGnFIoyfY_3_0:00:28.118000_0:00:31.157000 nació para evitar la muerte y el sufrimiento de los seres humanos
spanish/data/SP_B1/Video/a2xGnFIoyfY/a2xGnFIoyfY_5_0:00:36.899000_0:00:46.939000 para que un barco que rescata a personas que se están ahogando en el mar no tenga que vagar a la deriva durante semanas esperando a que algún país mediterráneo decida cumplir la ley marítima internacional
spanish/data/SP_B1/Video/a2xGnFIoyfY/a2xGnFIoyfY_6_0:00:47.590000_0:00:59.446000 se aprobaron para que ningún país acose a un barco de rescate como hace el gobierno italiano con médicos sin fronteras y el barco aquarius con la connivencia de todos los gobiernos de la unión europea y que les ha llevado a tener que dejar de navegar
spanish/data/SP_B1/Video/a2xGnFIoyfY/a2xGnFIoyfY_7_0:00:59.539000_0:01:03.689000 porque los derechos humanos se cumplen fortaleciendo la cooperación internacional no elevando muros
spanish/data/SP_B1/Video/a2xGnFIoyfY/a2xGnFIoyfY_8_0:01:03.689000_0:01:06.569000 se cumplen promoviendo la paz no enriqueciéndose con la guerra
spanish/data/SP_B1/Video/a2xGnFIoyfY/a2xGnFIoyfY_9_0:01:06.989000_0:01:14.469000 los derechos humanos se cumplen en definitiva trabajando por un mundo más justo en el que nadie se vea obligado a migrar y en el que la vida sea el centro de la política
spanish/data/SP_B1/Video/a5csEdUDVy0/a5csEdUDVy0_0_0:00:03.990000_0:00:09.419000 una de las preguntas frecuentes que me hacen mis alumnos es como convertirse en un agente inmobiliario experto
spanish/data/SP_B1/Video/a5csEdUDVy0/a5csEdUDVy0_12_0:00:59.609000_0:01:07.920000 aprendiendo de la a a la z aprender de la a a la z significa aprender primero por qué y cómo se compra un inmueble
spanish/data/SP_B1/Video/a5csEdUDVy0/a5csEdUDVy0_13_0:01:08.429000_0:01:11.938000 que motiva a una persona a pagar un alto precio por este tipo de producto
spanish/data/SP_B1/Video/a5csEdUDVy0/a5csEdUDVy0_14_0:01:12.078000_0:01:21.109000 y en base a este conocimiento aprender las técnicas estrategias procesos y métodos de captación y venta más apropiados para este tipo de producto
spanish/data/SP_B1/Video/a5csEdUDVy0/a5csEdUDVy0_15_0:01:22.519000_0:01:31.968000 luego se debe a prender a utilizar los medios de promoción para conseguir tus objetivos y para terminar el círculo aprenden a negociar y a argumentar la compra de un inmueble
spanish/data/SP_B1/Video/a5csEdUDVy0/a5csEdUDVy0_18_0:01:35.688000_0:01:48.728000 algunos agentes inmobiliarios asisten a cursos de formación donde se aprende primero la p luego la b luego la m y así sucesivamente lo que lleva a la confusión a retrasar el aprendizaje y a no poner en práctica lo aprendido
spanish/data/SP_B1/Video/a5csEdUDVy0/a5csEdUDVy0_19_0:01:50.448000_0:01:55.746000 para ser un agente inmobiliario experto no es suficiente conocer los trucos del negocio inmobiliario
spanish/data/SP_B1/Video/a5csEdUDVy0/a5csEdUDVy0_1_0:00:10.039000_0:00:16.399000 en realidad lo que quieren preguntar estos agentes de bienes raíces es cómo conseguir más ventas e incrementar sus comisiones
spanish/data/SP_B1/Video/a5csEdUDVy0/a5csEdUDVy0_20_0:01:55.746000_0:02:03.069000 por ejemplo conocer los mejores medios de promoción online conocer algunos trucos publicitarios y de email marketing etc
spanish/data/SP_B1/Video/a5csEdUDVy0/a5csEdUDVy0_21_0:02:03.438000_0:02:15.379000 hay que conocer el negocio saber cómo obtener y leer estadísticas saber cómo mostrar un inmueble saber por qué utilizar ciertos medios y otros no tanto como mantener a un cliente interesado etc
spanish/data/SP_B1/Video/a5csEdUDVy0/a5csEdUDVy0_22_0:02:16.620000_0:02:31.469000 cómo demostrarle a un agente inmobiliario que está acostumbrado a captar sólo con publicidad online y captar poco dicho sea de paso que para vender como lo hace el agente inmobiliario experto necesita extraer los beneficios de cada inmueble a partir de sus características
spanish/data/SP_B1/Video/a5csEdUDVy0/a5csEdUDVy0_23_0:02:32.150000_0:02:33.629000 no es fácil cambiar de hábitos
spanish/data/SP_B1/Video/a5csEdUDVy0/a5csEdUDVy0_24_0:02:33.650000_0:02:34.679000 pero qué dices
spanish/data/SP_B1/Video/a5csEdUDVy0/a5csEdUDVy0_25_0:02:34.679000_0:02:44.520000 déjate de rollos de características y beneficios que hoy lo que funciona es facebook los portales inmobiliarios y tener los precios bajos
spanish/data/SP_B1/Video/a5csEdUDVy0/a5csEdUDVy0_26_0:02:45.360000_0:02:52.379000 este es el perfil típico del auto proclamado agente inmobiliario experto que lo tiene bastante complicado en este sector
spanish/data/SP_B1/Video/a5csEdUDVy0/a5csEdUDVy0_27_0:02:52.610000_0:02:55.719000 quiere vender utilizando trucos y no el conocimiento
spanish/data/SP_B1/Video/a5csEdUDVy0/a5csEdUDVy0_28_0:02:57.419000_0:03:02.419000 no seas uno de ellos y aléjate de tan pronto como puedas para que no te contamine
spanish/data/SP_B1/Video/a5csEdUDVy0/a5csEdUDVy0_2_0:00:18.019000_0:00:21.969000 debo reconocer que la forma en que hacen la pregunta es alentadora
spanish/data/SP_B1/Video/a5csEdUDVy0/a5csEdUDVy0_3_0:00:22.039000_0:00:33.259000 ya que conlleva la suposición por parte de quien la hace que se necesita formación para vender más y mejor cómo puedo convertirme en un agente inmobiliario experto y así mejorar mi situación financiera
spanish/data/SP_B1/Video/a5csEdUDVy0/a5csEdUDVy0_4_0:00:34.020000_0:00:37.549000 esta es la pregunta real que se oculta detrás de la pregunta inicial
spanish/data/SP_B1/Video/a5csEdUDVy0/a5csEdUDVy0_5_0:00:38.890000_0:00:44.759000 para empezar haber trabajado años en el sector no le otorga el derecho a nadie a llamarse experto
spanish/data/SP_B1/Video/a5csEdUDVy0/a5csEdUDVy0_6_0:00:44.759000_0:00:49.759000 el experto es aquel que sabe más que tú y que la mayoría sobre un tema determinado que domina muy bien
spanish/data/SP_B1/Video/a5csEdUDVy0/a5csEdUDVy0_7_0:00:50.320000_0:00:52.689000 por tanto las canas son sólo signo de edad
spanish/data/SP_B1/Video/a5csEdUDVy0/a5csEdUDVy0_9_0:00:55.310000_0:00:57.530000 cómo se convierte un agente inmobiliario en experto
