french/data/FR_B1_B2/Video/45R2XmsUk8o/45R2XmsUk8o_12_0:00:32.140000_0:00:33.870000 non ce nest pas une question manu
french/data/FR_B1_B2/Video/45R2XmsUk8o/45R2XmsUk8o_13_0:00:33.870000_0:00:35.958000 à partir de maintenent je suis ton ombre
french/data/FR_B1_B2/Video/45R2XmsUk8o/45R2XmsUk8o_14_0:00:36.179000_0:00:40.890000 ça fait peu de temps que président et tu as déjà gagné le coeur de la plupart des américains écoute
french/data/FR_B1_B2/Video/45R2XmsUk8o/45R2XmsUk8o_15_0:00:41.200000_0:00:48.049000 jeune beau dynamique et surtout tu sais comment resister à donald trump et ça ça on aime
french/data/FR_B1_B2/Video/45R2XmsUk8o/45R2XmsUk8o_19_0:00:52.840000_0:00:54.170000 ton discours en anglais
french/data/FR_B1_B2/Video/45R2XmsUk8o/45R2XmsUk8o_20_0:00:54.460000_0:00:59.119000 en appellant tous les scientifiques américains concernés par le changement climatique pour venir ici en france
french/data/FR_B1_B2/Video/45R2XmsUk8o/45R2XmsUk8o_21_0:00:59.259000_0:01:01.686000 make our planet great again
french/data/FR_B1_B2/Video/45R2XmsUk8o/45R2XmsUk8o_22_0:01:03.189000_0:01:04.170000 digne de moi
french/data/FR_B1_B2/Video/45R2XmsUk8o/45R2XmsUk8o_23_0:01:04.739000_0:01:06.030000 et bravo pour ton anglais
french/data/FR_B1_B2/Video/45R2XmsUk8o/45R2XmsUk8o_24_0:01:06.260000_0:01:10.200000 tous les autres présidents français ils parlent anglais comme des vaches qui pissent
french/data/FR_B1_B2/Video/45R2XmsUk8o/45R2XmsUk8o_25_0:01:10.730000_0:01:12.329000 alors pourquoi je suis là
french/data/FR_B1_B2/Video/45R2XmsUk8o/45R2XmsUk8o_28_0:01:15.459000_0:01:18.140000 du mal avec un mot this one
french/data/FR_B1_B2/Video/45R2XmsUk8o/45R2XmsUk8o_2_0:00:08_0:00:12.240000 vue ma réputation je plus de me présenter mais bon on est en france
french/data/FR_B1_B2/Video/45R2XmsUk8o/45R2XmsUk8o_37_0:01:43.790000_0:01:45.900000 moi pas le temps de faire un cours de diction ok
french/data/FR_B1_B2/Video/45R2XmsUk8o/45R2XmsUk8o_40_0:01:54.700000_0:02:00.459000 alors on fout si obama a bombardé le yemen en tuant des milliers de civils il était drôle sur jimmy fallon
french/data/FR_B1_B2/Video/45R2XmsUk8o/45R2XmsUk8o_41_0:02:01.159000_0:02:02.439000 alors pour nous un bon type
french/data/FR_B1_B2/Video/45R2XmsUk8o/45R2XmsUk8o_43_0:02:03.519000_0:02:05.700000 ce que tu vas faire concrètement pour la france
french/data/FR_B1_B2/Video/45R2XmsUk8o/45R2XmsUk8o_44_0:02:05.730000_0:02:07.040000 la loi travail etc
french/data/FR_B1_B2/Video/45R2XmsUk8o/45R2XmsUk8o_45_0:02:07.500000_0:02:08.469000 on bat les balls
french/data/FR_B1_B2/Video/45R2XmsUk8o/45R2XmsUk8o_49_0:02:19.180000_0:02:25.400000 je sais que je parle anglais mais je ne suis pas donald trump tu peux lâcher ma main maintenant ok manu
french/data/FR_B1_B2/Video/45R2XmsUk8o/45R2XmsUk8o_4_0:00:13.820000_0:00:17.100000 moi je suis speechwriter et coach of barack obama
french/data/FR_B1_B2/Video/45R2XmsUk8o/45R2XmsUk8o_51_0:02:28.909000_0:02:30.560000 plus américain que ce que tu crois
french/data/FR_B1_B2/Video/45R2XmsUk8o/45R2XmsUk8o_5_0:00:17.679000_0:00:19.070000 yes we can moi
french/data/FR_B1_B2/Video/45R2XmsUk8o/45R2XmsUk8o_6_0:00:19.579000_0:00:21.129000 lui il voulait hey why not
french/data/FR_B1_B2/Video/45R2XmsUk8o/45R2XmsUk8o_8_0:00:23.600000_0:00:28.079000 alors manu ça fait un mois que je et honnêtement tu sors pas mal
french/data/FR_B1_B2/Video/5TxQKDnXCgQ/5TxQKDnXCgQ_0_0:00:07.830000_0:00:20.260000 bonjour tout le monde que vous allez bien on est le mai et le mai en france un jour férié
french/data/FR_B1_B2/Video/5TxQKDnXCgQ/5TxQKDnXCgQ_10_0:01:21.079000_0:01:26.459000 donc férié mais je pas envie de sortir
french/data/FR_B1_B2/Video/5TxQKDnXCgQ/5TxQKDnXCgQ_11_0:01:27.459000_0:01:39.680000 je préfère rester chez moi toute seule toute la journée mais pas grave parce y a aussi beaucoup de choses à faire à la maison
french/data/FR_B1_B2/Video/5TxQKDnXCgQ/5TxQKDnXCgQ_12_0:01:40.530000_0:01:55.650000 parfois je fais la cuisine parfois de la musique parfois je me repose parfois je aussi mais il y a toujours beaucoup de choses à faire quand on reste à la maison
french/data/FR_B1_B2/Video/5TxQKDnXCgQ/5TxQKDnXCgQ_13_0:01:57.469000_0:02:03.819000 par exemple ce matin fait la cuisine fait un gâteau au chocolat
french/data/FR_B1_B2/Video/5TxQKDnXCgQ/5TxQKDnXCgQ_14_0:02:04.920000_0:02:10.080000 ensuite écouté de la musique et rangé ma chambre
french/data/FR_B1_B2/Video/5TxQKDnXCgQ/5TxQKDnXCgQ_15_0:02:10.930000_0:02:19.229000 et cet je vais boire du thé je vais lire et je vais regarder un film
french/data/FR_B1_B2/Video/5TxQKDnXCgQ/5TxQKDnXCgQ_16_0:02:21.129000_0:02:29.580000 ensuite je vais appeler mes parents parce ne vivent pas à lyon et je ne les vois pas souvent
french/data/FR_B1_B2/Video/5TxQKDnXCgQ/5TxQKDnXCgQ_17_0:02:31.500000_0:02:32.840000 et voilà tout
french/data/FR_B1_B2/Video/5TxQKDnXCgQ/5TxQKDnXCgQ_18_0:02:34.310000_0:02:37.199000 déjà un beau programme pour une journée de vacances
french/data/FR_B1_B2/Video/5TxQKDnXCgQ/5TxQKDnXCgQ_19_0:02:37.550000_0:02:45.560000 et vous quand vous ne travaillez pas quand il pleut quand il fait moche vous faites quoi
french/data/FR_B1_B2/Video/5TxQKDnXCgQ/5TxQKDnXCgQ_1_0:00:21.522000_0:00:23.422000 ça veut dire ne travaille pas
french/data/FR_B1_B2/Video/5TxQKDnXCgQ/5TxQKDnXCgQ_20_0:02:46.310000_0:02:47.699000 vous aimez restez chez vous
french/data/FR_B1_B2/Video/5TxQKDnXCgQ/5TxQKDnXCgQ_2_0:00:24.350000_0:00:34 les magasins sont fermés les supermarchés sont fermés est fermée on ne va pas à on ne va pas travailler
french/data/FR_B1_B2/Video/5TxQKDnXCgQ/5TxQKDnXCgQ_3_0:00:36.380000_0:00:37.840000 comme un jour de vacances
french/data/FR_B1_B2/Video/5TxQKDnXCgQ/5TxQKDnXCgQ_4_0:00:38.219000_0:00:39.609000 les vacances bien
french/data/FR_B1_B2/Video/5TxQKDnXCgQ/5TxQKDnXCgQ_5_0:00:40.380000_0:00:44.770000 mais le problème à lyon il ne fait pas beau
french/data/FR_B1_B2/Video/5TxQKDnXCgQ/5TxQKDnXCgQ_6_0:00:45.390000_0:00:53.250000 il fait très moche il pleut il fait froid il y a du vent
french/data/FR_B1_B2/Video/5TxQKDnXCgQ/5TxQKDnXCgQ_7_0:00:55.429000_0:00:58.320000 bien les vacances parce que je ne travaille pas
french/data/FR_B1_B2/Video/5TxQKDnXCgQ/5TxQKDnXCgQ_8_0:00:58.810000_0:01:04.900000 je peux sortir voir mes amis aller me balader dehors
french/data/FR_B1_B2/Video/5TxQKDnXCgQ/5TxQKDnXCgQ_9_0:01:05.390000_0:01:19.359000 mais quand il fait froid en général je pas envie de sortir je préfère rester chez moi toute seule je suis de mauvaise humeur je suis triste je suis fatiguée je suis énervée
french/data/FR_B1_B2/Video/9kRF1YvdLBE/9kRF1YvdLBE_0_0:00:00.110000_0:00:02.839000 bonjour je guillaume mais tu peux aussi monsieur love
french/data/FR_B1_B2/Video/9kRF1YvdLBE/9kRF1YvdLBE_10_0:00:37.619000_0:00:42.240000 pour savoir de quel côté il faut simple exactement pareil que lorsque tu te penches pour boire au robinet
french/data/FR_B1_B2/Video/9kRF1YvdLBE/9kRF1YvdLBE_12_0:00:46.079000_0:00:47.590000 tes lèvres doivent être légèrement
french/data/FR_B1_B2/Video/9kRF1YvdLBE/9kRF1YvdLBE_13_0:00:49.060000_0:00:52.329000 lentement des siennes car si tu vas trop vite tu vas cogner contre ses dents
french/data/FR_B1_B2/Video/9kRF1YvdLBE/9kRF1YvdLBE_14_0:00:52.939000_0:00:56.149000 vise en premier la lèvre inférieure que tu vas sucer comme si une sucette
french/data/FR_B1_B2/Video/9kRF1YvdLBE/9kRF1YvdLBE_15_0:00:56.590000_0:00:58.619000 mais très lentement et très doucement
french/data/FR_B1_B2/Video/9kRF1YvdLBE/9kRF1YvdLBE_16_0:00:59.460000_0:01:02.600000 ensuite tu alternes avec la lèvre supérieure puis avec les lèvres
french/data/FR_B1_B2/Video/9kRF1YvdLBE/9kRF1YvdLBE_17_0:01:03.079000_0:01:05.319000 evidemment quand tu fais tout ça tu ferme les yeux
french/data/FR_B1_B2/Video/9kRF1YvdLBE/9kRF1YvdLBE_19_0:01:07.590000_0:01:11.980000 par intermittence mais ne sois pas complètement scotché à sa bouche sinon il ne va pas pouvoir respirer
french/data/FR_B1_B2/Video/9kRF1YvdLBE/9kRF1YvdLBE_20_0:01:12.420000_0:01:19.209000 evidemment ne pas si tu as un rhume et que ton nez est complètement bouché car tu vas avoir du mal à respirer pendant que tu et ce pas très romantique
french/data/FR_B1_B2/Video/9kRF1YvdLBE/9kRF1YvdLBE_22_0:01:23.640000_0:01:25.519000 apprends à bien embrasser avec la bouche
french/data/FR_B1_B2/Video/9kRF1YvdLBE/9kRF1YvdLBE_23_0:01:27.099000_0:01:29.540000 pour bien embrasser avec la langue voici comment procéder
french/data/FR_B1_B2/Video/9kRF1YvdLBE/9kRF1YvdLBE_24_0:01:29.890000_0:01:36.599000 tu légèrement tes lèvres et quand vos bouches sont en contact tu introduis doucement la pointe de ta langue dans sa bouche
french/data/FR_B1_B2/Video/9kRF1YvdLBE/9kRF1YvdLBE_25_0:01:37_0:01:39.219000 ensuite avec ta langue tu caresses la sienne
french/data/FR_B1_B2/Video/9kRF1YvdLBE/9kRF1YvdLBE_27_0:01:44.680000_0:01:49.510000 tu introduis ta langue tu caresses la sienne tu retires ta langue tu la réintroduis et ainsi de suite
french/data/FR_B1_B2/Video/9kRF1YvdLBE/9kRF1YvdLBE_28_0:01:52.540000_0:01:56.879000 tu introduis ta langue tu caresses la sienne tout en tournant autour vers la droite ou vers la gauche
french/data/FR_B1_B2/Video/9kRF1YvdLBE/9kRF1YvdLBE_29_0:01:57.359000_0:01:58.420000 en général vers la droite
french/data/FR_B1_B2/Video/9kRF1YvdLBE/9kRF1YvdLBE_2_0:00:09.480000_0:00:11.769000 embrasser sur la bouche pas quelque chose de naturel
french/data/FR_B1_B2/Video/9kRF1YvdLBE/9kRF1YvdLBE_32_0:02:01.859000_0:02:03.900000 le plus important à de ton partenaire
french/data/FR_B1_B2/Video/9kRF1YvdLBE/9kRF1YvdLBE_33_0:02:04.519000_0:02:08.189000 et si tu pas trop guider un peu comme une danse
french/data/FR_B1_B2/Video/9kRF1YvdLBE/9kRF1YvdLBE_34_0:02:08.840000_0:02:12.099000 il faut y aller vraiment doucement lentement et sensuellement
french/data/FR_B1_B2/Video/9kRF1YvdLBE/9kRF1YvdLBE_36_0:02:15.240000_0:02:17.270000 ca ne sert à rien et ce pas romantique
french/data/FR_B1_B2/Video/9kRF1YvdLBE/9kRF1YvdLBE_37_0:02:17.819000_0:02:19.199000 tu dois être à avec ton partenaire
french/data/FR_B1_B2/Video/9kRF1YvdLBE/9kRF1YvdLBE_39_0:02:22.159000_0:02:25.180000 et surtout tu ne dois jamais te sentir obligé de faire ce que tu pas
french/data/FR_B1_B2/Video/9kRF1YvdLBE/9kRF1YvdLBE_3_0:00:12.050000_0:00:14.119000 biologiquement la bouche sert à boire et à manger
french/data/FR_B1_B2/Video/9kRF1YvdLBE/9kRF1YvdLBE_40_0:02:26.909000_0:02:30.460000 avant de vérifie que tu as une bonne haleine et que tes lèvres ne sont pas asséchées
french/data/FR_B1_B2/Video/9kRF1YvdLBE/9kRF1YvdLBE_42_0:02:33.460000_0:02:38.610000 evite de mettre du baume à lèvre parfumé par exemple au miel car si le mec pas le miel ça va pas le faire
french/data/FR_B1_B2/Video/9kRF1YvdLBE/9kRF1YvdLBE_43_0:02:39.319000_0:02:44.229000 et bien entendu évite de mettre du gloss et du rouge à lèvre à moins que tu souhaites le faire ressembler à un clown
french/data/FR_B1_B2/Video/9kRF1YvdLBE/9kRF1YvdLBE_45_0:02:50.909000_0:02:53.639000 tu dois être dans présent dans le ressenti dans
french/data/FR_B1_B2/Video/9kRF1YvdLBE/9kRF1YvdLBE_46_0:02:54.669000_0:02:58.520000 comme pour le chant tu apprends la technique mais quand tu chantes tu te laisses envahir par
french/data/FR_B1_B2/Video/9kRF1YvdLBE/9kRF1YvdLBE_47_0:02:59.800000_0:03:00.849000 cette vidéo est terminée
french/data/FR_B1_B2/Video/9kRF1YvdLBE/9kRF1YvdLBE_48_0:03:01.120000_0:03:03.129000 si elle plu merci de la liker et de la partager
french/data/FR_B1_B2/Video/9kRF1YvdLBE/9kRF1YvdLBE_49_0:03:03.520000_0:03:07.270000 quant à moi je te donne rdv dimanche prochain et si tu pas encore fait le premier pas
french/data/FR_B1_B2/Video/9kRF1YvdLBE/9kRF1YvdLBE_4_0:00:14.560000_0:00:17.839000 ca veut dire que dans des cas ton premier baiser te semblera étrange
french/data/FR_B1_B2/Video/9kRF1YvdLBE/9kRF1YvdLBE_6_0:00:21.219000_0:00:24.350000 le mien était catastrophique car je ne savais pas quoi faire à ma langue
french/data/FR_B1_B2/Video/9kRF1YvdLBE/9kRF1YvdLBE_7_0:00:24.809000_0:00:29.780000 et pour cause il ne faut jamais utiliser sa langue lors premier baiser car quelque chose de très intime
french/data/FR_B1_B2/Video/9kRF1YvdLBE/9kRF1YvdLBE_9_0:00:33.159000_0:00:36.929000 pour embrasser sur la bouche il faut incliner la tête sinon ton nez va cogner contre le sien
french/data/FR_B1_B2/Video/JAs5U_4F0no/JAs5U_4F0no_0_0:00:00.909000_0:00:09.038000 dans une relation un entretien une réunion une négociation avant de mener la danse il le contact le rythme de
french/data/FR_B1_B2/Video/JAs5U_4F0no/JAs5U_4F0no_10_0:00:58.009000_0:01:02.390000 cette méthode a le mérite de ne pas introduire de filtre ou de parasite dans la communication
french/data/FR_B1_B2/Video/JAs5U_4F0no/JAs5U_4F0no_11_0:01:03.060000_0:01:07.010000 néanmoins à quelques précautions se révèlent nécessaires
french/data/FR_B1_B2/Video/JAs5U_4F0no/JAs5U_4F0no_12_0:01:07.620000_0:01:09.480000 chaque personne a des façons particulières de
french/data/FR_B1_B2/Video/JAs5U_4F0no/JAs5U_4F0no_13_0:01:10.790000_0:01:14.209000 refléter ces manières ajoute un impact à notre façon de communiquer
french/data/FR_B1_B2/Video/JAs5U_4F0no/JAs5U_4F0no_14_0:01:15.680000_0:01:28.704000 la synchronisation syntaxique et stylistique est la pratique qui consiste à calquer son discours sur les formes caractéristiques les structures spécifique et les phrases employées par son interlocuteur
french/data/FR_B1_B2/Video/JAs5U_4F0no/JAs5U_4F0no_15_0:01:29.909000_0:01:36.379000 elle permet donc au niveau de la qualité de la relation en reconnaissant momentanément la vision du monde de notre interlocuteur
french/data/FR_B1_B2/Video/JAs5U_4F0no/JAs5U_4F0no_16_0:01:37.900000_0:01:44.900000 que la pnl recommande de porter aux prédicats pas pour seule fonction de satisfaire une reconnaissance intellectuelle du fonctionnement de
french/data/FR_B1_B2/Video/JAs5U_4F0no/JAs5U_4F0no_17_0:01:45.890000_0:01:52.269000 la prise en compte des prédicats utilisés par consiste à dans le même canal que votre interlocuteur
french/data/FR_B1_B2/Video/JAs5U_4F0no/JAs5U_4F0no_18_0:01:52.840000_0:01:59.319000 si il visualise et questionnez le en termes visuels si il ressent parlez en termes kinesthésiques
french/data/FR_B1_B2/Video/JAs5U_4F0no/JAs5U_4F0no_19_0:01:59.819000_0:02:04.040000 par exemple ce poste exige une vision claire des choses et un sens des perspectives
french/data/FR_B1_B2/Video/JAs5U_4F0no/JAs5U_4F0no_1_0:00:10.099000_0:00:19.440000 des moyens utilisé en pnl programmation neuro linguistique est la recherche de la synchronisation verbale qui peut passer par trois moyens la reformulation
french/data/FR_B1_B2/Video/JAs5U_4F0no/JAs5U_4F0no_20_0:02:04.890000_0:02:06.079000 également mon point de vue
french/data/FR_B1_B2/Video/JAs5U_4F0no/JAs5U_4F0no_21_0:02:06.219000_0:02:07.519000 je vois cela sous le même angle
french/data/FR_B1_B2/Video/JAs5U_4F0no/JAs5U_4F0no_22_0:02:08.550000_0:02:19.099000 les prédicats sont des mots qui reposent sur une base sensorielle et aussi étonnant que cela puisse paraître nos interlocuteurs nous disent à tout instant ce sont en train de faire intérieurement
french/data/FR_B1_B2/Video/JAs5U_4F0no/JAs5U_4F0no_23_0:02:19.819000_0:02:21.300000 le langage reflète la pensée
french/data/FR_B1_B2/Video/JAs5U_4F0no/JAs5U_4F0no_24_0:02:21.789000_0:02:26.020000 attention cependant certains prédicats ne sont pas précis point de vue sensoriel
french/data/FR_B1_B2/Video/JAs5U_4F0no/JAs5U_4F0no_25_0:02:26.469000_0:02:30.789000 le cas de mots comme comprendre penser se souvenir savoir croire etc
french/data/FR_B1_B2/Video/JAs5U_4F0no/JAs5U_4F0no_26_0:02:31.530000_0:02:35.199000 dans ce cas une question de précision deviendra nécessaire pour obtenir
french/data/FR_B1_B2/Video/JAs5U_4F0no/JAs5U_4F0no_27_0:02:36.419000_0:02:40.060000 de plus des mouvements des yeux complète celle des prédicats
french/data/FR_B1_B2/Video/JAs5U_4F0no/JAs5U_4F0no_28_0:02:40.759000_0:02:47.639000 cette observation permet de savoir comment un interlocuteur organise ses processus de pensée en instant
french/data/FR_B1_B2/Video/JAs5U_4F0no/JAs5U_4F0no_29_0:02:48.539000_0:02:51.120000 les outils permettant ce genre sont nombreux
french/data/FR_B1_B2/Video/JAs5U_4F0no/JAs5U_4F0no_2_0:00:19.800000_0:00:25.250000 la synchronisation syntaxique et stylistique la prise en compte des prédicats utilisés par
french/data/FR_B1_B2/Video/JAs5U_4F0no/JAs5U_4F0no_30_0:02:51.590000_0:02:59.430000 pour performer dans la compréhension de vos interlocuteurs et ainsi devenir plus performants dans vos réponses des formations existent
french/data/FR_B1_B2/Video/JAs5U_4F0no/JAs5U_4F0no_31_0:03:00.289000_0:03:06.284000 votre chronique skills le cabinet de formation spécialisé dans le développement de la performance et le changement organisationnel
french/data/FR_B1_B2/Video/JAs5U_4F0no/JAs5U_4F0no_3_0:00:26.649000_0:00:29.670000 la reformulation pas une technique spécifiquement pnl
french/data/FR_B1_B2/Video/JAs5U_4F0no/JAs5U_4F0no_4_0:00:30.239000_0:00:36.789000 néanmoins le mérite de la pnl est de intégrée dans un ensemble plus large de méthodes pour établir le contact
french/data/FR_B1_B2/Video/JAs5U_4F0no/JAs5U_4F0no_5_0:00:37.340000_0:00:45.020000 en reformulant en répétant à sous une autre forme ce nous a dit on lui montre et que ne déforme pas ses propos
french/data/FR_B1_B2/Video/JAs5U_4F0no/JAs5U_4F0no_6_0:00:45.939000_0:00:48.808000 on lui donne un autre éclairage sur le problème peut avoir
french/data/FR_B1_B2/Video/JAs5U_4F0no/JAs5U_4F0no_7_0:00:49.390000_0:00:50.689000 il a de corriger
french/data/FR_B1_B2/Video/JAs5U_4F0no/JAs5U_4F0no_8_0:00:51.179000_0:00:54.189000 on pour que pas déformé le message
french/data/FR_B1_B2/Video/JAs5U_4F0no/JAs5U_4F0no_9_0:00:54.729000_0:00:57.579000 les avantages sont donc extrêmement nombreux et précieux
french/data/FR_B1_B2/Video/LC-gifjAMOQ/LC-gifjAMOQ_10_0:01:08.200000_0:01:15.200000 ce qui manque souvent quand on est responsable qualité que on maîtrise parfois beaucoup de techniques etc mais
french/data/FR_B1_B2/Video/LC-gifjAMOQ/LC-gifjAMOQ_11_0:01:15.620000_0:01:21.140000 on ne met pas forcément en avant une spécificité un angle une méthode personnelle
french/data/FR_B1_B2/Video/LC-gifjAMOQ/LC-gifjAMOQ_12_0:01:21.469000_0:01:28.664000 et vraiment de typer en disant voilà bon moi je maîtrise différentes méthodes mais mon approche cest ça ma méthode cest ça mon point fort cest ça
french/data/FR_B1_B2/Video/LC-gifjAMOQ/LC-gifjAMOQ_13_0:01:28.664000_0:01:32.700000 lidée cest vraiment de typer votre candidature pour vous démarquer des autres candidats
french/data/FR_B1_B2/Video/LC-gifjAMOQ/LC-gifjAMOQ_14_0:01:33.030000_0:01:45.560000 quatrième travers très fréquent chez les responsables qualité que la personne va se focaliser sur le process voilà mis en place tel groupe de travail mis en place ceci cela et finalement va assez peu parler des résultats
french/data/FR_B1_B2/Video/LC-gifjAMOQ/LC-gifjAMOQ_15_0:01:45.590000_0:01:55.890000 par exemple je coachais jour une personne dans le domaine de la qualité industrielle dans elle me disait mis en place la démarche machin la démarche trucmuche moi je disais bien mais le résultat concret quoi
french/data/FR_B1_B2/Video/LC-gifjAMOQ/LC-gifjAMOQ_17_0:02:01.774000_0:02:11.680000 voyez il est important de ne pas se focaliser uniquement sur le process mais sur les résultats concrets économies en termes de budget traitement des données plus rapide moins du travail
french/data/FR_B1_B2/Video/LC-gifjAMOQ/LC-gifjAMOQ_18_0:02:11.680000_0:02:16.530000 voyez il est important de citer des résultats concrets et ne pas se focaliser uniquement sur le process
french/data/FR_B1_B2/Video/LC-gifjAMOQ/LC-gifjAMOQ_19_0:02:17.139000_0:02:24.739000 alors autre erreur que font les responsables qualité que ils vont souvent apparaître un petit peu comme des professeurs nimbus ceux qui font de beaux
french/data/FR_B1_B2/Video/LC-gifjAMOQ/LC-gifjAMOQ_1_0:00:01.689000_0:00:09.369000 vous êtes responsable qualité ingénieur qualité qualiticien consultant qualité et demain vous passez un entretien
french/data/FR_B1_B2/Video/LC-gifjAMOQ/LC-gifjAMOQ_20_0:02:25.519000_0:02:35.680000 puis très intéressant mais vraiment de mettre en avant votre capacité à fédérer une équipe à la transmettre à une équipe les principaux objectifs projet et à fédérer tout ce petit monde
french/data/FR_B1_B2/Video/LC-gifjAMOQ/LC-gifjAMOQ_21_0:02:36.349000_0:02:42.750000 que vous devez montrer que ok vous êtes capable de réfléchir de faire un audit de la situation mais de mettre ensuite sur le terrain en pratique un plan
french/data/FR_B1_B2/Video/LC-gifjAMOQ/LC-gifjAMOQ_22_0:02:43.788000_0:02:51.810000 sixième point quand on est responsable qualité il y a parfois des contraintes en termes de rédactionnel il faut rédiger des documents des books des etc
french/data/FR_B1_B2/Video/LC-gifjAMOQ/LC-gifjAMOQ_23_0:02:52.490000_0:02:56.729000 glissez à un moment que vous avez de faire ce genre de choses ça peut être un plus
french/data/FR_B1_B2/Video/LC-gifjAMOQ/LC-gifjAMOQ_24_0:02:57.259000_0:03:03.509000 de dire en fait bon je de toute cette partie un petit peu technique quelque chose qui est à mentionner dans le fil de la conversation
french/data/FR_B1_B2/Video/LC-gifjAMOQ/LC-gifjAMOQ_25_0:03:03.780000_0:03:07.169000 septième point les temps sont durs et pour vous démarquer offrez des bonus
french/data/FR_B1_B2/Video/LC-gifjAMOQ/LC-gifjAMOQ_26_0:03:07.229000_0:03:13.628000 par exemple une compétence en termes de qualité mais aussi en termes de connaissance des logiciels de production voyez
french/data/FR_B1_B2/Video/LC-gifjAMOQ/LC-gifjAMOQ_27_0:03:13.889000_0:03:16.338000 mais aussi en termes de connaissance de tel ou tel marché
french/data/FR_B1_B2/Video/LC-gifjAMOQ/LC-gifjAMOQ_28_0:03:16.519000_0:03:21.139000 mais aussi je peux transposer des expériences du secteur automobile au secteur aéronautique
french/data/FR_B1_B2/Video/LC-gifjAMOQ/LC-gifjAMOQ_29_0:03:21.139000_0:03:26.818000 voyez essayez dans votre approche quelque chose de différent qui va vous démarquer des autres candidats
french/data/FR_B1_B2/Video/LC-gifjAMOQ/LC-gifjAMOQ_2_0:00:10.478000_0:00:17.552000 dans cette vidéo je vais vous présenter quelles sont les erreurs à éviter quand on cherche un poste dans le domaine de la qualité
french/data/FR_B1_B2/Video/LC-gifjAMOQ/LC-gifjAMOQ_30_0:03:27.389000_0:03:32.049000 je suis yves gautier coach emploi spécialisé en entretiens dembauche et de motivation
french/data/FR_B1_B2/Video/LC-gifjAMOQ/LC-gifjAMOQ_31_0:03:32.709000_0:03:35.179000 pensez à vous abonner à ma chaîne youtube
french/data/FR_B1_B2/Video/LC-gifjAMOQ/LC-gifjAMOQ_32_0:03:35.179000_0:03:38.330000 et pour plus de ressources je vous invite à visiter mon site
french/data/FR_B1_B2/Video/LC-gifjAMOQ/LC-gifjAMOQ_33_0:03:40.439000_0:03:43.069000 merci à bientôt et bonne chance pour vos entretiens
french/data/FR_B1_B2/Video/LC-gifjAMOQ/LC-gifjAMOQ_3_0:00:18.259000_0:00:23.518000 je suis yves gautier coach spécialisé dans les entretiens et de motivation
french/data/FR_B1_B2/Video/LC-gifjAMOQ/LC-gifjAMOQ_4_0:00:23.798000_0:00:26.730000 première erreur une présentation chronologique
french/data/FR_B1_B2/Video/LC-gifjAMOQ/LC-gifjAMOQ_5_0:00:27.129000_0:00:31.939000 je raconte ma vie mon oeuvre et dans le détail des postes que occupés
french/data/FR_B1_B2/Video/LC-gifjAMOQ/LC-gifjAMOQ_6_0:00:32.289000_0:00:37.179000 et là le recruteur se dit bon bah très bien mais que cette personne va à moi et à mon entreprise
french/data/FR_B1_B2/Video/LC-gifjAMOQ/LC-gifjAMOQ_7_0:00:37.509000_0:00:41.119000 votre propos est noyé parce que le recruteur perd très vite le fil
french/data/FR_B1_B2/Video/LC-gifjAMOQ/LC-gifjAMOQ_8_0:00:41.600000_0:00:46.329000 deuxième erreur présenter une liste de compétences à plus finir
french/data/FR_B1_B2/Video/LC-gifjAMOQ/LC-gifjAMOQ_9_0:00:46.810000_0:01:07.969000 je maîtrise de la méthode des trois cercles je maîtrise la méthode qualité japonaise machin truc je maîtrise machin bon et on fait des listes et des listes à plus finir le recruteur se dit ok cest bien mais toujours pareil questce que cette personne va bien mais toujours pareil apporter demain à mon entreprise en quoi tout ces outils ce déballage peut dans mes projets
french/data/FR_B1_B2/Video/LuQJHqmV8Ck/LuQJHqmV8Ck_0_0:00:00.890000_0:00:01.960000 assalamualaikum
french/data/FR_B1_B2/Video/LuQJHqmV8Ck/LuQJHqmV8Ck_1_0:00:03.350000_0:00:17.219000 les musulmans au canada et à travers le monde célébreront la fête et marqueront la fin du mois sacré du ramadan un mois de jeûne de réflexion spirituelle et de service envers les moins fortunés
french/data/FR_B1_B2/Video/LuQJHqmV8Ck/LuQJHqmV8Ck_2_0:00:17.960000_0:00:33.670000 en tant que premier ministre personnellement été témoin de la générosité de la communauté musulmane non seulement pendant le mois du ramadan mais toute que ce soit en faisant du bénévolat chez une banque alimentaire dans leur quartier ou en appuyant des organismes de bienfaisance
french/data/FR_B1_B2/Video/LuQJHqmV8Ck/LuQJHqmV8Ck_3_0:00:34.439000_0:00:42.950000 alors que nous célébrons la fin du mois du ramadan continuons de mettre ces valeurs communes de pour bâtir un canada meilleur pour tous
french/data/FR_B1_B2/Video/LuQJHqmV8Ck/LuQJHqmV8Ck_4_0:00:43.369000_0:00:49.590000 au nom de notre famille sophie et moi souhaitons joie et bonheur à tous ceux qui célèbrent cette occasion
french/data/FR_B1_B2/Video/LuQJHqmV8Ck/LuQJHqmV8Ck_5_0:00:49.969000_0:00:51.020000 aïd moubarak
french/data/FR_B1_B2/Video/NHgahQrV_D0/NHgahQrV_D0_0_0:00:03.509000_0:00:09.009000 je hélène capron et je vais vous raconter un peu mon parcours pour que vous puissiez savoir qui je suis
french/data/FR_B1_B2/Video/NHgahQrV_D0/NHgahQrV_D0_10_0:01:17.099000_0:01:19.480000 pour moi cela a été un véritable déclic
french/data/FR_B1_B2/Video/NHgahQrV_D0/NHgahQrV_D0_11_0:01:19.849000_0:01:23.120000 a je pensais que je prenais un risque énorme en faisant ce que je faisais
french/data/FR_B1_B2/Video/NHgahQrV_D0/NHgahQrV_D0_12_0:01:23.629000_0:01:28.079000 grâce au livre je me suis sentie rassurée et les outils en main pour minimiser mon risque
french/data/FR_B1_B2/Video/NHgahQrV_D0/NHgahQrV_D0_13_0:01:28.680000_0:01:31.540000 et je sais que encore beaucoup de chemins à parcourir
french/data/FR_B1_B2/Video/NHgahQrV_D0/NHgahQrV_D0_14_0:01:31.859000_0:01:33.700000 je ne suis début de mon activité
french/data/FR_B1_B2/Video/NHgahQrV_D0/NHgahQrV_D0_15_0:01:33.930000_0:01:40.944000 mais pour moi ce premier pas cela a été me lancer ce que javais envie de pouvoir communiquer sur ce que javais envie
french/data/FR_B1_B2/Video/NHgahQrV_D0/NHgahQrV_D0_18_0:01:42.862000_0:01:56.340000 nature accompagne les personnes et plus particulièrement les citadins à renouer avec la nature parce a pas nécessairement besoin de vivre en pleine campagne pour bénéficier des bienfaits des végétaux ailes amp
french/data/FR_B1_B2/Video/NHgahQrV_D0/NHgahQrV_D0_19_0:01:56.340000_0:02:01.886000 nature propose des programmes et des ateliers pour se reconnecter à son être et à lenvironnement
french/data/FR_B1_B2/Video/NHgahQrV_D0/NHgahQrV_D0_1_0:00:09.689000_0:00:11.560000 fait un master en école de commerce
french/data/FR_B1_B2/Video/NHgahQrV_D0/NHgahQrV_D0_20_0:02:14_0:02:15.400000 merci chaleureusement olivier
french/data/FR_B1_B2/Video/NHgahQrV_D0/NHgahQrV_D0_2_0:00:11.779000_0:00:25.609000 ce pas le hasard qui amené parce que je me suis rapidement tournée vers des projets à impacts positifs et je me suis rendue compte que connaitre les ficelles du management et du commerce cela pouvait être très utile
french/data/FR_B1_B2/Video/NHgahQrV_D0/NHgahQrV_D0_3_0:00:26.190000_0:00:30.920000 finalement une fois que tenu mon diplôme je ne savais pas trop comment sur le marché du travail
french/data/FR_B1_B2/Video/NHgahQrV_D0/NHgahQrV_D0_4_0:00:31.510000_0:00:43.520000 cela amené à trouver un poste de chargée de projet dans une entreprise dans le secteur des normes environnementales et je me suis rapidement rendue compte que ce pas du tout ce que je voulais pour ma carrière
french/data/FR_B1_B2/Video/NHgahQrV_D0/NHgahQrV_D0_5_0:00:43.990000_0:00:53.130000 dans le même temps appris les plaisirs du jardinage et rapidement pris conscience que le potager nest pas uniquement un lieu de production cest aussi un espace de
french/data/FR_B1_B2/Video/NHgahQrV_D0/NHgahQrV_D0_6_0:00:54.229000_0:01:05.200000 des chercheurs ont établi un lien entre les troubles de la tension le manque la compétition permanente au devenir de la terre avec une carence en nature
french/data/FR_B1_B2/Video/NHgahQrV_D0/NHgahQrV_D0_7_0:01:06.019000_0:01:10.760000 je ne sais pas vous mais moi personnellement cela me fait vraiment penser à tous les problèmes que la société affronte
french/data/FR_B1_B2/Video/NHgahQrV_D0/NHgahQrV_D0_8_0:01:11.329000_0:01:14.439000 cela amené vers où je pense pouvoir professionnellement
french/data/FR_B1_B2/Video/NHgahQrV_D0/NHgahQrV_D0_9_0:01:15.230000_0:01:17.079000 comme cela que découvert le livre roland
french/data/FR_B1_B2/Video/PCaUahGOLI0/PCaUahGOLI0_0_0:00:00.680000_0:00:07.559000 bonjour ici max piccinini je suis entrepreneur auteur coach expert en stratégies de réussite
french/data/FR_B1_B2/Video/PCaUahGOLI0/PCaUahGOLI0_10_0:00:42.170000_0:00:47.399000 dans un premier temps comment vous pouvez passer à un état de peur à un état de confiance totale
french/data/FR_B1_B2/Video/PCaUahGOLI0/PCaUahGOLI0_11_0:00:48.070000_0:00:55.829000 donc choses changez votre posture changez vos mots qui se passent dans votre tête et changez les images qui déroulent dans votre esprit
french/data/FR_B1_B2/Video/PCaUahGOLI0/PCaUahGOLI0_13_0:00:58.308000_0:01:00.406000 et vous savez ce quest la dernière étape
french/data/FR_B1_B2/Video/PCaUahGOLI0/PCaUahGOLI0_15_0:01:01.378000_0:01:03.969000 vous aurez quand même un petit peu peur vous savez quoi
french/data/FR_B1_B2/Video/PCaUahGOLI0/PCaUahGOLI0_16_0:01:04.640000_0:01:07.859000 a la fin le meilleur moyen de dépasser sa peur est de dépasser sa peur
french/data/FR_B1_B2/Video/PCaUahGOLI0/PCaUahGOLI0_1_0:00:08.409000_0:00:10.968000 dans cette vidéo je vais vous partager comment dépasser sa peur
french/data/FR_B1_B2/Video/PCaUahGOLI0/PCaUahGOLI0_20_0:01:12.439000_0:01:13.620000 il y a de fortes chances
french/data/FR_B1_B2/Video/PCaUahGOLI0/PCaUahGOLI0_21_0:01:13.900000_0:01:16.659000 si vous le regrettez alors la chose à faire maintenant
french/data/FR_B1_B2/Video/PCaUahGOLI0/PCaUahGOLI0_22_0:01:16.679000_0:01:21.129000 parce que vous ne pouvez pas vivre une seconde de plus une minute de plus à regretter votre vie
french/data/FR_B1_B2/Video/PCaUahGOLI0/PCaUahGOLI0_23_0:01:21.969000_0:01:29.030000 vous ne voulez pas faire partie des gens qui accumulent des regrets qui se retrouvent sur leur lit de mort avec une pile de regrets et qui se disent dû faire ceci
french/data/FR_B1_B2/Video/PCaUahGOLI0/PCaUahGOLI0_24_0:01:30.019000_0:01:31.689000 vivez vos rêves maintenant
french/data/FR_B1_B2/Video/PCaUahGOLI0/PCaUahGOLI0_25_0:01:31.879000_0:01:33.310000 passez à maintenant
french/data/FR_B1_B2/Video/PCaUahGOLI0/PCaUahGOLI0_26_0:01:34.689000_0:01:42.480000 que cette vidéo vous a aidé passez à maintenant mettez en application directement les choses et au grand plaisir de vous accompagner vers la réussite que vous désirez et méritez
french/data/FR_B1_B2/Video/PCaUahGOLI0/PCaUahGOLI0_2_0:00:12.330000_0:00:13.961000 cela vous arrive parfois peur
french/data/FR_B1_B2/Video/PCaUahGOLI0/PCaUahGOLI0_3_0:00:14.281000_0:00:15.410000 tétanisé par quelque chose
french/data/FR_B1_B2/Video/PCaUahGOLI0/PCaUahGOLI0_5_0:00:19.850000_0:00:22.881000 quelque chose la peur rien état émotionnel
french/data/FR_B1_B2/Video/PCaUahGOLI0/PCaUahGOLI0_6_0:00:22.929000_0:00:25.717000 cela vous semble peutêtre trop beau pour être vrai
french/data/FR_B1_B2/Video/PCaUahGOLI0/PCaUahGOLI0_8_0:00:26.482000_0:00:33.210000 vous pouvez passer état de peur à un état de confiance totale en une seconde
french/data/FR_B1_B2/Video/PCaUahGOLI0/PCaUahGOLI0_9_0:00:33.780000_0:00:42.149000 par exemple si vous me rejoignez à mon séminaire destination réussite vous apprendrez à pratiquer cela et je le montre encore et encore et vous pourrez le sentir
french/data/FR_B1_B2/Video/U7UhafO6zc4/U7UhafO6zc4_10_0:01:07.739000_0:01:13.159000 je vous déjà dit pour cet été mais je vais vous le répéter car pour ça fonctionne aussi
french/data/FR_B1_B2/Video/U7UhafO6zc4/U7UhafO6zc4_11_0:01:13.420000_0:01:15.370000 il faut se fabriquer du souvenir
french/data/FR_B1_B2/Video/U7UhafO6zc4/U7UhafO6zc4_12_0:01:15.760000_0:01:28.280000 en entreprise ou en famille ou de manière individuelle vous devez vous fabriquer des souvenirs heureux à tout moment de y compris en automne bien entendu
french/data/FR_B1_B2/Video/U7UhafO6zc4/U7UhafO6zc4_14_0:01:31.929000_0:01:34.385000 je suis allée dans une retraite bouddhiste
french/data/FR_B1_B2/Video/U7UhafO6zc4/U7UhafO6zc4_15_0:01:34.385000_0:01:37.603000 histoire de passer le cap dun moment difficile
french/data/FR_B1_B2/Video/U7UhafO6zc4/U7UhafO6zc4_16_0:01:37.739000_0:01:43.280000 jétais en plein deuil dune personne chère qui malheureusement quitté
french/data/FR_B1_B2/Video/U7UhafO6zc4/U7UhafO6zc4_17_0:01:43.579000_0:01:49.269000 et donc une amie bienveillante me propose dans ce temple bouddhiste pour à passé le cap
french/data/FR_B1_B2/Video/U7UhafO6zc4/U7UhafO6zc4_18_0:01:50.180000_0:01:56.640000 nous nous retrouvons dans une salle commune avec des moines hommes et femmes tous rasés avec un habit très austère
french/data/FR_B1_B2/Video/U7UhafO6zc4/U7UhafO6zc4_19_0:01:56.950000_0:02:06.950000 donc tout ça était assez impressionnant très calme très silencieux et puis dans cette salle commune on était assis par terre et puis les moines commencent à arriver
french/data/FR_B1_B2/Video/U7UhafO6zc4/U7UhafO6zc4_1_0:00:05.320000_0:00:06.379000 que vous allez bien
french/data/FR_B1_B2/Video/U7UhafO6zc4/U7UhafO6zc4_20_0:02:06.950000_0:02:18.930000 notamment une femme plutôt âgée de type asiatique et on nous distribue un papier sur lequel était écrit les paroles chanson
french/data/FR_B1_B2/Video/U7UhafO6zc4/U7UhafO6zc4_22_0:02:35.949000_0:02:45.118000 tant et si bien incapable de chanter ou de regarder mon amie qui était venue avec moi dans ce temple mais surtout alors la zen attitude on oublie
french/data/FR_B1_B2/Video/U7UhafO6zc4/U7UhafO6zc4_23_0:02:45.118000_0:02:46.429000 mais en revanche le fou rire
french/data/FR_B1_B2/Video/U7UhafO6zc4/U7UhafO6zc4_24_0:02:46.699000_0:02:49.187000 ça je vous le garantis je ne loublierai pas
french/data/FR_B1_B2/Video/U7UhafO6zc4/U7UhafO6zc4_25_0:02:49.243000_0:02:53.840000 faitesvous des souvenirs en entreprise à lécole ou encore en famille
french/data/FR_B1_B2/Video/U7UhafO6zc4/U7UhafO6zc4_26_0:02:54.409000_0:03:03.050000 de bons souvenirs avec cette période de transition et je vous garantis que ça passera beaucoup plus vite et beaucoup mieux
french/data/FR_B1_B2/Video/U7UhafO6zc4/U7UhafO6zc4_2_0:00:06.410000_0:00:14.400000 avant de commencer cette vidéo je souhaite très sincèrement remercier les nouvelles personnes qui se sont abonnées à ma chaîne youtube
french/data/FR_B1_B2/Video/U7UhafO6zc4/U7UhafO6zc4_3_0:00:15.619000_0:00:24.609000 commence à circuler je me suis fixée abonnés à ma chaîne la fin
french/data/FR_B1_B2/Video/U7UhafO6zc4/U7UhafO6zc4_4_0:00:25.809000_0:00:28.320000 il reste donc trois mois
french/data/FR_B1_B2/Video/U7UhafO6zc4/U7UhafO6zc4_5_0:00:28.710000_0:00:34.079000 donc un abonné par jour ça suffit pour atteindre cet objectif
french/data/FR_B1_B2/Video/U7UhafO6zc4/U7UhafO6zc4_6_0:00:34.079000_0:00:37.659000 je compte sur vous merci partager liker et transmettez
french/data/FR_B1_B2/Video/U7UhafO6zc4/U7UhafO6zc4_7_0:00:38.500000_0:00:50.369000 alors je vous avais promis de vous parler de storytelling nous sommes en automne et est une saison de transition parfois un petit peu difficile
french/data/FR_B1_B2/Video/U7UhafO6zc4/U7UhafO6zc4_8_0:00:50.899000_0:01:05.170000 vrai que quitter les shorts le soleil les vacances la plage la piscine pour la pluie le temps gris les jours qui raccourcissent les feuilles qui tombent des arbres et bien pas toujours évident
french/data/FR_B1_B2/Video/U7UhafO6zc4/U7UhafO6zc4_9_0:01:05.590000_0:01:06.920000 alors moi un truc
french/data/FR_B1_B2/Video/W09bAyQHkK4/W09bAyQHkK4_10_0:01:16.780000_0:01:32.140000 grâce à une collecte de données effectuée récemment au panama nous avons démontré que les entrepreneurs utilisent des prêts pour accroître leurs investissements en immobilisation et en équipement avec un effet potentiellement positif sur la croissance de leurs firmes à long terme
french/data/FR_B1_B2/Video/W09bAyQHkK4/W09bAyQHkK4_11_0:01:32.709000_0:01:39.310000 nos recherches contribuent donc au débat actuel sur la pertinence des programmes de microfinance effectués partout dans le monde
french/data/FR_B1_B2/Video/W09bAyQHkK4/W09bAyQHkK4_13_0:01:47.750000_0:01:54.040000 nos recherches portent sur non monétaire de par exemple les milieux humides comme les marécages
french/data/FR_B1_B2/Video/W09bAyQHkK4/W09bAyQHkK4_14_0:01:54.799000_0:02:06.549000 nos recherches portent aussi sur les effets des échanges commerciaux sur les émissions de gaz à effet de serre ou sur de la qualité de sur les revenus des citoyens dans les pays en voie de développement
french/data/FR_B1_B2/Video/W09bAyQHkK4/W09bAyQHkK4_15_0:02:07.159000_0:02:11.919000 prenons par exemple les effets des changements climatiques sur forestière au québec
french/data/FR_B1_B2/Video/W09bAyQHkK4/W09bAyQHkK4_19_0:02:41.169000_0:02:50.379000 nos chercheurs ont démontré que les investissements en infrastructures publiques permettent la performance économique et ce peu importe le mode de financement utilisé
french/data/FR_B1_B2/Video/W09bAyQHkK4/W09bAyQHkK4_1_0:00:11.820000_0:00:20.989000 notre équipe est constituée de chercheurs en économie de de sherbrooke et de chercheurs étudiants à la maîtrise en économique et au doctorat en économie du développement
french/data/FR_B1_B2/Video/W09bAyQHkK4/W09bAyQHkK4_20_0:02:50.520000_0:02:57.800000 donc la mission du gredi est claire avoir une compréhension approfondie des causes de la prospérité afin de pouvoir les mettre en place
french/data/FR_B1_B2/Video/W09bAyQHkK4/W09bAyQHkK4_21_0:02:58.120000_0:03:01.669000 nos axes de recherche sont au coeur des décisions économiques gouvernement
french/data/FR_B1_B2/Video/W09bAyQHkK4/W09bAyQHkK4_22_0:03:02.020000_0:03:09.449000 les résultats des projets du gredi peuvent donc servir de guide aux décideurs de politiques économiques et ainsi assurer la pérennité de notre qualité de vie
french/data/FR_B1_B2/Video/W09bAyQHkK4/W09bAyQHkK4_2_0:00:21.260000_0:00:25.539000 à nous viennent se greffer une vingtaine de chercheurs provenant de partout dans le monde
french/data/FR_B1_B2/Video/W09bAyQHkK4/W09bAyQHkK4_3_0:00:25.789000_0:00:32.929000 ces collaborations résultent en des publications prestigieuses dans des revues scientifiques de reconnaissance internationale
french/data/FR_B1_B2/Video/W09bAyQHkK4/W09bAyQHkK4_4_0:00:33.020000_0:00:44.409000 nos projets sont effectués en collaboration avec des acteurs du milieu de la pratique notamment des industries privées et des instances publiques ce qui nous permet de tester les résultats de nos recherches scientifiques sur le terrain
french/data/FR_B1_B2/Video/W09bAyQHkK4/W09bAyQHkK4_8_0:01:00.670000_0:01:10.219000 je vous donne un exemple nous étudions des prêts de microfinance sur la performance des firmes et le des entrepreneurs et de leur famille et
french/data/FR_B1_B2/Video/W09bAyQHkK4/W09bAyQHkK4_9_0:01:10.780000_0:01:15.909000 la microfinance de prêts à des populations qui pas accès au banques commerciales
french/data/FR_B1_B2/Video/X2mlKohhFhk/X2mlKohhFhk_0_0:00:00.149000_0:00:03.338000 comment ne plus compenser vos émotions par la nourriture
french/data/FR_B1_B2/Video/X2mlKohhFhk/X2mlKohhFhk_10_0:01:22.980000_0:01:28.010000 afin de changer les choix que vous faites vous devez comprendre votre fonctionnement
french/data/FR_B1_B2/Video/X2mlKohhFhk/X2mlKohhFhk_11_0:01:28.400000_0:01:38.968000 deuxièmement identifiez vos aliments drogue certains aliments peuvent stimuler votre cerveau telle manière peuvent déclencher des envies ou des fringales
french/data/FR_B1_B2/Video/X2mlKohhFhk/X2mlKohhFhk_12_0:01:39.290000_0:01:48.480000 quand vous essayez de vous contrôlez vous vous privez et vous renforcez vos compulsions alimentaires à tel point deviennent complètement incontrôlables
french/data/FR_B1_B2/Video/X2mlKohhFhk/X2mlKohhFhk_13_0:01:48.530000_0:01:59.039000 identifier les aliments qui déclenchent chez vous ces compulsions permet darrêter de lutter de combattre vos émotions et de les contrôler
french/data/FR_B1_B2/Video/X2mlKohhFhk/X2mlKohhFhk_14_0:01:59.329000_0:02:09.737000 petit à petit ne plus revenir constamment vers les mêmes aliments ceux qui rendent votre cerveau accro vous déculpabilisent et vous aide à faire des choix en conscience
french/data/FR_B1_B2/Video/X2mlKohhFhk/X2mlKohhFhk_15_0:02:10.229000_0:02:18.780000 troisièmement reconsidérez vos médicaments les médicaments affectent le système nerveux central et peuvent dicter votre appétit pour certains aliments
french/data/FR_B1_B2/Video/X2mlKohhFhk/X2mlKohhFhk_16_0:02:18.879000_0:02:25.919000 il est important de considérer les types de médicaments que vous prenez et comment ils interagissent les uns avec les autres
french/data/FR_B1_B2/Video/X2mlKohhFhk/X2mlKohhFhk_17_0:02:26.180000_0:02:34.169000 nayez pas peur de parler à votre médecin à propos de votre médication de leurs effets secondaires potentiels et de leurs alternatives naturelles
french/data/FR_B1_B2/Video/X2mlKohhFhk/X2mlKohhFhk_18_0:02:34.400000_0:02:43.689000 quatrièmement purgez vos placards léradication des aliments déclencheurs de fringales de vos placards est le moyen le plus efficace les tentations
french/data/FR_B1_B2/Video/X2mlKohhFhk/X2mlKohhFhk_19_0:02:44.080000_0:02:52.370000 réévaluez votre liste de course et à rendre votre maison et votre vie plus saine en faisant des choix plus sains
french/data/FR_B1_B2/Video/X2mlKohhFhk/X2mlKohhFhk_1_0:00:03.520000_0:00:12.259000 manger des repas nutritifs et équilibrés tous les jours est une composante importante pour rester en bonne santé et maintenir votre énergie vitale
french/data/FR_B1_B2/Video/X2mlKohhFhk/X2mlKohhFhk_20_0:02:53.120000_0:03:00.639000 cinquièmement bougez autant que vous le pouvez prenez la décision de bouger davantage et de vous déconnecter pendant ce temps
french/data/FR_B1_B2/Video/X2mlKohhFhk/X2mlKohhFhk_21_0:03:00.840000_0:03:03.159000 déconnectez votre smartphone en mode avion
french/data/FR_B1_B2/Video/X2mlKohhFhk/X2mlKohhFhk_22_0:03:03.189000_0:03:06.472000 donnezvous un peu de temps pour vous
french/data/FR_B1_B2/Video/X2mlKohhFhk/X2mlKohhFhk_23_0:03:06.750000_0:03:12.960000 le calme augmente la production des substances générées par votre cerveau que votre corps aime tant
french/data/FR_B1_B2/Video/X2mlKohhFhk/X2mlKohhFhk_24_0:03:13.360000_0:03:19.020000 bougez un peu plus chaque jour pour aider votre corps à travailler pour vous et pas contre vous
french/data/FR_B1_B2/Video/X2mlKohhFhk/X2mlKohhFhk_25_0:03:19.379000_0:03:28.610000 avant de se quitter faites le point gratuitement sur votre niveau vitale en questions et recevrez vos résultats directement dans votre boite emails
french/data/FR_B1_B2/Video/X2mlKohhFhk/X2mlKohhFhk_26_0:03:29.020000_0:03:38.129000 cliquez sur le lien disponible sou cette vidéo je vous retrouve dans un autre décor magnifique pour une prochaine vidéo a bientôt naturellement
french/data/FR_B1_B2/Video/X2mlKohhFhk/X2mlKohhFhk_2_0:00:12.560000_0:00:16.600000 mais quand vraiment le temps de réfléchir à nos habitudes alimentaires
french/data/FR_B1_B2/Video/X2mlKohhFhk/X2mlKohhFhk_3_0:00:16.649000_0:00:20.730000 probablement rarement voir pas du tout si vous êtes honnête avec
french/data/FR_B1_B2/Video/X2mlKohhFhk/X2mlKohhFhk_4_0:00:21.640000_0:00:32.559000 eh bien si vous aimeriez perdre du poids ou simplement vivre un mode de vie plus sain et nourrissant établir une relation saine avec la nourriture est la première étape
french/data/FR_B1_B2/Video/X2mlKohhFhk/X2mlKohhFhk_5_0:00:32.929000_0:00:38.558000 bienvenue dans la minute vitalité de jeclicnaturel le guide en ligne de la vitalité au naturel
french/data/FR_B1_B2/Video/X2mlKohhFhk/X2mlKohhFhk_6_0:00:38.780000_0:00:55.539000 je suis laurence votre coach nutrition vitalité avant de vous partager les petits réglages à faire pour manger sainement toute votre vie si vous nêtes pas encore abonné à notre chaîne youtube faites le maintenant en cliquant sur le bouton en bas à droite de cet écran
french/data/FR_B1_B2/Video/X2mlKohhFhk/X2mlKohhFhk_7_0:00:55.588000_0:00:59.096000 ainsi vous ne louperez plus aucune de nos vidéos
french/data/FR_B1_B2/Video/X2mlKohhFhk/X2mlKohhFhk_8_0:00:59.359000_0:01:14.689000 voici cinq façons de reprendre le contrôle sur vos habitudes alimentaires premièrement comprenez vos envies ne pas le rôle de notre système nerveux et hormonal derrière les choix que vous faites en matière de nourriture
french/data/FR_B1_B2/Video/X2mlKohhFhk/X2mlKohhFhk_9_0:01:14.899000_0:01:22.834000 des études sur le cerveau ont confirmé sa capacité à influencer nos décisions quand il sagit de savoir quand et quoi manger
french/data/FR_B1_B2/Video/Y61mAUndET8/Y61mAUndET8_0_0:00:01.219000_0:00:03.319000 moi alexandre guiot ans
french/data/FR_B1_B2/Video/Y61mAUndET8/Y61mAUndET8_10_0:00:45.128000_0:00:46.929000 du coup ça pas mal aidé en fait
french/data/FR_B1_B2/Video/Y61mAUndET8/Y61mAUndET8_12_0:00:50.899000_0:00:53.903000 justement je viens de recevoir le contrat par mail de mon appartement
french/data/FR_B1_B2/Video/Y61mAUndET8/Y61mAUndET8_13_0:00:54.999000_0:00:58.259000 super je vais le signer demain je pense puis je vais arranger tout ça
french/data/FR_B1_B2/Video/Y61mAUndET8/Y61mAUndET8_14_0:00:58.530000_0:01:03.348000 aussi ce qui est vraiment sympa te montre vraiment dans chaque module les différentes étapes
french/data/FR_B1_B2/Video/Y61mAUndET8/Y61mAUndET8_15_0:01:03.429000_0:01:06.629000 ce pas juste des vidéos assez vagues là vraiment des plans concrets
french/data/FR_B1_B2/Video/Y61mAUndET8/Y61mAUndET8_16_0:01:07.379000_0:01:13.659000 te dit par exemple tu vas sur ce site pour créer tel contrat tu vas sur ce site pour accéder à tel service
french/data/FR_B1_B2/Video/Y61mAUndET8/Y61mAUndET8_17_0:01:13.680000_0:01:20.430000 juste en dessous de la vidéo tu as une image avec un lien qui te permet de cliquer directement et ça te guide ça te redirige directement vers la page en question
french/data/FR_B1_B2/Video/Y61mAUndET8/Y61mAUndET8_19_0:01:22.150000_0:01:24.329000 tu suis les étapes comme si une recette de cuisine
french/data/FR_B1_B2/Video/Y61mAUndET8/Y61mAUndET8_1_0:00:03.339000_0:00:04.320000 je viens de belgique
french/data/FR_B1_B2/Video/Y61mAUndET8/Y61mAUndET8_20_0:01:24.469000_0:01:26.799000 tu suis les étapes tu cliques où il faut cliquer
french/data/FR_B1_B2/Video/Y61mAUndET8/Y61mAUndET8_21_0:01:26.849000_0:01:29.049000 a la limite comme le faisait à ta place
french/data/FR_B1_B2/Video/Y61mAUndET8/Y61mAUndET8_24_0:01:32.659000_0:01:36.049000 il te prend vraiment par la main pour te montrer tout ce faut faire
french/data/FR_B1_B2/Video/Y61mAUndET8/Y61mAUndET8_25_0:01:36.739000_0:01:41.879000 pour créer une société à létranger évidemment on na pas les contacts quand on ne sait pas ce faut faire
french/data/FR_B1_B2/Video/Y61mAUndET8/Y61mAUndET8_26_0:01:42.040000_0:01:47.790000 un peu le flou parce y a vraiment combinaisons possibles pour avoir un montage qui est valable et qui est totalement légal
french/data/FR_B1_B2/Video/Y61mAUndET8/Y61mAUndET8_27_0:01:47.840000_0:01:50.403000 il faut sy connaître et faire beaucoup de recherches
french/data/FR_B1_B2/Video/Y61mAUndET8/Y61mAUndET8_28_0:01:50.500000_0:01:52.606000 voilà cest un peu ça qui ma motivé aussi à rejoindre
french/data/FR_B1_B2/Video/Y61mAUndET8/Y61mAUndET8_30_0:01:53.680000_0:01:55.620000 parce que je ne savais pas trop par où commencer
french/data/FR_B1_B2/Video/Y61mAUndET8/Y61mAUndET8_31_0:01:55.700000_0:01:59.900000 je ne savais pas si je devais dabord créer une société à létranger ouvrir un compte bancaire ou voilà
french/data/FR_B1_B2/Video/Y61mAUndET8/Y61mAUndET8_32_0:01:59.959000_0:02:01.185000 jai été un peu perdu en fait
french/data/FR_B1_B2/Video/Y61mAUndET8/Y61mAUndET8_33_0:02:01.579000_0:02:02.879000 du coup ça motivé à passer à
french/data/FR_B1_B2/Video/Y61mAUndET8/Y61mAUndET8_34_0:02:03.599000_0:02:07.941000 parce que voilà si personnes fait avant moi et ont eu de bons résultats je me disnbsp
french/data/FR_B1_B2/Video/Y61mAUndET8/Y61mAUndET8_36_0:02:09.628000_0:02:10.919000 mais au final un investissement
french/data/FR_B1_B2/Video/Y61mAUndET8/Y61mAUndET8_37_0:02:11.229000_0:02:15.389000 parce que le genre de truc où si tu fais une petite erreur ça peut te coûter beaucoup
french/data/FR_B1_B2/Video/Y61mAUndET8/Y61mAUndET8_38_0:02:16.090000_0:02:19.090000 voilà tout ce qui est juridique tout ce qui est création de société
french/data/FR_B1_B2/Video/Y61mAUndET8/Y61mAUndET8_3_0:00:06.049000_0:00:10.009000 décidé mes études pour me consacrer totalement à mes business en ligne
french/data/FR_B1_B2/Video/Y61mAUndET8/Y61mAUndET8_40_0:02:22.102000_0:02:32.680000 sil y a vraiment deux professions que tu dois avoir auprès de toi et engager des personnes dans un domaine ça va être les comptables et les avocats parce que eux qui savent les erreurs à ne pas faire et le genre qui peuvent te coûter vraiment très cher
french/data/FR_B1_B2/Video/Y61mAUndET8/Y61mAUndET8_42_0:02:34.639000_0:02:39.713000 il sentourait de bonnes personnes et il a réussi à bien faire son expatriation et son montage financier
french/data/FR_B1_B2/Video/Y61mAUndET8/Y61mAUndET8_43_0:02:39.810000_0:02:40.882000 donc je me suis ditnbsp
french/data/FR_B1_B2/Video/Y61mAUndET8/Y61mAUndET8_44_0:02:40.882000_0:02:43.340000 ça vaut la peine de me former auprès de cette personne
french/data/FR_B1_B2/Video/Y61mAUndET8/Y61mAUndET8_45_0:02:43.430000_0:02:45.710000 ce qui est bien aussi que tout ça est mis à jour
french/data/FR_B1_B2/Video/Y61mAUndET8/Y61mAUndET8_46_0:02:45.810000_0:02:50.456000 récemment il y a eu des petites modifications au niveau de la création de compte bancaire à létranger
french/data/FR_B1_B2/Video/Y61mAUndET8/Y61mAUndET8_47_0:02:50.899000_0:02:54.288000 dès que ça fait maxence il a fait un nouveau module pour mettre à jour
french/data/FR_B1_B2/Video/Y61mAUndET8/Y61mAUndET8_48_0:02:54.550000_0:02:57.189000 sur le delaware il a fait un nouveau module
french/data/FR_B1_B2/Video/Y61mAUndET8/Y61mAUndET8_4_0:00:10.259000_0:00:16.919000 du coup ces derniers temps vraiment envie de partir de la belgique parce ce pas très chouette et en plus niveau impôt etc
french/data/FR_B1_B2/Video/Y61mAUndET8/Y61mAUndET8_50_0:02:59.568000_0:03:01.497000 du coup tout ça est mis en temps réel
french/data/FR_B1_B2/Video/Y61mAUndET8/Y61mAUndET8_53_0:03:08.906000_0:03:12.496000 ça avance jai créé la société jai reçu le compte bancaire
french/data/FR_B1_B2/Video/Y61mAUndET8/Y61mAUndET8_54_0:03:12.620000_0:03:15.530000 donc on est tenu au courant on est vraiment bien accompagné
french/data/FR_B1_B2/Video/Y61mAUndET8/Y61mAUndET8_55_0:03:17.938000_0:03:24.229000 juste mon petit retour que je voulais partager avec toi si tu hésites à rejoindre cette formation patrimoine en or
french/data/FR_B1_B2/Video/Y61mAUndET8/Y61mAUndET8_57_0:03:25.889000_0:03:33.030000 du coup si tu la rejoins et si tu viens texpatrier à malte jespère te voir très bientôt parce que moi aménage un mois ou deux
french/data/FR_B1_B2/Video/Y61mAUndET8/Y61mAUndET8_58_0:03:33.449000_0:03:35.169000 ça sera tout pour ce petit retour
french/data/FR_B1_B2/Video/Y61mAUndET8/Y61mAUndET8_5_0:00:17.408000_0:00:18.769000 on se fait un petit peu voler par
french/data/FR_B1_B2/Video/Y61mAUndET8/Y61mAUndET8_6_0:00:19.778000_0:00:21.618000 donc ce que fait que été à malte
french/data/FR_B1_B2/Video/Y61mAUndET8/Y61mAUndET8_7_0:00:22.068000_0:00:23.989000 été rendre visite à maxence et aussi à amis
french/data/FR_B1_B2/Video/Y61mAUndET8/Y61mAUndET8_8_0:00:24.010000_0:00:41.710000 du coup ça chauffé un petit peu à partir à malte et mexpatrier et aussi créer une société à létranger pour vraiment sécuriser mon patrimoine et pouvoir développer mon business sans me faire trop imposer par tout en état aussi couvert au niveau de la santé avec le contrat santé internationale
french/data/FR_B1_B2/Video/Y61mAUndET8/Y61mAUndET8_9_0:00:42.090000_0:00:44.539000 ce que fait que rejoint patrimoine en or
french/data/FR_B1_B2/Video/YzVBnl_zp2Y/YzVBnl_zp2Y_0_0:00:00.870000_0:00:02.169000 joyeux noël à tous
french/data/FR_B1_B2/Video/YzVBnl_zp2Y/YzVBnl_zp2Y_10_0:01:18.900000_0:01:38.730000 on appuie nos proches nos voisins et ceux qui sont dans le besoin on puise notre force dans nos différences et on célèbre tout ce que nous partageons et on fait notre part pour aider les autres et améliorer la vie des gens qui nous entourent parce que ça le véritable esprit de noël et de notre pays
french/data/FR_B1_B2/Video/YzVBnl_zp2Y/YzVBnl_zp2Y_11_0:01:39.409000_0:01:48.359000 alors en cette période des fêtes faisons preuve de solidarité célébrons les autres et continuons de bâtir ensemble un avenir meilleur
french/data/FR_B1_B2/Video/YzVBnl_zp2Y/YzVBnl_zp2Y_12_0:01:49.359000_0:01:58.879000 de notre famille à la vôtre sophie xavier hadrien et moi vous souhaitons bonheur santé amour et paix en cette période des fêtes
french/data/FR_B1_B2/Video/YzVBnl_zp2Y/YzVBnl_zp2Y_1_0:00:03.560000_0:00:09.289000 nous nous réunissons avec les chrétiens au canada et à travers le monde pour célébrer la naissance de jésus christ
french/data/FR_B1_B2/Video/YzVBnl_zp2Y/YzVBnl_zp2Y_2_0:00:10.480000_0:00:21.280000 de répandre la joie les bonheurs de la saison et de prendre part à nos traditions que ce soit en ouvrant nos cadeaux en faisant le sapin ou en préparant des biscuits pour le père noël
french/data/FR_B1_B2/Video/YzVBnl_zp2Y/YzVBnl_zp2Y_3_0:00:22.219000_0:00:35.570000 bout à du pays est arrivé et ici au canada nous avons toujours su garder le sourire pendant les journées froides et les longues nuits parce que le temps des fêtes le moment la vie de ceux qui nous entourent
french/data/FR_B1_B2/Video/YzVBnl_zp2Y/YzVBnl_zp2Y_4_0:00:36.039000_0:00:40.009000 cela dit ça peut aussi être une période difficile pour certaines familles
french/data/FR_B1_B2/Video/YzVBnl_zp2Y/YzVBnl_zp2Y_5_0:00:40.560000_0:00:47.729000 pour les membres des forces armées canadiennes qui sont loin de la maison un autre exemple de nombreux sacrifices et leurs familles font
french/data/FR_B1_B2/Video/YzVBnl_zp2Y/YzVBnl_zp2Y_6_0:00:48.320000_0:00:52.350000 on pense à vous et on est reconnaissant de tout ce que vous faites pour les canadiens
french/data/FR_B1_B2/Video/YzVBnl_zp2Y/YzVBnl_zp2Y_7_0:00:53.259000_0:00:58.399000 on pense aussi aux familles qui travaillent fort mais qui ont du mal à joindre les deux bouts ce noël
french/data/FR_B1_B2/Video/YzVBnl_zp2Y/YzVBnl_zp2Y_8_0:00:59.060000_0:01:13.269000 notre gouvernement travaille fort pour vous aider que ce soit en introduisant la toute première stratégie nationale sur le logement en appuyant les aînés ou en mettant plus dans les poches de neuf familles sur dix grâce à canadienne pour enfants
french/data/FR_B1_B2/Video/YzVBnl_zp2Y/YzVBnl_zp2Y_9_0:01:13.859000_0:01:18.400000 on est toujours avec vous parce que ce que les canadiens ont de faire
french/data/FR_B1_B2/Video/ZCI1GMHPXkE/ZCI1GMHPXkE_0_0:00:00.160000_0:00:03.319000 je laetitia colombani je suis auteure et cinéaste
french/data/FR_B1_B2/Video/ZCI1GMHPXkE/ZCI1GMHPXkE_10_0:01:06.269000_0:01:08.849000 elle voulait se rendre utile aider les démunis
french/data/FR_B1_B2/Video/ZCI1GMHPXkE/ZCI1GMHPXkE_11_0:01:09.230000_0:01:18.459000 et cette femme en a décidé de fonder un immense foyer pour recueillir toutes les femmes qui en avaient besoin qui pas de toit
french/data/FR_B1_B2/Video/ZCI1GMHPXkE/ZCI1GMHPXkE_13_0:01:32.540000_0:01:37.697000 jai eu lidée décrire le roman un jour où je me baladais dans le xie arrondissement
french/data/FR_B1_B2/Video/ZCI1GMHPXkE/ZCI1GMHPXkE_14_0:01:37.849000_0:01:42.739000 je me suis perdue et je me suis retrouvée devant cet immense bâtiment nommé palais de la femme
french/data/FR_B1_B2/Video/ZCI1GMHPXkE/ZCI1GMHPXkE_15_0:01:43.109000_0:01:48.794000 le terme palais qui intriguée eu envie savoir plus jai fait des recherches sur le lieu
french/data/FR_B1_B2/Video/ZCI1GMHPXkE/ZCI1GMHPXkE_16_0:01:49.019000_0:02:00.879000 et puis écrit à la directrice sophie chevillotte qui ouvert grand les portes du palais elle fait visiter elle présenté les résidentes elle présenté aussi les employés les bénévoles les permanents
french/data/FR_B1_B2/Video/ZCI1GMHPXkE/ZCI1GMHPXkE_17_0:02:00.900000_0:02:09.939000 et recueilli des témoignages des informations des moments de vie je me suis accoutumée à cet endroit avant de commencer à écrire
french/data/FR_B1_B2/Video/ZCI1GMHPXkE/ZCI1GMHPXkE_18_0:02:10.099000_0:02:15.300000 il y a une forme de sororité je trouve entre toutes ces personnalités si différentes
french/data/FR_B1_B2/Video/ZCI1GMHPXkE/ZCI1GMHPXkE_19_0:02:15.639000_0:02:18.139000 on parle plus de langues différentes au palais de la femme
french/data/FR_B1_B2/Video/ZCI1GMHPXkE/ZCI1GMHPXkE_1_0:00:03.980000_0:00:09.259000 publié un premier roman la tresse et je suis là pour vous présenter mon deuxième roman les victorieuses
french/data/FR_B1_B2/Video/ZCI1GMHPXkE/ZCI1GMHPXkE_20_0:02:18.680000_0:02:23.460000 où on se reconstruit où on se redresse après un moment difficile
french/data/FR_B1_B2/Video/ZCI1GMHPXkE/ZCI1GMHPXkE_21_0:02:23.659000_0:02:28.990000 et toute cette vie en communauté beaucoup intéressée
french/data/FR_B1_B2/Video/ZCI1GMHPXkE/ZCI1GMHPXkE_22_0:02:29.280000_0:02:34.062000 je me suis toujours sentie extrêmement concernée par la condition de vie des femmes dans le monde
french/data/FR_B1_B2/Video/ZCI1GMHPXkE/ZCI1GMHPXkE_23_0:02:34.750000_0:02:39.780000 vrai que après la tresse envie de aux femmes de notre société
french/data/FR_B1_B2/Video/ZCI1GMHPXkE/ZCI1GMHPXkE_24_0:02:40.069000_0:02:44.379000 pour la tresse je suis partie très très loin étudié les sociétés indienne sicilienne candienne
french/data/FR_B1_B2/Video/ZCI1GMHPXkE/ZCI1GMHPXkE_25_0:02:44.990000_0:02:56.599000 pour ce les victorieuses je voulais sur ce qui se passe maintenant chez nous et notamment sur les femmes qui sont mises à la marge de la société qui sont parfois laissées pour compte
french/data/FR_B1_B2/Video/ZCI1GMHPXkE/ZCI1GMHPXkE_26_0:02:56.900000_0:03:03.419000 on peut légitimement penser que les femmes pourraient être préservées protégées notamment de la pauvreté de la précarité de la violence
french/data/FR_B1_B2/Video/ZCI1GMHPXkE/ZCI1GMHPXkE_27_0:03:03.509000_0:03:05.409000 au contraire elles sont les premières exposées
french/data/FR_B1_B2/Video/ZCI1GMHPXkE/ZCI1GMHPXkE_28_0:03:05.659000_0:03:19.530000 et les victorieuses est un roman qui explore cette quand commencé à écrire mon premier roman la tresse mis un petit peu de temps à trouver ma voix à trouver le rythme à trouver la musique des mots
french/data/FR_B1_B2/Video/ZCI1GMHPXkE/ZCI1GMHPXkE_29_0:03:20.129000_0:03:32.930000 venu au fil de et quand eu le sentiment de trouver ça je me suis sentie portée éprouvé un plaisir infini à rentrer vraiment dans une forme de musicalité
french/data/FR_B1_B2/Video/ZCI1GMHPXkE/ZCI1GMHPXkE_30_0:03:33.590000_0:03:36.340000 et ce que retrouvé ici pour les victorieuses
french/data/FR_B1_B2/Video/ZCI1GMHPXkE/ZCI1GMHPXkE_31_0:03:36.719000_0:03:46.030000 trouvé dans romanesque une liberté très grande que je pas forcément trouvée au cinéma où il y a beaucoup de contraintes de budget etc
french/data/FR_B1_B2/Video/ZCI1GMHPXkE/ZCI1GMHPXkE_32_0:03:46.879000_0:03:57.169000 là seul coup que par sa plume on puisse explorer des univers des problématiques donner à voir aussi certaines réalités quelque chose qui me plaît énormément
french/data/FR_B1_B2/Video/ZCI1GMHPXkE/ZCI1GMHPXkE_33_0:03:57.539000_0:04:05.490000 et je dois dire que très enthousiaste qui a été réservé à la tresse beaucoup surprise et puis a été pour moi une forme
french/data/FR_B1_B2/Video/ZCI1GMHPXkE/ZCI1GMHPXkE_34_0:04:07.060000_0:04:14.050000 très envie de poursuivre de continuer et je dois dire que dès que la tresse est sorti je me suis mise tout de suite à des victorieuses
french/data/FR_B1_B2/Video/ZCI1GMHPXkE/ZCI1GMHPXkE_35_0:04:14.479000_0:04:20.089000 tout de suite voulu replonger dans de romans parce que une expérience qui profondément nourrie et comblée
french/data/FR_B1_B2/Video/ZCI1GMHPXkE/ZCI1GMHPXkE_3_0:00:15.699000_0:00:19.460000 solène qui vit à paris qui est avocate qui est victime
french/data/FR_B1_B2/Video/ZCI1GMHPXkE/ZCI1GMHPXkE_4_0:00:20.500000_0:00:24.079000 une femme qui en apparence a tout réussi et qui du jour au lendemain
french/data/FR_B1_B2/Video/ZCI1GMHPXkE/ZCI1GMHPXkE_5_0:00:24.739000_0:00:29.359000 son psychiatre lui conseille de se tourner vers le bénévolat de se tourner vers les autres pour sortir
french/data/FR_B1_B2/Video/ZCI1GMHPXkE/ZCI1GMHPXkE_6_0:00:30.359000_0:00:39.689000 et solène va accepter une mission public et va être envoyée au palais de la femme gigantesque foyer pour les femmes qui est situé en plein coeur de paris
french/data/FR_B1_B2/Video/ZCI1GMHPXkE/ZCI1GMHPXkE_7_0:00:39.859000_0:00:48.719000 et elle va découvrir là une petite communauté très insolite composée de femmes qui viennent de tous les pays qui viennent de tous les horizons
french/data/FR_B1_B2/Video/ZCI1GMHPXkE/ZCI1GMHPXkE_8_0:00:49.439000_0:00:55.810000 ce sont des femmes qui ont été abîmées par la vie qui avaient besoin refuge abri et qui sont toutes là pour se reconstruire
french/data/FR_B1_B2/Video/ZCI1GMHPXkE/ZCI1GMHPXkE_9_0:00:55.979000_0:01:05.969000 et héroïne blanche blanche peyron une femme qui a réellement existé qui est née au xixe siècle et qui a dédié toute sa vie à du salut
french/data/FR_B1_B2/Video/ZgRXxTfWwvY/ZgRXxTfWwvY_0_0:00:11_0:00:16.870000 mon nom est émilie laramée traduit le livre décrocher son diplôme et de ses rêves pour les presses de
french/data/FR_B1_B2/Video/ZgRXxTfWwvY/ZgRXxTfWwvY_2_0:00:25.109000_0:00:26.149000 que traduite
french/data/FR_B1_B2/Video/ZgRXxTfWwvY/ZgRXxTfWwvY_3_0:00:27.208000_0:00:36.560000 au détour conversation avec un de mes professeurs alors que au bac que appris que les presses cherchaient pour traduire le livre
french/data/FR_B1_B2/Video/ZgRXxTfWwvY/ZgRXxTfWwvY_4_0:00:36.560000_0:00:41.810000 donc que sauté sur et mon professeur fait confiance pour le faire
french/data/FR_B1_B2/Video/ZgRXxTfWwvY/ZgRXxTfWwvY_5_0:00:42.509000_0:00:47.609000 donc un livre qui est un guide pour des étudiants qui font des études postsecondaires
french/data/FR_B1_B2/Video/ZgRXxTfWwvY/ZgRXxTfWwvY_6_0:00:48.868000_0:01:06.480000 un livre qui est remplit de bon sens donc qui très pratico pratique et qui nous rappelle que les études un endroit pour acquérir des connaissances mais aussi pour les mettre en pratique et surtout découvrir ce aime dans la vie si on ne le sait pas encore
french/data/FR_B1_B2/Video/ZgRXxTfWwvY/ZgRXxTfWwvY_7_0:01:07.280000_0:01:14.659000 donc selon les auteurs ce qui est important pour réussir ses études et réussir et décrocher un bon emploi et être heureux de faire aime
french/data/FR_B1_B2/Video/ZgRXxTfWwvY/ZgRXxTfWwvY_8_0:01:14.659000_0:01:23.810000 donc ici on développe les compétences à même si on fait des erreurs on a plus de chances de trouver un emploi qui va nous rendre heureux par la suite
french/data/FR_B1_B2/Video/c0OVcuAtw1c/c0OVcuAtw1c_0_0:00:00.560000_0:00:01.600000 bonjour tout le monde
french/data/FR_B1_B2/Video/c0OVcuAtw1c/c0OVcuAtw1c_1_0:00:01.851000_0:00:08.448000 il est difficile de croire que ça fait mois que je suis venue travailler pour la première fois dans ce bureau
french/data/FR_B1_B2/Video/c0OVcuAtw1c/c0OVcuAtw1c_2_0:00:08.948000_0:00:13.319000 beaucoup de choses se sont passées depuis au canada et dans le monde entier
french/data/FR_B1_B2/Video/c0OVcuAtw1c/c0OVcuAtw1c_3_0:00:13.740000_0:00:24.650000 et pendant tout ce temps notre équipe conservatrice a été une voix forte pour les contribuables partout au pays contre un gouvernement libéral arrogant et déconnecté
french/data/FR_B1_B2/Video/c0OVcuAtw1c/c0OVcuAtw1c_4_0:00:25.131000_0:00:36.844000 mais rien de tout ça ne serait possible sans le dur travail et le soutien de mon caucus ici à ottawa et des membres du personnel et des bénévoles dans tout le pays
french/data/FR_B1_B2/Video/c0OVcuAtw1c/c0OVcuAtw1c_5_0:00:37.488000_0:00:50.051000 mais tout je tiens à remercier chacun vous ici sur facebook qui avez regardé commenté et partagé des vidéos comme cette dernière année et demie
french/data/FR_B1_B2/Video/c0OVcuAtw1c/c0OVcuAtw1c_6_0:00:50.700000_0:00:56.768000 grâce à vous que notre message résonne auprès des canadiens et des canadiennes partout au pays
french/data/FR_B1_B2/Video/c0OVcuAtw1c/c0OVcuAtw1c_7_0:00:57.226000_0:01:08.992000 mes amis ce fut un privilège de pouvoir rencontrer un si grand nombre vous ici et je suis comblée par les manifestations que vous me témoignez cette dernière semaine
french/data/FR_B1_B2/Video/c0OVcuAtw1c/c0OVcuAtw1c_8_0:01:09.182000_0:01:14.387000 donc pour la dernière fois dans ce bureau je veux vous dire merci
french/data/FR_B1_B2/Video/cFQ0gL1kTIs/cFQ0gL1kTIs_0_0:00:00.949000_0:00:07.040000 vous posez des questions à votre enfant il ne vous répond pas ou il vous répond systématiquement ne sait pas
french/data/FR_B1_B2/Video/cFQ0gL1kTIs/cFQ0gL1kTIs_10_0:00:48.359000_0:00:53.289000 votre enfant vit dans un univers dont il ne connaît pas tous les codes voir aucun code
french/data/FR_B1_B2/Video/cFQ0gL1kTIs/cFQ0gL1kTIs_11_0:00:54.200000_0:00:56.240000 comment ça va ne veut rien dire pour lui
french/data/FR_B1_B2/Video/cFQ0gL1kTIs/cFQ0gL1kTIs_12_0:00:56.829000_0:01:04.310000 votre enfant a besoin de concret alors est verbal et ne vous répond pas essayez plutôt de lui poser des questions concrètes
french/data/FR_B1_B2/Video/cFQ0gL1kTIs/cFQ0gL1kTIs_13_0:01:04.609000_0:01:08.458000 exemple as tu joué dans la cour de récréation avec tes copains
french/data/FR_B1_B2/Video/cFQ0gL1kTIs/cFQ0gL1kTIs_14_0:01:08.522000_0:01:13.989000 as tu parlé à et là vous citez des prénoms denfants dans sa classe par exemple
french/data/FR_B1_B2/Video/cFQ0gL1kTIs/cFQ0gL1kTIs_15_0:01:14.599000_0:01:21.861000 ou vous pouvez demander a parlé à la maîtresse a écrit quelque chose sur son cahier sil a mangé son goûter
french/data/FR_B1_B2/Video/cFQ0gL1kTIs/cFQ0gL1kTIs_16_0:01:21.934000_0:01:25.844000 et sil nest pas verbal vous pouvez aussi lui poser des questions
french/data/FR_B1_B2/Video/cFQ0gL1kTIs/cFQ0gL1kTIs_17_0:01:26.480000_0:01:28.189000 ca lui montre votre intérêt pour lui
french/data/FR_B1_B2/Video/cFQ0gL1kTIs/cFQ0gL1kTIs_18_0:01:29.439000_0:01:42.149000 il est vrai que lorsque commencé à appliquer cette tactique juste des oui ou des non mais au moins une réponse différente et plus spécifique réponse ou un éternel je sais pas
french/data/FR_B1_B2/Video/cFQ0gL1kTIs/cFQ0gL1kTIs_19_0:01:43.509000_0:01:51.260000 si vous avez aimé ce conseil cliquez sur le bouton et partagez cette vidéo avec une maman pour laquelle vous pensez que ce contenu lui sera bénéfique
french/data/FR_B1_B2/Video/cFQ0gL1kTIs/cFQ0gL1kTIs_1_0:00:07.990000_0:00:10.278000 ca vous frustre car vos échanges sont limités
french/data/FR_B1_B2/Video/cFQ0gL1kTIs/cFQ0gL1kTIs_2_0:00:10.788000_0:00:19.958000 bonjour je suis caroline spécialisée dans la nutrition de lenfant et de ladulte avec tsa je suis également coach de vie pour les mamans extraordinaire
french/data/FR_B1_B2/Video/cFQ0gL1kTIs/cFQ0gL1kTIs_3_0:00:20.789000_0:00:27.829000 avant de vous en dire plus je vous invite à vous abonner à ma chaîne et à cliquer sur la petite cloche pour être informée des futurs vidéos
french/data/FR_B1_B2/Video/cFQ0gL1kTIs/cFQ0gL1kTIs_4_0:00:28.699000_0:00:36.200000 votre enfant rentre de de ou autr ne vous est il jamais arrivé de lui poser la fameuse question comment ça va
french/data/FR_B1_B2/Video/cFQ0gL1kTIs/cFQ0gL1kTIs_5_0:00:36.200000_0:00:37.380000 ca bien passé
french/data/FR_B1_B2/Video/cFQ0gL1kTIs/cFQ0gL1kTIs_6_0:00:38.409000_0:00:39.509000 ou fais
french/data/FR_B1_B2/Video/cFQ0gL1kTIs/cFQ0gL1kTIs_7_0:00:39.950000_0:00:44.729000 et votre enfant ne vous répond pas ou alors il vous répond je sais pas
french/data/FR_B1_B2/Video/cFQ0gL1kTIs/cFQ0gL1kTIs_8_0:00:45.479000_0:00:47.209000 vraiment une question à éviter de poser
french/data/FR_B1_B2/Video/cRUUwfeJBPk/cRUUwfeJBPk_0_0:00:01.760000_0:00:08.460000 dans le dispositif daide de lanah pour lutter contre la précarité énergétique joue un rôle important
french/data/FR_B1_B2/Video/cRUUwfeJBPk/cRUUwfeJBPk_1_0:00:09.099000_0:00:11.939000 les entreprises doivent se rapprocher de leurs clients
french/data/FR_B1_B2/Video/cRUUwfeJBPk/cRUUwfeJBPk_2_0:00:12.109000_0:00:19.080000 elles doivent faire en sorte de comprendre que ce sont des clients qui connaissent des difficultés financières notamment pour se chauffer
french/data/FR_B1_B2/Video/cRUUwfeJBPk/cRUUwfeJBPk_3_0:00:20.019000_0:00:35.652000 elles devront mieux expliquer les dossiers leur donner la possibilité de comprendre comment on va arriver à des solutions convenables en ce qui concerne le montage du dossier et financier apporté au client ne pourra pas résoudre tout seul
french/data/FR_B1_B2/Video/cRUUwfeJBPk/cRUUwfeJBPk_4_0:00:36.698000_0:00:38.848000 il faut absolument que ce problème soit résolu
french/data/FR_B1_B2/Video/cRUUwfeJBPk/cRUUwfeJBPk_5_0:00:39.109000_0:00:52.899000 il faut que les entreprises pas de difficultés pour recevoir les argents difficultés qui provoquent trop de différence entre la recette et les dépenses qui fait fin de compte ils ne sont pas confiants sur le marché
french/data/FR_B1_B2/Video/cRUUwfeJBPk/cRUUwfeJBPk_6_0:00:53.310000_0:01:01.689000 a actuelle il y a des choses à revoir et il faut que les administratifs bougent dans ce domaine
french/data/FR_B1_B2/Video/d3sTfV9tA-Q/d3sTfV9tA-Q_0_0:00:00.370000_0:00:05.019000 je suis codirigeante entreprise familiale que repris avec mon frère en
french/data/FR_B1_B2/Video/d3sTfV9tA-Q/d3sTfV9tA-Q_10_0:01:17.060000_0:01:22.159000 cest lui qui soccupe régulièrement de lentretien pour entretenir nos véhicules
french/data/FR_B1_B2/Video/d3sTfV9tA-Q/d3sTfV9tA-Q_11_0:01:22.289000_0:01:24.438000 nous la direction on choisit aussi en amont
french/data/FR_B1_B2/Video/d3sTfV9tA-Q/d3sTfV9tA-Q_12_0:01:24.438000_0:01:28.759000 on choisit des véhicules plutôt performants au niveau consommation
french/data/FR_B1_B2/Video/d3sTfV9tA-Q/d3sTfV9tA-Q_13_0:01:28.819000_0:01:38.091000 du coup on essaye de garder un parc qui a moins de ans pour être toujours aux dernières technologies sur les consommations
french/data/FR_B1_B2/Video/d3sTfV9tA-Q/d3sTfV9tA-Q_14_0:01:38.930000_0:01:48.439000 toujours dans la démarche charpente et suite au bilan carbone on aperçu que sur les déchets on pouvait travailler différemment de ce que faisait
french/data/FR_B1_B2/Video/d3sTfV9tA-Q/d3sTfV9tA-Q_15_0:01:49.108000_0:01:59.129000 a savoir que tous nos déchets étaient retraités par un prestataire extérieur et on avait pas mal de déchets qui étaient des déchets de bois traité
french/data/FR_B1_B2/Video/d3sTfV9tA-Q/d3sTfV9tA-Q_16_0:01:59.759000_0:02:10 donc sur ans on a étalé un programme pour essayer de voir comment on pouvait faire pour acheter du bois non traité et ne traiter que ce qui était nécessaire
french/data/FR_B1_B2/Video/d3sTfV9tA-Q/d3sTfV9tA-Q_17_0:02:10.688000_0:02:22.889000 donc on a investi sur une cabine qui a de concentrer très peu de produit de traitement et on traite juste ce qui va être posé et pas de nos bois alors on achetait des bois tous traités
french/data/FR_B1_B2/Video/d3sTfV9tA-Q/d3sTfV9tA-Q_18_0:02:22.949000_0:02:27.080000 auprès de nos clients ces actions sont valorisées de deux façons
french/data/FR_B1_B2/Video/d3sTfV9tA-Q/d3sTfV9tA-Q_19_0:02:27.469000_0:02:31.659000 on travaille sur des marchés publics et privés
french/data/FR_B1_B2/Video/d3sTfV9tA-Q/d3sTfV9tA-Q_1_0:00:06.200000_0:00:07.429000 existe depuis ans
french/data/FR_B1_B2/Video/d3sTfV9tA-Q/d3sTfV9tA-Q_20_0:02:32.250000_0:02:36.090000 du coup on fournit des mémoires techniques à de nos offres
french/data/FR_B1_B2/Video/d3sTfV9tA-Q/d3sTfV9tA-Q_21_0:02:37.318000_0:02:45.400000 dans les mémoires sont déclinés ce que a fait sur les déchets sur les véhicules sur les achats de bois aussi le fait que soit certifiés
french/data/FR_B1_B2/Video/d3sTfV9tA-Q/d3sTfV9tA-Q_22_0:02:45.840000_0:02:53.360000 tout cela est expliqué dans notre mémoire technique et on sert aussi comme appui commercial quand on est en démarchage
french/data/FR_B1_B2/Video/d3sTfV9tA-Q/d3sTfV9tA-Q_23_0:02:54.299000_0:03:05.299000 sur les clients particuliers on essaye de les emmener le plus possible en visite dans pour cela aussi que dans on fait attention au niveau de et de la propreté du site
french/data/FR_B1_B2/Video/d3sTfV9tA-Q/d3sTfV9tA-Q_24_0:03:05.658000_0:03:10.259000 on les incite à venir nous visiter et on leur explique fait tous ces points tout ce a mis en place
french/data/FR_B1_B2/Video/d3sTfV9tA-Q/d3sTfV9tA-Q_25_0:03:10.310000_0:03:13.614000 eux ça les rassure pour le projet quils vont faire avec nous derrière
french/data/FR_B1_B2/Video/d3sTfV9tA-Q/d3sTfV9tA-Q_2_0:00:08.240000_0:00:16.399000 quand on a repris mon frère et moi avons souhaité par nos expériences entamer une démarche environnementale
french/data/FR_B1_B2/Video/d3sTfV9tA-Q/d3sTfV9tA-Q_3_0:00:16.489000_0:00:27.289000 donc on a commencé par adhérer à une charte qui construction bois et dans cette charte on avait notamment un volet bilan carbone à effectuer
french/data/FR_B1_B2/Video/d3sTfV9tA-Q/d3sTfV9tA-Q_4_0:00:28.160000_0:00:29.969000 donc on a effectué ce bilan carbone en
french/data/FR_B1_B2/Video/d3sTfV9tA-Q/d3sTfV9tA-Q_5_0:00:30.780000_0:00:35.829000 les résultats sont arrivés début avec notamment des conclusions et des points sur lesquels on devait travailler
french/data/FR_B1_B2/Video/d3sTfV9tA-Q/d3sTfV9tA-Q_6_0:00:36.679000_0:00:51.960000 on aperçu que la première chose nos achats de bois puisque part nous pas de certification sur les bois que nous achetions et part on achetait des bois majoritairement à de la france
french/data/FR_B1_B2/Video/d3sTfV9tA-Q/d3sTfV9tA-Q_7_0:00:52.009000_0:00:57.789000 donc on a travaillé les deux points déjà en se faisant certifier on a choisi le label pefc
french/data/FR_B1_B2/Video/d3sTfV9tA-Q/d3sTfV9tA-Q_8_0:00:58.549000_0:01:10.289000 on aperçu que nos déplacements impactaient énormément notre bilan carbone donc on a mis en place un suivi de notre flotte véhicules
french/data/FR_B1_B2/Video/d3sTfV9tA-Q/d3sTfV9tA-Q_9_0:01:11.728000_0:01:17.009000 on a embauché une personne qui occupe et qui a aussi un autre poste qui est magasinier
french/data/FR_B1_B2/Video/fJdlwQAzPg4/fJdlwQAzPg4_0_0:00:09.980000_0:00:11.849000 vivre en immersion dans la jungle amazonienne
french/data/FR_B1_B2/Video/fJdlwQAzPg4/fJdlwQAzPg4_10_0:00:37.079000_0:00:38.969000 avec notre startup tout le monde est
french/data/FR_B1_B2/Video/fJdlwQAzPg4/fJdlwQAzPg4_11_0:00:39.520000_0:00:42.311000 les voyageurs les populations locales et lenvironnement
french/data/FR_B1_B2/Video/fJdlwQAzPg4/fJdlwQAzPg4_12_0:00:42.539000_0:00:47.429000 avec odysway vivez des expériences insolites uniques et qui vous marqueront à vie
french/data/FR_B1_B2/Video/fJdlwQAzPg4/fJdlwQAzPg4_13_0:00:47.789000_0:00:49.149000 merci de écouté bout
french/data/FR_B1_B2/Video/fJdlwQAzPg4/fJdlwQAzPg4_14_0:00:49.240000_0:00:51.960000 pour découvrir les fonds récoltés par ma vidéo cliquez ici
french/data/FR_B1_B2/Video/fJdlwQAzPg4/fJdlwQAzPg4_1_0:00:12.330000_0:00:14.630000 effectuer une retraite spirituelle avec un chamane
french/data/FR_B1_B2/Video/fJdlwQAzPg4/fJdlwQAzPg4_6_0:00:21.789000_0:00:27.100000 envie de créer une plateforme innovante qui propose des expériences insolites uniques et partout dans le monde
french/data/FR_B1_B2/Video/fJdlwQAzPg4/fJdlwQAzPg4_8_0:00:29.420000_0:00:32.579000 odysway aussi pour un tourisme solidaire et respectueux de
french/data/FR_B1_B2/Video/fJdlwQAzPg4/fJdlwQAzPg4_9_0:00:33.399000_0:00:36.706000 pour chaque expérience nous reversons de nos bénéfices à des projets locauxnbsp
french/data/FR_B1_B2/Video/hDoHW1sj3QU/hDoHW1sj3QU_0_0:00:00.580000_0:00:05.429000 lire des magazines des journaux économiques pour pouvoir réussir en bourse correctement
french/data/FR_B1_B2/Video/hDoHW1sj3QU/hDoHW1sj3QU_1_0:00:05.910000_0:00:20.120000 il y a une quinzaine je lisais beaucoup de magazines de revues etc comme par exemple challenge mieux vivre votre argent mieux vivre immobilier je crois que ça plus maintenant ça appartenait à mieux vivre votre argent investir les journaux financial times etc
french/data/FR_B1_B2/Video/hDoHW1sj3QU/hDoHW1sj3QU_2_0:00:21.160000_0:00:30.190000 appris beaucoup de choses sur premièrement la scène économique sur la scène politique aussi par contre pour la bourse là beaucoup plus catastrophique
french/data/FR_B1_B2/Video/hDoHW1sj3QU/hDoHW1sj3QU_3_0:00:30.670000_0:00:37.700000 tous ces magazines ces journaux sont pratiques pour comprendre les mécanismes de la bourse à dire les actifs le fonctionnement des marchés financiers
french/data/FR_B1_B2/Video/hDoHW1sj3QU/hDoHW1sj3QU_4_0:00:37.770000_0:00:42.310000 mais surtout pas pour obtenir des recommandations pourquoi
french/data/FR_B1_B2/Video/hDoHW1sj3QU/hDoHW1sj3QU_5_0:00:42.310000_0:00:45.729000 parce que ces recommandations sont données au sein de quelle stratégie
french/data/FR_B1_B2/Video/hDoHW1sj3QU/hDoHW1sj3QU_7_0:00:47.609000_0:00:48.820000 donc absolument pas bon
french/data/FR_B1_B2/Video/hDoHW1sj3QU/hDoHW1sj3QU_8_0:00:48.840000_0:00:50.560000 vous devez oublier tous ces magazines
french/data/FR_B1_B2/Video/hDoHW1sj3QU/hDoHW1sj3QU_9_0:00:50.579000_0:01:00.210000 pour ça vous devez avoir votre propre stratégie votre propre méthode vous faire votre propre opinion pour pouvoir ouvrir des positions à et clôturer vos positions à la vente par la suite
french/data/FR_B1_B2/Video/lTtwoozlYJk/lTtwoozlYJk_0_0:00:00.030000_0:00:05.827000 mon bac stg en poche à de ans je pas de concept innovant pas de projet en tête mais javais lambition de réussir
french/data/FR_B1_B2/Video/lTtwoozlYJk/lTtwoozlYJk_2_0:00:14.140000_0:00:19.342000 sfam ma offert ma chance au travers dun bts en alternance que jai effectué durant deux ans
french/data/FR_B1_B2/Video/lTtwoozlYJk/lTtwoozlYJk_3_0:00:19.579000_0:00:25.719000 par la confiance que donnée la sfam jai pu acquérir diverses compétences détermination maturité et confiance en soi
french/data/FR_B1_B2/Video/lTtwoozlYJk/lTtwoozlYJk_4_0:00:26.160000_0:00:29.460000 décroché mon premier cdi à de ans en tant que téléconseiller
french/data/FR_B1_B2/Video/lTtwoozlYJk/lTtwoozlYJk_5_0:00:29.820000_0:00:36.729000 rester déterminé avoir son objectif en tête et surtout faire confiance en la société permis à de ans de devenir superviseur plateforme
french/data/FR_B1_B2/Video/lTtwoozlYJk/lTtwoozlYJk_6_0:00:38.210000_0:00:39.509000 ans et ne fait que commencer
french/data/FR_B1_B2/Video/mlqT1uFQxXc/mlqT1uFQxXc_0_0:00:00.502000_0:00:06.171000 je parle de notre vision conservatrice positive avec des canadiens partout au pays cet été
french/data/FR_B1_B2/Video/mlqT1uFQxXc/mlqT1uFQxXc_1_0:00:06.708000_0:00:12.044000 et beaucoup de gens qui se préoccupent de tout que justin trudeau dépense
french/data/FR_B1_B2/Video/mlqT1uFQxXc/mlqT1uFQxXc_2_0:00:12.567000_0:00:18.315000 le déficit est trois fois plus élevé que ce a promis en campagne électorale
french/data/FR_B1_B2/Video/mlqT1uFQxXc/mlqT1uFQxXc_3_0:00:19.044000_0:00:23.222000 et le budget ne sera pas équilibré avant ans
french/data/FR_B1_B2/Video/mlqT1uFQxXc/mlqT1uFQxXc_4_0:00:24.103000_0:00:26.844000 ce pas question de bilan financier
french/data/FR_B1_B2/Video/mlqT1uFQxXc/mlqT1uFQxXc_5_0:00:27.763000_0:00:32.914000 emprunté doit être remboursé et les taux augmentent
french/data/FR_B1_B2/Video/mlqT1uFQxXc/mlqT1uFQxXc_6_0:00:33.692000_0:00:39.414000 vos impôts ne devraient pas servir à payer les intérêts des dettes de justin trudeau
french/data/FR_B1_B2/Video/mlqT1uFQxXc/mlqT1uFQxXc_7_0:00:40.093000_0:00:45.174000 les conservateurs savent ne peut pas dépenser plus que ce a
french/data/FR_B1_B2/Video/mlqT1uFQxXc/mlqT1uFQxXc_8_0:00:46.128000_0:00:47.508000 pourquoi nous croyons à
french/data/FR_B1_B2/Video/qY3-aFRQToA/qY3-aFRQToA_12_0:00:35.280000_0:00:38.090000 alors si tu veux la chance et de dans la salle de spectacle viens
french/data/FR_B1_B2/Video/qY3-aFRQToA/qY3-aFRQToA_19_0:00:46.600000_0:00:53.420000 sur ce je te laisse et je te souhaite une bonne journée et si tu fais partie des formidables personnes qui sont déjà venus voir le spectacle à paris merci
french/data/FR_B1_B2/Video/qY3-aFRQToA/qY3-aFRQToA_20_0:00:53.820000_0:00:55.729000 car grâce à vous que le spectacle continue
french/data/FR_B1_B2/Video/qY3-aFRQToA/qY3-aFRQToA_3_0:00:03.799000_0:00:05.519000 ouais toi aussi tu manqué
french/data/FR_B1_B2/Video/qebzQG_PHhw/qebzQG_PHhw_0_0:00:00.500000_0:00:09.569000 bonjour patricia je vais vous parler du livre tout le monde pas eu la chance de rater ses études roland et je vais vous partager toutes les transformations y a eu dans ma vie
french/data/FR_B1_B2/Video/qebzQG_PHhw/qebzQG_PHhw_10_0:00:59.240000_0:01:11.459000 je travaille depuis quasiment ans dans une grande banque française et bien évidemment avec un salaire confortable des avantages confortables et le fait de quitter tout ça me faisait peur
french/data/FR_B1_B2/Video/qebzQG_PHhw/qebzQG_PHhw_11_0:01:12.019000_0:01:22.370000 ce livre vraiment fait prendre conscience que pouvait se reconvertir à quel âge apprendre un nouveau métier à quel âge et vivre de sa passion à quel âge
french/data/FR_B1_B2/Video/qebzQG_PHhw/qebzQG_PHhw_12_0:01:22.909000_0:01:35.138000 en suivant de nombreux conseils du livre jai commencé par me former avec des formations en ligne dont une roland des formations également en présentiel et ouvert un blog
french/data/FR_B1_B2/Video/qebzQG_PHhw/qebzQG_PHhw_13_0:01:35.239000_0:01:36.379000 donc là bourré de pépites
french/data/FR_B1_B2/Video/qebzQG_PHhw/qebzQG_PHhw_14_0:01:36.890000_0:01:39.159000 mon blog famille et couple heureux
french/data/FR_B1_B2/Video/qebzQG_PHhw/qebzQG_PHhw_15_0:01:39.680000_0:01:50.260000 et depuis septembre je me suis mis à à mon job de la banque et à je travaille grâce à mon blog
french/data/FR_B1_B2/Video/qebzQG_PHhw/qebzQG_PHhw_16_0:01:50.480000_0:01:51.530000 donc ouvert mon statut
french/data/FR_B1_B2/Video/qebzQG_PHhw/qebzQG_PHhw_17_0:01:52.560000_0:01:55.140000 mon blog commence à devenir de plus en plus rémunérateur
french/data/FR_B1_B2/Video/qebzQG_PHhw/qebzQG_PHhw_18_0:01:55.400000_0:01:58.959000 et en objectif de vivre à de mon blog à la fin de
french/data/FR_B1_B2/Video/qebzQG_PHhw/qebzQG_PHhw_19_0:02:00.790000_0:02:03.719000 donc là encore un grand pas pour moi
french/data/FR_B1_B2/Video/qebzQG_PHhw/qebzQG_PHhw_1_0:00:10_0:00:14.310000 la première grande transformation le rituel que mis en place tous les matins
french/data/FR_B1_B2/Video/qebzQG_PHhw/qebzQG_PHhw_20_0:02:04.640000_0:02:08.870000 et je pourrais même vous partager que depuis ans je jamais autant travaillé
french/data/FR_B1_B2/Video/qebzQG_PHhw/qebzQG_PHhw_21_0:02:09.240000_0:02:13.039000 et en même temps je jamais autant été aussi heureuse et épanouie
french/data/FR_B1_B2/Video/qebzQG_PHhw/qebzQG_PHhw_22_0:02:13.669000_0:02:23.419000 suivi également un des conseils qui est très bien expliqué dans le livre coupé la télévision pour gagner du temps ce temps qui est tellement précieux
french/data/FR_B1_B2/Video/qebzQG_PHhw/qebzQG_PHhw_23_0:02:23.719000_0:02:31.819000 grâce à cela je peux combiner tout ce que je fais et tout se passe très bien
french/data/FR_B1_B2/Video/qebzQG_PHhw/qebzQG_PHhw_24_0:02:32.719000_0:02:34.060000 vraiment magique
french/data/FR_B1_B2/Video/qebzQG_PHhw/qebzQG_PHhw_25_0:02:34.400000_0:02:40.960000 et le troisième point que je voudrais partager avec vous au niveau de quoi ça touche mes enfants
french/data/FR_B1_B2/Video/qebzQG_PHhw/qebzQG_PHhw_26_0:02:41.169000_0:02:45.569000 ce livre vraiment fait prendre conscience que pouvait être heureux même sans diplôme
french/data/FR_B1_B2/Video/qebzQG_PHhw/qebzQG_PHhw_27_0:02:46.020000_0:02:50.400000 et là je dis même et je sais que grâce à cette prise de conscience lâché mes enfants sur
french/data/FR_B1_B2/Video/qebzQG_PHhw/qebzQG_PHhw_29_0:02:52.979000_0:03:00.579000 et du coup comme je les laisse tranquilles ça a enlevé énormément de conflits par rapport à et leur école se passe beaucoup mieux
french/data/FR_B1_B2/Video/qebzQG_PHhw/qebzQG_PHhw_2_0:00:14.820000_0:00:22.178000 lorsque tout le monde dort encore je commence ma journée par faire minutes de méditation et je continue par faire minutes de sport
french/data/FR_B1_B2/Video/qebzQG_PHhw/qebzQG_PHhw_30_0:03:00.909000_0:03:11.800000 maintenant le message que a à la maison on leur dit vous êtes à vous faites votre cursus mais plus tard vous serez salarié vous serez entrepreneur vous qui choisirez
french/data/FR_B1_B2/Video/qebzQG_PHhw/qebzQG_PHhw_31_0:03:12.180000_0:03:14.509000 en tout cas il faut choisir la vie qui nous rend heureux
french/data/FR_B1_B2/Video/qebzQG_PHhw/qebzQG_PHhw_32_0:03:15_0:03:17.789000 je vous conseille vraiment ce livre il est bourré de pépites
french/data/FR_B1_B2/Video/qebzQG_PHhw/qebzQG_PHhw_33_0:03:18.009000_0:03:19.289000 moi il a transformé la mienne
french/data/FR_B1_B2/Video/qebzQG_PHhw/qebzQG_PHhw_34_0:03:19.340000_0:03:20.949000 merci à vous au revoir
french/data/FR_B1_B2/Video/qebzQG_PHhw/qebzQG_PHhw_3_0:00:22.390000_0:00:26.500000 donc une séquence de petits exercices qui sont très bien expliqués dans le livre
french/data/FR_B1_B2/Video/qebzQG_PHhw/qebzQG_PHhw_4_0:00:26.748000_0:00:32.768000 pour ça mis en place une petite application sur mon téléphone
french/data/FR_B1_B2/Video/qebzQG_PHhw/qebzQG_PHhw_6_0:00:35.170000_0:00:40.100000 je commence ma journée pleine et de motivation positive
french/data/FR_B1_B2/Video/qebzQG_PHhw/qebzQG_PHhw_7_0:00:40.509000_0:00:44.829000 le deuxième grand changement que ce livre a eu dans ma vie au niveau professionnel
french/data/FR_B1_B2/Video/qebzQG_PHhw/qebzQG_PHhw_8_0:00:45.079000_0:00:51.880000 il y a une phrase qui complètement chamboulé parle du piège des pantoufles en ciments
french/data/FR_B1_B2/Video/qebzQG_PHhw/qebzQG_PHhw_9_0:00:52.500000_0:00:59.189000 exactement comme ça que je me sentais dans mon entreprise piégée par la peur de piégée par la peur de quitter le salariat
french/data/FR_B1_B2/Video/xjWOgNSs5IA/xjWOgNSs5IA_0_0:00:00.250000_0:00:03.859000 bonjour tout le monde en droit civil nous allons aborder la théorie de de droit
french/data/FR_B1_B2/Video/xjWOgNSs5IA/xjWOgNSs5IA_10_0:01:23.609000_0:01:25.859000 deux arrêts majeurs encadrent la théorie de de droit
french/data/FR_B1_B2/Video/xjWOgNSs5IA/xjWOgNSs5IA_11_0:01:31.700000_0:01:36 dans lequel un propriétaire avait fait construire une fausse cheminée afin dempêcher la vue de son voisin
french/data/FR_B1_B2/Video/xjWOgNSs5IA/xjWOgNSs5IA_12_0:01:36.969000_0:01:41.420000 la cour a donc condamné le propriétaire à la destruction de la cheminée pour son intention de nuire
french/data/FR_B1_B2/Video/xjWOgNSs5IA/xjWOgNSs5IA_13_0:01:49.659000_0:01:59.950000 dans cet arrêt de principe un propriétaire avait érigé des tiges de fer sur des carcasses délimitant deux terrains sur une hauteur générale mètres afin de crever les dirigeables de son voisin
french/data/FR_B1_B2/Video/xjWOgNSs5IA/xjWOgNSs5IA_14_0:02:00.400000_0:02:05.730000 la chambre des requêtes a retenu ici de nuire du propriétaire en plus du dommage causé aux dirigeables de monsieur
french/data/FR_B1_B2/Video/xjWOgNSs5IA/xjWOgNSs5IA_15_0:02:06.849000_0:02:11.309000 la jurisprudence est venue compléter la théorie de de droit par la théorie des troubles anormaux du voisinage
french/data/FR_B1_B2/Video/xjWOgNSs5IA/xjWOgNSs5IA_16_0:02:12.620000_0:02:16.110000 un trouble anormal du voisinage se définit par un trouble anormal et excessif
french/data/FR_B1_B2/Video/xjWOgNSs5IA/xjWOgNSs5IA_17_0:02:17.020000_0:02:31.659000 la différence entre ces deux troubles tient à ce que la théorie de de droit est fondée sur une responsabilité pour faute alors que la théorie des troubles de voisinage est lapplication dune responsabilité sans faute le caractère anormal du trouble suffisant à générer la responsabilité de son auteur
french/data/FR_B1_B2/Video/xjWOgNSs5IA/xjWOgNSs5IA_18_0:02:33.050000_0:02:35.169000 tout pour merci visionné cette vidéo
french/data/FR_B1_B2/Video/xjWOgNSs5IA/xjWOgNSs5IA_1_0:00:09.339000_0:00:12.900000 la théorie de de droit trouve sa source dans le droit de propriété en théorie absolu
french/data/FR_B1_B2/Video/xjWOgNSs5IA/xjWOgNSs5IA_2_0:00:20.920000_0:00:24.271000 pourvu quon nen fasse pas un usage prohibé par la loi ou par les règlements
french/data/FR_B1_B2/Video/xjWOgNSs5IA/xjWOgNSs5IA_3_0:00:25.140000_0:00:34.890000 le droit de propriété permet donc duser dune chose de la manière dont on veut et prestation la notion de de droit se retrouve dans la maxime de cicéron qui en résume
french/data/FR_B1_B2/Video/xjWOgNSs5IA/xjWOgNSs5IA_4_0:00:37.750000_0:00:40.479000 un droit exercé à produit une extrême injustice
french/data/FR_B1_B2/Video/xjWOgNSs5IA/xjWOgNSs5IA_5_0:00:40.810000_0:00:49.539000 mais ce xxème siècle fut théorisée généralement de droit est compris comme un mauvais usage du droit de propriété
french/data/FR_B1_B2/Video/xjWOgNSs5IA/xjWOgNSs5IA_6_0:00:50.210000_0:00:59.600000 la théorie jurisprudentielle libérale retient uniquement le critère de nuire et cette intention de nuire se résume le plus souvent à labsence intérêt légitime et sérieux pour le propriétaire
french/data/FR_B1_B2/Video/xjWOgNSs5IA/xjWOgNSs5IA_7_0:01:00.789000_0:01:06.439000 louis josserand émet la seconde théorie une théorie bien plus contraignante avec un critère finaliste social
french/data/FR_B1_B2/Video/xjWOgNSs5IA/xjWOgNSs5IA_8_0:01:07.730000_0:01:17.359000 les droit subjectifs dont fait partie le droit de propriété sont des droits fonctions et le droit de propriété est légitime uniquement à partir du moment où il présente une fonction sociale
french/data/FR_B1_B2/Video/xjWOgNSs5IA/xjWOgNSs5IA_9_0:01:18_0:01:23.120000 de droit se résumerait alors à une déviation de la mission général et de la finalité sociale droit
french/data/FR_B1_B2/Video/zoWaIDaUW2s/zoWaIDaUW2s_2_0:00:19.079000_0:00:35.630000 je suis content du choix que fait en venant ici retrouvé ce que en venant des valeurs humaines de de la reconnaissance de la confiance et ça je pense que les valeurs que le groupe instaure auprès de moi et auprès de tous les autres salariés
french/data/FR_B1_B2/Video/zoWaIDaUW2s/zoWaIDaUW2s_3_0:00:38.640000_0:00:47.920000 le matin je viens avec autant envie parce que jai envie de faire plein de choses on me laisse la possibilité et la capacité de développer plein de choses on me laisse beaucoup on me fait confiance
french/data/FR_B1_B2/Video/zoWaIDaUW2s/zoWaIDaUW2s_4_0:00:50.039000_0:00:57.399000 avenir cherche moi essaye de deviner tout ce que sera le monde de demain
